03-24 16:12:18.688  4938  4938 I BlurAppSetup: App onCreate
03-24 16:12:18.698  4938  4938 I BlurAppSetup: LEAVING STATE   : SetupMap.Startup
03-24 16:12:18.698  4938  4938 I BlurAppSetup: ENTER TRANSITION: SetupMap.Startup.Start()
03-24 16:12:18.698  4938  4938 I BlurAppSetup: EXIT TRANSITION : SetupMap.Startup.Start()
03-24 16:12:18.698  4938  4938 I BlurAppSetup: ENTER STATE     : SetupMap.Ready
03-24 16:12:18.748  4517  4530 D Throttle:  [DataObserverType:com.motorola.quickview/email] Kicking callback
03-24 16:12:18.748  4517  4530 D DataObserver: doOnContentChanged for com.motorola.quickview/email, isOnStart: false
03-24 16:12:18.748 30305 30305 I ServiceManager: Waiting for service media.audio_flinger...
03-24 16:12:18.748  4938  4951 D CreateBlurAccountReceiver: Starting CreateBlurAccountService.
03-24 16:12:18.799 30669 30669 I MMApiProvisionService: Got request to obtain new Device ID .. doing so now
03-24 16:12:18.799 30669 30669 D AndroidPlatformImpl: Looking up config value: blur.service.mmapi.cred.deviceID = 297357031376621568
03-24 16:12:18.799 30669 30669 D AndroidPlatformImpl: Looking up config value: blur.service.mmapi.cred.deviceID = 297357031376621568
03-24 16:12:18.799 30669 30669 I MMApiProvisionService: isRequestAllowed(): Device ID already provisioned ... ignoring request
03-24 16:12:18.799 30669 30669 I MMApiProvisionService: notifyProvisioningDone(): Sending Device Provision response intent
03-24 16:12:18.799 32242 32242 I NetworkDetector: Network Rank Changed: 100
03-24 16:12:18.819  4517  4530 D EmailBSManager: update Email Shortcut: , oldCount: 1212, newCount: 1212
03-24 16:12:18.839  4952  4952 E Trace   : error opening trace file: No such file or directory (2)
03-24 16:12:18.839  4952  4952 D ActivityThread: setTargetHeapUtilization:0.25
03-24 16:12:18.839  4952  4952 D ActivityThread: setTargetHeapIdealFree:8388608
03-24 16:12:18.839  4952  4952 D ActivityThread: setTargetHeapConcurrentStart:2097152
03-24 16:12:18.839  4517  4530 D EmailBSManager: No account specific shortcut found
03-24 16:12:18.859  4952  4952 D dalvikvm: WAIT_FOR_CONCURRENT_GC blocked 0ms
03-24 16:12:19.099  4952  4952 I ActivityThread: Pub com.google.android.youtube.SuggestionProvider: com.google.android.youtube.core.suggest.SuggestionProvider
03-24 16:12:19.219 30316  4853 E CommandListener: [TIMEOUT]
03-24 16:12:19.219 30316  4853 E CommandListener: sending router solicitation #2
03-24 16:12:19.219 30316  4853 E CommandListener: Waiting for Router Advertisement #2
03-24 16:12:19.750 30305 30305 I ServiceManager: Waiting for service media.audio_flinger...
03-24 16:12:19.900 30445   319 D dalvikvm: WAIT_FOR_CONCURRENT_GC blocked 0ms
03-24 16:12:20.080 30445   319 D dalvikvm: GC_EXPLICIT freed 1830K, 36% free 26684K/41607K, paused 18ms+13ms, total 173ms
03-24 16:12:20.130  4952  4952 D dalvikvm: DexOpt: --- BEGIN 'ads-2066013844.jar' (bootstrap=0) ---
03-24 16:12:20.270  4977  4977 D dalvikvm: DexOpt: load 7ms, verify+opt 21ms, 143796 bytes
03-24 16:12:20.280  4952  4952 D dalvikvm: DexOpt: --- END 'ads-2066013844.jar' (success) ---
03-24 16:12:20.280  4952  4952 D dalvikvm: DEX prep '/data/data/com.google.android.youtube/cache/ads-2066013844.jar': unzip in 0ms, rewrite 155ms
03-24 16:12:20.390  4952  4989 I ConversionPing: Sending ping: http://googleads.g.doubleclick.net/pagead/viewthroughconversion/1001680686/?label=8cu4CIrA3gMQrt7R3QM&muid=pCqhuZ5ElI5HKhJaxWwJrw
03-24 16:12:20.410 30686 30686 D ModemStatsService: onSignalStrengthsChanged
03-24 16:12:20.410 30686 30686 D ModemStatsService: CDMA, mRssi=-45, mEcio=-70
03-24 16:12:20.420 30555 30555 D MotoSystemUIUtils: Not on network extender
03-24 16:12:20.500 32047 32047 D GCM     : GcmService start Intent { act=android.net.conn.CONNECTIVITY_CHANGE flg=0x8000010 cmp=com.google.android.gms/.gcm.GcmService (has extras) } android.net.conn.CONNECTIVITY_CHANGE
03-24 16:12:20.610  4992  4992 E Trace   : error opening trace file: No such file or directory (2)
03-24 16:12:20.610  4992  4992 D ActivityThread: setTargetHeapUtilization:0.25
03-24 16:12:20.610  4992  4992 D ActivityThread: setTargetHeapIdealFree:8388608
03-24 16:12:20.610  4992  4992 D ActivityThread: setTargetHeapConcurrentStart:2097152
03-24 16:12:20.741 30305 30305 I ServiceManager: Waiting for service media.audio_flinger...
03-24 16:12:20.781  4992  4992 D dalvikvm: Trying to load lib /data/data/com.skype.raider/lib/libSkypeAndroid.so 0x41779f88
03-24 16:12:20.781  4992  4992 D dalvikvm: Added shared lib /data/data/com.skype.raider/lib/libSkypeAndroid.so 0x41779f88
03-24 16:12:20.881 30445 30532 D StateMachine: handleMessage: E msg.what=131155
03-24 16:12:20.881 30445 30532 D StateMachine: processMsg: ConnectedState
03-24 16:12:20.881 30445 30532 D WifiStateMachine: ConnectedState{ what=131155 when=-3ms arg1=1143 }
03-24 16:12:20.881 30445 30532 D StateMachine: processMsg: L2ConnectedState
03-24 16:12:20.881 30445 30532 D WifiStateMachine: L2ConnectedState{ what=131155 when=-4ms arg1=1143 }
03-24 16:12:20.881 30445 30532 D wifi    : doString: SIGNAL_POLL
03-24 16:12:20.881  5057  5057 D wpa_supplicant: wpa_s 0x41963cc0 cmd SIGNAL_POLL
03-24 16:12:20.891  5057  5057 D wpa_supplicant: nl80211: survey data missing!
03-24 16:12:20.891 30445 30532 D StateMachine: handleMessage: X
03-24 16:12:21.261  4992  4992 D /Ln.java:218: main Configuring Logging, minimum log level is INFO
03-24 16:12:21.261  4992  4992 D dalvikvm: Trying to load lib /data/data/com.skype.raider/lib/libsliq.so 0x41779f88
03-24 16:12:21.291  4992  4992 D dalvikvm: Added shared lib /data/data/com.skype.raider/lib/libsliq.so 0x41779f88
03-24 16:12:21.291  4992  4992 D dalvikvm: No JNI_OnLoad found in /data/data/com.skype.raider/lib/libsliq.so 0x41779f88, skipping init
03-24 16:12:21.291  4992  4992 D dalvikvm: Trying to load lib /data/data/com.skype.raider/lib/libSkyLib.so 0x41779f88
03-24 16:12:21.742 30305 30305 W AudioSystem: AudioFlinger not published, waiting...
03-24 16:12:21.782  4372  4372 D Finsky  : [1] 5.onFinished: Installation state replication succeeded.
03-24 16:12:22.242 30305 30305 I ServiceManager: Waiting for service media.audio_flinger...
03-24 16:12:22.513  4992  4992 V skype_jni: jni_CallDevice::jni_CallDevice()
03-24 16:12:22.513  4992  4992 V skype_jni: jni_CallDevice::Init()
03-24 16:12:22.513  4992  4992 E skype_jni: g_jniCallback == 0
03-24 16:12:22.513  4992  4992 E skype_jni: g_pcmInit == 0
03-24 16:12:22.513  4992  4992 D dalvikvm: Added shared lib /data/data/com.skype.raider/lib/libSkyLib.so 0x41779f88
03-24 16:12:22.733  4992  4992 V skype_jni: JNI Init
03-24 16:12:22.733  4992  4992 V skype_jni: jniSetup
03-24 16:12:22.733  4992  4992 D dalvikvm: Trying to load lib /data/data/com.skype.raider/lib/libSkypeAndroid.so 0x41779f88
03-24 16:12:22.733  4992  4992 D dalvikvm: Shared lib '/data/data/com.skype.raider/lib/libSkypeAndroid.so' already loaded in same CL 0x41779f88
03-24 16:12:22.853 30315 26437 E QualcommCamera2: Qint android::get_camera_info(int, camera_info*): E
03-24 16:12:22.853 30315 31206 E QualcommCamera2: Qint android::get_camera_info(int, camera_info*): E
03-24 16:12:22.853 30315 31019 E QualcommCamera2: Qint android::get_camera_info(int, camera_info*): E
03-24 16:12:23.033 30315 21249 E QualcommCamera2: Qint android::get_camera_info(int, camera_info*): E
03-24 16:12:23.033 30315 14352 E QualcommCamera2: Qint android::get_camera_info(int, camera_info*): E
03-24 16:12:23.143 30315 15749 I OMX     : node=2211, cmd=0, param=2
03-24 16:12:23.143 30315  4288 I OMX     : OnEvent(0, 0, 2)
03-24 16:12:23.143 30315  4289 I OMX     : node=2211, cmd=0, param=1
03-24 16:12:23.143 30315  4289 E OMXNodeInstance: OMX_FreeBuffer for buffer header 0x41b88500 successful
03-24 16:12:23.143 30315  4289 E OMXNodeInstance: OMX_FreeBuffer for buffer header 0x424910c8 successful
03-24 16:12:23.143 30315  4289 E OMXNodeInstance: OMX_FreeBuffer for buffer header 0x41b9c418 successful
03-24 16:12:23.143 30315  4289 E OMXNodeInstance: OMX_FreeBuffer for buffer header 0x41b9c300 successful
03-24 16:12:23.143 30315  4289 E OMXNodeInstance: OMX_FreeBuffer for buffer header 0x41942240 successful
03-24 16:12:23.143 30315  4289 E OMXNodeInstance: OMX_FreeBuffer for buffer header 0x423288e8 successful
03-24 16:12:23.143 30315  4289 E OMXNodeInstance: OMX_FreeBuffer for buffer header 0x42329008 successful
03-24 16:12:23.143 30315  4289 I OMX     : OnEvent(0, 0, 1)
03-24 16:12:23.143 30315  4289 E OMXNodeInstance: OMX_FreeBuffer for buffer header 0x419318c0 successful
03-24 16:12:23.243 30305 30305 I ServiceManager: Waiting for service media.audio_flinger...
03-24 16:12:23.904 30445 30532 D StateMachine: handleMessage: E msg.what=131155
03-24 16:12:23.904 30445 30532 D StateMachine: processMsg: ConnectedState
03-24 16:12:23.904 30445 30532 D WifiStateMachine: ConnectedState{ what=131155 when=-3ms arg1=1143 }
03-24 16:12:23.904 30445 30532 D StateMachine: processMsg: L2ConnectedState
03-24 16:12:23.904 30445 30532 D WifiStateMachine: L2ConnectedState{ what=131155 when=-4ms arg1=1143 }
03-24 16:12:23.904 30445 30532 D wifi    : doString: SIGNAL_POLL
03-24 16:12:23.904  5057  5057 D wpa_supplicant: wpa_s 0x41963cc0 cmd SIGNAL_POLL
03-24 16:12:23.904  5057  5057 D wpa_supplicant: nl80211: survey data missing!
03-24 16:12:23.904 30445 30532 D StateMachine: handleMessage: X
03-24 16:12:24.224 30316  4853 E CommandListener: [TIMEOUT]
03-24 16:12:24.224 30316  4853 E CommandListener: sending router solicitation #3
03-24 16:12:24.224 30316  4853 E CommandListener: Waiting for Router Advertisement #3
03-24 16:12:24.244 30305 30305 I ServiceManager: Waiting for service media.audio_flinger...
03-24 16:12:24.264 30686 30686 D ModemStatsService: onSignalStrengthsChanged
03-24 16:12:24.264 30686 30686 D ModemStatsService: CDMA, mRssi=-45, mEcio=-70
03-24 16:12:24.264 30555 30555 D MotoSystemUIUtils: Not on network extender
03-24 16:12:25.245 30305 30305 I ServiceManager: Waiting for service media.audio_flinger...
03-24 16:12:26.246 30305 30305 I ServiceManager: Waiting for service media.audio_flinger...
03-24 16:12:26.457 30555 30555 I Adreno200-EGLSUB: <ConfigWindowMatch:2087>: Format RGBA_8888.
03-24 16:12:26.537   331   423 I Adreno200-EGLSUB: <CreateImage:897>: Android Image
03-24 16:12:26.537   331   423 I Adreno200-EGLSUB: <GetImageAttributes:1106>: RGBA_8888
03-24 16:12:26.917 30445 30532 D StateMachine: handleMessage: E msg.what=131155
03-24 16:12:26.917 30445 30532 D StateMachine: processMsg: ConnectedState
03-24 16:12:26.917 30445 30532 D WifiStateMachine: ConnectedState{ what=131155 when=-2ms arg1=1143 }
03-24 16:12:26.917 30445 30532 D StateMachine: processMsg: L2ConnectedState
03-24 16:12:26.917 30445 30532 D WifiStateMachine: L2ConnectedState{ what=131155 when=-2ms arg1=1143 }
03-24 16:12:26.917 30445 30532 D wifi    : doString: SIGNAL_POLL
03-24 16:12:26.917  5057  5057 D wpa_supplicant: wpa_s 0x41963cc0 cmd SIGNAL_POLL
03-24 16:12:26.917  5057  5057 D wpa_supplicant: nl80211: survey data missing!
03-24 16:12:26.937 30445 30532 D StateMachine: handleMessage: X
03-24 16:12:27.097   331   423 I Adreno200-EGLSUB: <CreateImage:897>: Android Image
03-24 16:12:27.097   331   423 I Adreno200-EGLSUB: <GetImageAttributes:1106>: RGBA_8888
03-24 16:12:27.117 30555 30555 I Choreographer: Skipped 32 frames!  The application may be doing too much work on its main thread.
03-24 16:12:27.167   331   423 I Adreno200-EGLSUB: <CreateImage:897>: Android Image
03-24 16:12:27.167   331   423 I Adreno200-EGLSUB: <GetImageAttributes:1106>: RGBA_8888
03-24 16:12:27.188   331   423 I Adreno200-EGLSUB: <CreateImage:897>: Android Image
03-24 16:12:27.188   331   423 I Adreno200-EGLSUB: <GetImageAttributes:1106>: RGBA_8888
03-24 16:12:27.248 30305 30305 W AudioSystem: AudioFlinger not published, waiting...
03-24 16:12:27.758 30305 30305 I ServiceManager: Waiting for service media.audio_flinger...
03-24 16:12:27.798  5036  5036 D AndroidRuntime: 
03-24 16:12:27.798  5036  5036 D AndroidRuntime: >>>>>> AndroidRuntime START com.android.internal.os.RuntimeInit <<<<<<
03-24 16:12:27.798  5036  5036 D AndroidRuntime: CheckJNI is OFF
03-24 16:12:27.888  5036  5036 D dalvikvm: Trying to load lib libjavacore.so 0x0
03-24 16:12:27.898  5036  5036 D dalvikvm: Added shared lib libjavacore.so 0x0
03-24 16:12:27.928  5036  5036 D dalvikvm: Trying to load lib libnativehelper.so 0x0
03-24 16:12:27.928  5036  5036 D dalvikvm: Added shared lib libnativehelper.so 0x0
03-24 16:12:28.098 30555 30555 I Adreno200-EGLSUB: <ConfigWindowMatch:2087>: Format RGBA_8888.
03-24 16:12:28.108 30686 30686 D ModemStatsService: onSignalStrengthsChanged
03-24 16:12:28.108 30686 30686 D ModemStatsService: CDMA, mRssi=-42, mEcio=-70
03-24 16:12:28.118 30555 30555 D MotoSystemUIUtils: Not on network extender
03-24 16:12:28.118   331   423 I Adreno200-EGLSUB: <CreateImage:897>: Android Image
03-24 16:12:28.118   331   423 I Adreno200-EGLSUB: <GetImageAttributes:1106>: RGBA_8888
03-24 16:12:28.369  5036  5036 D AndroidRuntime: Calling main entry com.android.commands.pm.Pm
03-24 16:12:28.759 30305 30305 I ServiceManager: Waiting for service media.audio_flinger...
03-24 16:12:29.230 30316  4853 E CommandListener: [TIMEOUT]
03-24 16:12:29.230 30316  4853 E CommandListener: sending router solicitation #4
03-24 16:12:29.230 30316  4853 E CommandListener: Waiting for Router Advertisement #4
03-24 16:12:29.430 30445 30466 I PackageManager: Removing non-system package:edu.gwu.rpg.androidnodecam
03-24 16:12:29.760 30305 30305 I ServiceManager: Waiting for service media.audio_flinger...
03-24 16:12:29.930 30445 30532 D StateMachine: handleMessage: E msg.what=131155
03-24 16:12:29.930 30445 30532 D StateMachine: processMsg: ConnectedState
03-24 16:12:29.930 30445 30532 D WifiStateMachine: ConnectedState{ what=131155 when=-3ms arg1=1143 }
03-24 16:12:29.930 30445 30532 D StateMachine: processMsg: L2ConnectedState
03-24 16:12:29.930 30445 30532 D WifiStateMachine: L2ConnectedState{ what=131155 when=-4ms arg1=1143 }
03-24 16:12:29.930 30445 30532 D wifi    : doString: SIGNAL_POLL
03-24 16:12:29.930  5057  5057 D wpa_supplicant: wpa_s 0x41963cc0 cmd SIGNAL_POLL
03-24 16:12:29.940  5057  5057 D wpa_supplicant: nl80211: survey data missing!
03-24 16:12:29.940 30445 30532 D StateMachine: handleMessage: X
03-24 16:12:30.241   331   423 I Adreno200-EGLSUB: <CreateImage:897>: Android Image
03-24 16:12:30.241   331   423 I Adreno200-EGLSUB: <GetImageAttributes:1106>: RGBA_8888
03-24 16:12:30.501 30445 30466 I PackageManager: Running dexopt on: edu.gwu.rpg.androidnodecam
03-24 16:12:30.711  5055  5055 D dalvikvm: DexOpt: load 21ms, verify+opt 4ms, 182236 bytes
03-24 16:12:30.751 30305 30305 I ServiceManager: Waiting for service media.audio_flinger...
03-24 16:12:30.861 30445 30466 D PackageManager: New package installed in /data/app/edu.gwu.rpg.androidnodecam-1.apk
03-24 16:12:30.982 13907 13907 D dalvikvm: WAIT_FOR_CONCURRENT_GC blocked 0ms
03-24 16:12:31.002  1302  1302 D dalvikvm: WAIT_FOR_CONCURRENT_GC blocked 0ms
03-24 16:12:31.072 13907 13907 D dalvikvm: GC_EXPLICIT freed 1500K, 45% free 15819K/28615K, paused 3ms+5ms, total 85ms
03-24 16:12:31.142 30729 30729 D dalvikvm: WAIT_FOR_CONCURRENT_GC blocked 0ms
03-24 16:12:31.162  1302  1302 D dalvikvm: GC_EXPLICIT freed 755K, 50% free 8508K/16963K, paused 7ms+8ms, total 158ms
03-24 16:12:31.192 30445 30460 D dalvikvm: WAIT_FOR_CONCURRENT_GC blocked 0ms
03-24 16:12:31.202 30729 30729 D dalvikvm: GC_EXPLICIT freed 120K, 49% free 8726K/16963K, paused 6ms+2ms, total 58ms
03-24 16:12:31.222   331   423 I Adreno200-EGLSUB: <CreateImage:897>: Android Image
03-24 16:12:31.222   331   423 I Adreno200-EGLSUB: <GetImageAttributes:1106>: RGBA_8888
03-24 16:12:31.262 30445 30492 I InputReader: Reconfiguring input devices.  changes=0x00000010
03-24 16:12:31.262 30445 30492 I InputReader: Reconfiguring input devices.  changes=0x00000010
03-24 16:12:31.292 30678 30825 D AccountTypeManager: Registering external account type=com.linkedin.android, packageName=com.linkedin.android
03-24 16:12:31.312 30678 30825 D AccountTypeManager: Registering external account type=com.vcast.mediamanager.account, packageName=com.vcast.mediamanager
03-24 16:12:31.322 30678 30825 D AccountTypeManager: Registering external account type=com.facebook.auth.login, packageName=com.facebook.katana
03-24 16:12:31.332 30708 30708 I RegisteredComponentCache: ComponentInfo: ResolveInfo{4179d4c8 com.android.apps.tag.TagViewer p=0 o=0 m=0x108000}, techs: android.nfc.tech.Ndef, 
03-24 16:12:31.342 30678 30825 W ResourceType: getEntry failing because entryIndex 881 is beyond type entryCount 295
03-24 16:12:31.342 30678 30825 W ResourceType: Failure getting entry for 0x7f020371 (t=1 e=881) in package 0 (error -2147483647)
03-24 16:12:31.342 30678 30825 D AccountTypeManager: Registering external account type=com.motorola.android.buacontactadapter, packageName=com.motorola.android.buacontactadapter
03-24 16:12:31.372 30678 30825 D AccountTypeManager: Registering external account type=com.skype.contacts.sync, packageName=com.skype.raider
03-24 16:12:31.372 30678 30825 W ResourceType: getEntry failing because entryIndex 419 is beyond type entryCount 295
03-24 16:12:31.372 30678 30825 W ResourceType: Failure getting entry for 0x7f0201a3 (t=1 e=419) in package 0 (error -2147483647)
03-24 16:12:31.372 30678 30825 W ResourceType: getEntry failing because entryIndex 420 is beyond type entryCount 295
03-24 16:12:31.372 30678 30825 W ResourceType: Failure getting entry for 0x7f0201a4 (t=1 e=420) in package 0 (error -2147483647)
03-24 16:12:31.372 30678 30825 W ResourceType: getEntry failing because entryIndex 421 is beyond type entryCount 295
03-24 16:12:31.372 30678 30825 W ResourceType: Failure getting entry for 0x7f0201a5 (t=1 e=421) in package 0 (error -2147483647)
03-24 16:12:31.372 30678 30825 D AccountTypeManager: Registering external account type=com.motorola.contacts.preloaded, packageName=com.motorola.contacts.preloadcontacts
03-24 16:12:31.382 30678 30825 D AccountTypeManager: Registering 1 extension packages
03-24 16:12:31.422 30678 30825 E ExternalAccountType: Unsupported attribute readOnly
03-24 16:12:31.512 30708 30708 I RegisteredComponentCache: ComponentInfo: ResolveInfo{417a8b10 com.android.apps.tag.TagViewer p=0 o=0 m=0x108000}, techs: android.nfc.tech.Ndef, 
03-24 16:12:31.512 30678 30825 D AccountTypeManager: Registering extension package account type=com.google, dataSet=plus, packageName=com.google.android.apps.plus
03-24 16:12:31.572 30678 30825 I AccountTypeManager: Loaded meta-data for 9 account types, 11 accounts in 289ms(wall) 51ms(cpu)
03-24 16:12:31.592 30445 30460 D dalvikvm: GC_EXPLICIT freed 1827K, 36% free 26783K/41607K, paused 8ms+15ms, total 391ms
03-24 16:12:31.592 30678 30825 D AccountTypeManager: Registering external account type=com.linkedin.android, packageName=com.linkedin.android
03-24 16:12:31.592 30445 30466 D dalvikvm: WAIT_FOR_CONCURRENT_GC blocked 0ms
03-24 16:12:31.602 30678 30825 D AccountTypeManager: Registering external account type=com.vcast.mediamanager.account, packageName=com.vcast.mediamanager
03-24 16:12:31.612 30678 30825 D AccountTypeManager: Registering external account type=com.facebook.auth.login, packageName=com.facebook.katana
03-24 16:12:31.632  1698  1698 I AmazonAppstore.UpdateService: Received action: com.amazon.mas.client.framework.UpdateService.APP_WAS_UNINSTALLED from intent: Intent { act=com.amazon.mas.client.framework.UpdateService.APP_WAS_UNINSTALLED cmp=com.amazon.venezia/com.amazon.mas.client.framework.UpdateService (has extras) }
03-24 16:12:31.652 30678 30825 W ResourceType: getEntry failing because entryIndex 881 is beyond type entryCount 295
03-24 16:12:31.652 30678 30825 W ResourceType: Failure getting entry for 0x7f020371 (t=1 e=881) in package 0 (error -2147483647)
03-24 16:12:31.652 30678 30825 D AccountTypeManager: Registering external account type=com.motorola.android.buacontactadapter, packageName=com.motorola.android.buacontactadapter
03-24 16:12:31.652 30678 30825 D AccountTypeManager: Registering external account type=com.skype.contacts.sync, packageName=com.skype.raider
03-24 16:12:31.662 30678 30825 W ResourceType: getEntry failing because entryIndex 419 is beyond type entryCount 295
03-24 16:12:31.662 30678 30825 W ResourceType: Failure getting entry for 0x7f0201a3 (t=1 e=419) in package 0 (error -2147483647)
03-24 16:12:31.662 30678 30825 W ResourceType: getEntry failing because entryIndex 420 is beyond type entryCount 295
03-24 16:12:31.662 30678 30825 W ResourceType: Failure getting entry for 0x7f0201a4 (t=1 e=420) in package 0 (error -2147483647)
03-24 16:12:31.662 30678 30825 W ResourceType: getEntry failing because entryIndex 421 is beyond type entryCount 295
03-24 16:12:31.662 30678 30825 W ResourceType: Failure getting entry for 0x7f0201a5 (t=1 e=421) in package 0 (error -2147483647)
03-24 16:12:31.662 30678 30825 D AccountTypeManager: Registering external account type=com.motorola.contacts.preloaded, packageName=com.motorola.contacts.preloadcontacts
03-24 16:12:31.662 30678 30825 D AccountTypeManager: Registering 1 extension packages
03-24 16:12:31.662 30678 30825 E ExternalAccountType: Unsupported attribute readOnly
03-24 16:12:31.672 30678 30825 D AccountTypeManager: Registering extension package account type=com.google, dataSet=plus, packageName=com.google.android.apps.plus
03-24 16:12:31.692 30678 30825 I AccountTypeManager: Loaded meta-data for 9 account types, 11 accounts in 121ms(wall) 33ms(cpu)
03-24 16:12:31.752 30305 30305 I ServiceManager: Waiting for service media.audio_flinger...
03-24 16:12:31.782  4234  4234 V PackageMonitor: onReceive - android.intent.action.PACKAGE_REMOVED
03-24 16:12:31.822  4234  5063 V QuestTrackerService: Service started with android.intent.action.PACKAGE_REMOVED
03-24 16:12:31.822  4234  5063 D QuestTrackerService: edu.gwu.rpg.androidnodecamACTION_PACKAGE_REMOVEDIntent { act=android.intent.action.PACKAGE_REMOVED dat=package:edu.gwu.rpg.androidnodecam flg=0x8000010 cmp=com.motorola.genie/.model.QuestTrackerService (has extras) }
03-24 16:12:31.903  5065  5065 E Trace   : error opening trace file: No such file or directory (2)
03-24 16:12:31.903  5065  5065 D ActivityThread: setTargetHeapUtilization:0.25
03-24 16:12:31.903  5065  5065 D ActivityThread: setTargetHeapIdealFree:8388608
03-24 16:12:31.903  5065  5065 D ActivityThread: setTargetHeapConcurrentStart:2097152
03-24 16:12:32.093  5077  5077 E Trace   : error opening trace file: No such file or directory (2)
03-24 16:12:32.093  5077  5077 D ActivityThread: setTargetHeapUtilization:0.25
03-24 16:12:32.093  5077  5077 D ActivityThread: setTargetHeapIdealFree:8388608
03-24 16:12:32.093  5077  5077 D ActivityThread: setTargetHeapConcurrentStart:2097152
03-24 16:12:32.153 30445 30466 D dalvikvm: GC_EXPLICIT freed 283K, 36% free 26678K/41607K, paused 11ms+49ms, total 555ms
03-24 16:12:32.173  5036  5036 D AndroidRuntime: Shutting down VM
03-24 16:12:32.173  5036  5090 I AndroidRuntime: NOTE: attach of thread 'Binder_3' failed
03-24 16:12:32.173  5036  5041 D dalvikvm: GC_CONCURRENT freed 102K, 87% free 548K/4096K, paused 0ms+0ms, total 4ms
03-24 16:12:32.173  5036  5047 D jdwp    : Got wake-up signal, bailing out of select
03-24 16:12:32.173  5036  5047 D dalvikvm: Debugger has detached; object registry had 1 entries
03-24 16:12:32.303  5077  5077 I ActivityThread: Pub com.motorola.gallery3d.provider: com.android.gallery3d.provider.GalleryProvider
03-24 16:12:32.333 30445 30460 D PackageManager: generateServicesMap(android.accounts.AccountAuthenticator): 15 services unchanged
03-24 16:12:32.423 30445 30480 W ResourceType: Failure getting entry for 0x7f050000 (t=4 e=0) in package 0 (error -75)
03-24 16:12:32.493  5077  5077 D DLNAApplication: initDlna 
03-24 16:12:32.533  5077  5095 E MediaPlayer: Uri is  content://settings/system/notification_sound
03-24 16:12:32.533  3492  3503 V MediaProvider: openFile: uri=content://media/internal/audio/media/7
03-24 16:12:32.543  3492  3503 V MediaProvider: query: uri=content://media/internal/audio/media/7, selection=null 
03-24 16:12:32.643 30315 26437 W QComExtractorFactory: Didn't match the sniff <=== status = 5 
03-24 16:12:32.643 30315 26437 W QComExtractorFactory: Didn't match the sniff <=== status = 1 
03-24 16:12:32.653 30315 26437 W QComExtractorFactory: Didn't match the sniff <=== status = 1 
03-24 16:12:32.653 30315 26437 W QComExtractorFactory: Didn't match the sniff <=== status = 1 
03-24 16:12:32.653 30315 26437 E MM_OSAL : ValidateAACFile failed
03-24 16:12:32.653 30315 26437 W QComExtractorFactory: Didn't match the sniff <=== status = 1 
03-24 16:12:32.653 30315 26437 W QComExtractorFactory: Didn't match the sniff <=== status = 1 
03-24 16:12:32.693   333  4222 V MotDrmPlugIn: MotDrmPlugIn::onInitialize : 5478
03-24 16:12:32.743   333  4222 D MotDrmPlugIn: MotDrmPlugIn::onSetOnInfoListener : 5478
03-24 16:12:32.753 30305 30305 W AudioSystem: AudioFlinger not published, waiting...
03-24 16:12:32.783   333  2552 D MotDrmPlugIn: MotDrmPlugIn::onOpenDecryptSession by fd : 11
03-24 16:12:32.793   333  2552 D         : filename = /system/media/audio/notifications/DROID.ogg
03-24 16:12:32.824   333   607 V MotDrmPlugIn: MotDrmPlugIn::onTerminate : 5478
03-24 16:12:32.854  5100  5100 D AndroidRuntime: 
03-24 16:12:32.854  5100  5100 D AndroidRuntime: >>>>>> AndroidRuntime START com.android.internal.os.RuntimeInit <<<<<<
03-24 16:12:32.854  5100  5100 D AndroidRuntime: CheckJNI is OFF
03-24 16:12:32.874 30315 26437 I AwesomePlayer: setDataSource_l, relinquish mLock to avoid blocking at http playback
03-24 16:12:32.874  5100  5100 D dalvikvm: Trying to load lib libjavacore.so 0x0
03-24 16:12:32.884  5100  5100 D dalvikvm: Added shared lib libjavacore.so 0x0
03-24 16:12:32.894  5100  5100 D dalvikvm: Trying to load lib libnativehelper.so 0x0
03-24 16:12:32.894  5100  5100 D dalvikvm: Added shared lib libnativehelper.so 0x0
03-24 16:12:32.904 30315  5101 D AwesomePlayer: Tunnel Mime Type: audio/vorbis, object alive = 1
03-24 16:12:32.904 30315  5101 E AwesomePlayer: Normal Audio Playback
03-24 16:12:32.944 30445 30532 D StateMachine: handleMessage: E msg.what=131155
03-24 16:12:32.944 30445 30532 D StateMachine: processMsg: ConnectedState
03-24 16:12:32.944 30445 30532 D WifiStateMachine: ConnectedState{ what=131155 when=-4ms arg1=1143 }
03-24 16:12:32.944 30445 30532 D StateMachine: processMsg: L2ConnectedState
03-24 16:12:32.944 30445 30532 D WifiStateMachine: L2ConnectedState{ what=131155 when=-5ms arg1=1143 }
03-24 16:12:32.944 30445 30532 D wifi    : doString: SIGNAL_POLL
03-24 16:12:32.944  5057  5057 D wpa_supplicant: wpa_s 0x41963cc0 cmd SIGNAL_POLL
03-24 16:12:32.944  5057  5057 D wpa_supplicant: nl80211: survey data missing!
03-24 16:12:32.954 30445 30532 D StateMachine: handleMessage: X
03-24 16:12:33.014 30315  5101 I OMX     : node=2212, cmd=0, param=2
03-24 16:12:33.014 30315  5102 I OMX     : OnEvent(0, 0, 2)
03-24 16:12:33.014 30315  5103 I OMX     : node=2212, cmd=0, param=3
03-24 16:12:33.014 30315  5102 I OMX     : OnEvent(0, 0, 3)
03-24 16:12:33.024  5077  5095 D Ringtone: Successfully created local player
03-24 16:12:33.054 30315 30444 I OMX     : node=2212, cmd=0, param=2
03-24 16:12:33.064 30315  5102 I OMX     : OnEvent(0, 0, 2)
03-24 16:12:33.064 30315  5103 I OMX     : node=2212, cmd=0, param=1
03-24 16:12:33.064 30315  5103 E OMXNodeInstance: OMX_FreeBuffer for buffer header 0x41942240 successful
03-24 16:12:33.064 30315  5103 E OMXNodeInstance: OMX_FreeBuffer for buffer header 0x423288e8 successful
03-24 16:12:33.064 30315  5103 E OMXNodeInstance: OMX_FreeBuffer for buffer header 0x418c1f40 successful
03-24 16:12:33.064 30315  5103 E OMXNodeInstance: OMX_FreeBuffer for buffer header 0x41b8e338 successful
03-24 16:12:33.064 30315  5103 E OMXNodeInstance: OMX_FreeBuffer for buffer header 0x41ba5690 successful
03-24 16:12:33.064 30315  5103 E OMXNodeInstance: OMX_FreeBuffer for buffer header 0x41b88500 successful
03-24 16:12:33.064 30315  5103 E OMXNodeInstance: OMX_FreeBuffer for buffer header 0x424910c8 successful
03-24 16:12:33.064 30315  5103 I OMX     : OnEvent(0, 0, 1)
03-24 16:12:33.064 30315  5103 E OMXNodeInstance: OMX_FreeBuffer for buffer header 0x41b9c300 successful
03-24 16:12:33.064  5077  5095 E MediaPlayer: Uri is  content://settings/system/notification_sound
03-24 16:12:33.064  3492  3507 V MediaProvider: openFile: uri=content://media/internal/audio/media/7
03-24 16:12:33.064  3492  3507 V MediaProvider: query: uri=content://media/internal/audio/media/7, selection=null 
03-24 16:12:33.244 30315 26437 W QComExtractorFactory: Didn't match the sniff <=== status = 5 
03-24 16:12:33.244 30315 26437 W QComExtractorFactory: Didn't match the sniff <=== status = 1 
03-24 16:12:33.244 30315 26437 W QComExtractorFactory: Didn't match the sniff <=== status = 1 
03-24 16:12:33.244 30315 26437 W QComExtractorFactory: Didn't match the sniff <=== status = 1 
03-24 16:12:33.244 30315 26437 E MM_OSAL : ValidateAACFile failed
03-24 16:12:33.244 30315 26437 W QComExtractorFactory: Didn't match the sniff <=== status = 1 
03-24 16:12:33.244 30315 26437 W QComExtractorFactory: Didn't match the sniff <=== status = 1 
03-24 16:12:33.244   333   333 V MotDrmPlugIn: MotDrmPlugIn::onInitialize : 6300
03-24 16:12:33.244   333   333 D MotDrmPlugIn: MotDrmPlugIn::onSetOnInfoListener : 6300
03-24 16:12:33.244   333   607 D MotDrmPlugIn: MotDrmPlugIn::onOpenDecryptSession by fd : 11
03-24 16:12:33.244   333   607 D         : filename = /system/media/audio/notifications/DROID.ogg
03-24 16:12:33.254   333  2552 V MotDrmPlugIn: MotDrmPlugIn::onTerminate : 6300
03-24 16:12:33.254 30305 30305 I ServiceManager: Waiting for service media.audio_flinger...
03-24 16:12:33.254 30315 26437 I AwesomePlayer: setDataSource_l, relinquish mLock to avoid blocking at http playback
03-24 16:12:33.264 30315  5112 D AwesomePlayer: Tunnel Mime Type: audio/vorbis, object alive = 1
03-24 16:12:33.264 30315  5112 E AwesomePlayer: Normal Audio Playback
03-24 16:12:33.284 30315  5112 I OMX     : node=2213, cmd=0, param=2
03-24 16:12:33.284 30315  5113 I OMX     : OnEvent(0, 0, 2)
03-24 16:12:33.284 30315  5114 I OMX     : node=2213, cmd=0, param=3
03-24 16:12:33.284 30315  5113 I OMX     : OnEvent(0, 0, 3)
03-24 16:12:33.284  5077  5095 D Ringtone: Successfully created local player
03-24 16:12:33.294 32242 32242 I SlackerRadio: ACTION_PACKAGE_REMOVED
03-24 16:12:33.344 30445 30460 D PackageManager: generateServicesMap(android.content.SyncAdapter): 35 services unchanged
03-24 16:12:33.414 30445 30460 D PackageManager: generateServicesMap(android.accounts.AccountAuthenticator): 15 services unchanged
03-24 16:12:33.454 30445 30460 D PackageManager: generateServicesMap(android.content.SyncAdapter): 35 services unchanged
03-24 16:12:33.544  5100  5100 D AndroidRuntime: Calling main entry com.android.commands.am.Am
03-24 16:12:33.644  3318  5116 I PsfIntentHandler: android.intent.action.PACKAGE_REMOVED
03-24 16:12:33.765 13907 13907 I Launcher: onPause
03-24 16:12:33.765  5100  5100 D AndroidRuntime: Shutting down VM
03-24 16:12:33.785  5100  5131 I AndroidRuntime: NOTE: attach of thread 'Binder_3' failed
03-24 16:12:33.785  5100  5107 D dalvikvm: GC_CONCURRENT freed 103K, 86% free 578K/4096K, paused 1ms+0ms, total 4ms
03-24 16:12:33.785  5100  5109 D jdwp    : Got wake-up signal, bailing out of select
03-24 16:12:33.785  5100  5109 D dalvikvm: Debugger has detached; object registry had 1 entries
03-24 16:12:33.795  5119  5119 E Trace   : error opening trace file: No such file or directory (2)
03-24 16:12:33.795  5119  5119 D ActivityThread: setTargetHeapUtilization:0.25
03-24 16:12:33.795  5119  5119 D ActivityThread: setTargetHeapIdealFree:8388608
03-24 16:12:33.795  5119  5119 D ActivityThread: setTargetHeapConcurrentStart:2097152
03-24 16:12:33.835  5132  5132 D dalvikvm: Late-enabling CheckJNI
03-24 16:12:33.935  3960  3986 D gp.PicasaSyncManager: reject MetadataSyncTask (*********************) because downsync is disabled
03-24 16:12:33.995   331   423 I Adreno200-EGLSUB: <CreateImage:897>: Android Image
03-24 16:12:33.995   331   423 I Adreno200-EGLSUB: <GetImageAttributes:1106>: RGBA_8888
03-24 16:12:34.015  5119  5119 I ActivityThread: Pub com.motorola.smartmode: com.motorola.smartmode.providers.SmartDockProvider
03-24 16:12:34.045  5132  5132 E Trace   : error opening trace file: No such file or directory (2)
03-24 16:12:34.045  5132  5132 D ActivityThread: setTargetHeapUtilization:0.25
03-24 16:12:34.045  5132  5132 D ActivityThread: setTargetHeapIdealFree:8388608
03-24 16:12:34.045  5132  5132 D ActivityThread: setTargetHeapConcurrentStart:2097152
03-24 16:12:34.045  5119  5119 I ActivityThread: Pub com.motorola.smartmode.weather: com.motorola.smartmode.weather.provider.WeatherProvider
03-24 16:12:34.055  5119  5119 D PackageChangeReceiver: onReceive(), action=android.intent.action.PACKAGE_REMOVED
03-24 16:12:34.055  5119  5119 D PackageChangeReceiver: ACTION_PACKAGE_REMOVED: edu.gwu.rpg.androidnodecam
03-24 16:12:34.055  5119  5119 D PackageChangeReceiver: uninstallPackage
03-24 16:12:34.055  5132  5132 D dalvikvm: WAIT_FOR_CONCURRENT_GC blocked 0ms
03-24 16:12:34.065  5119  5119 D PackageChangeReceiver: Sending out UPDATE_UI intent
03-24 16:12:34.185  5132  5132 D dalvikvm: Trying to load lib /data/data/edu.gwu.rpg.androidnodecam/lib/libgnustl_shared.so 0x4177eb38
03-24 16:12:34.215 32298  5147 D PackageBroadcastService: Received broadcast action=android.intent.action.PACKAGE_REMOVED and uri=edu.gwu.rpg.androidnodecam
03-24 16:12:34.225 30316  4853 E CommandListener: [TIMEOUT]
03-24 16:12:34.225 30316  4853 E CommandListener: sending router solicitation #5
03-24 16:12:34.235 30316  4853 E CommandListener: Waiting for Router Advertisement #5
03-24 16:12:34.245  5132  5132 D dalvikvm: Added shared lib /data/data/edu.gwu.rpg.androidnodecam/lib/libgnustl_shared.so 0x4177eb38
03-24 16:12:34.245  5132  5132 D dalvikvm: No JNI_OnLoad found in /data/data/edu.gwu.rpg.androidnodecam/lib/libgnustl_shared.so 0x4177eb38, skipping init
03-24 16:12:34.245  5132  5132 D dalvikvm: Trying to load lib /data/data/edu.gwu.rpg.androidnodecam/lib/libopencv_java.so 0x4177eb38
03-24 16:12:34.255 30305 30305 I ServiceManager: Waiting for service media.audio_flinger...
03-24 16:12:34.415   331   423 I Adreno200-EGLSUB: <CreateImage:897>: Android Image
03-24 16:12:34.415   331   423 I Adreno200-EGLSUB: <GetImageAttributes:1106>: RGBA_8888
03-24 16:12:34.435  1922  1922 D GetJar SDK: PackageMonitor: onReceive(): START
03-24 16:12:34.455  1922  5149 D GetJar SDK: PackageMonitor: doOnReceive(): START
03-24 16:12:34.455  1922  5149 D GreenJar DEBUGGING: database:webview.db
03-24 16:12:34.455  1922  5149 D GreenJar DEBUGGING: database:webview.db-journal
03-24 16:12:34.455  1922  5149 D GreenJar DEBUGGING: database:webviewCookiesChromium.db
03-24 16:12:34.455  1922  5149 D GreenJar DEBUGGING: database:google_analytics.db
03-24 16:12:34.455  1922  5149 D GreenJar DEBUGGING: database:google_analytics.db-journal
03-24 16:12:34.455  1922  5149 D GreenJar DEBUGGING: database:GetJarDBApplicationKey
03-24 16:12:34.455  1922  5149 D GreenJar DEBUGGING: database:GetJarDBApplicationKey-journal
03-24 16:12:34.495  1922  5149 V GetJar SDK: ApplicationKeyDatabase: getApplicationKey()
03-24 16:12:34.505 30686 30686 D ModemStatsService: onSignalStrengthsChanged
03-24 16:12:34.505 30686 30686 D ModemStatsService: CDMA, mRssi=-46, mEcio=-70
03-24 16:12:34.515  1698  1698 I AmazonAppstore.UpdateService: Received action: com.amazon.mas.client.framework.UpdateService.APP_WAS_INSTALLED from intent: Intent { act=com.amazon.mas.client.framework.UpdateService.APP_WAS_INSTALLED cmp=com.amazon.venezia/com.amazon.mas.client.framework.UpdateService (has extras) }
03-24 16:12:34.545 30555 30555 D MotoSystemUIUtils: Not on network extender
03-24 16:12:34.635  1922  5149 E GetJar SDK: PackageMonitor: doOnReceive(): failed
03-24 16:12:34.635  1922  5149 E GetJar SDK: java.lang.IllegalStateException: Unable to access the application key
03-24 16:12:34.635  1922  5149 E GetJar SDK: 	at com.getjar.sdk.data.metadata.PackageMonitor.doOnReceive(PackageMonitor.java:121)
03-24 16:12:34.635  1922  5149 E GetJar SDK: 	at com.getjar.sdk.data.metadata.PackageMonitor.access$000(PackageMonitor.java:61)
03-24 16:12:34.635  1922  5149 E GetJar SDK: 	at com.getjar.sdk.data.metadata.PackageMonitor$1.run(PackageMonitor.java:86)
03-24 16:12:34.635  1922  5149 E GetJar SDK: 	at java.lang.Thread.run(Thread.java:856)
03-24 16:12:34.635  1922  5149 D GetJar SDK: PackageMonitor: doOnReceive(): FINISHED
03-24 16:12:34.706  5132  5132 D dalvikvm: Added shared lib /data/data/edu.gwu.rpg.androidnodecam/lib/libopencv_java.so 0x4177eb38
03-24 16:12:34.746  5132  5132 D dalvikvm: Trying to load lib /data/data/edu.gwu.rpg.androidnodecam/lib/libpbmsgs.so 0x4177eb38
03-24 16:12:34.796  5150  5150 E Trace   : error opening trace file: No such file or directory (2)
03-24 16:12:34.806  5150  5150 D ActivityThread: setTargetHeapUtilization:0.25
03-24 16:12:34.806  5150  5150 D ActivityThread: setTargetHeapIdealFree:8388608
03-24 16:12:34.806  5150  5150 D ActivityThread: setTargetHeapConcurrentStart:2097152
03-24 16:12:34.836  5150  5150 I ActivityThread: Pub com.google.android.partnersetup.rlzprovider: com.google.android.partnersetup.RlzProvider
03-24 16:12:34.846  5150  5150 I ActivityThread: Pub com.google.android.partnersetup.rlzappprovider: com.google.android.partnersetup.RlzAppProvider
03-24 16:12:34.896  5132  5132 D dalvikvm: Added shared lib /data/data/edu.gwu.rpg.androidnodecam/lib/libpbmsgs.so 0x4177eb38
03-24 16:12:34.896  5132  5132 D dalvikvm: No JNI_OnLoad found in /data/data/edu.gwu.rpg.androidnodecam/lib/libpbmsgs.so 0x4177eb38, skipping init
03-24 16:12:34.896  5132  5132 D dalvikvm: Trying to load lib /data/data/edu.gwu.rpg.androidnodecam/lib/libminiglog.so 0x4177eb38
03-24 16:12:34.926  5132  5132 D dalvikvm: Added shared lib /data/data/edu.gwu.rpg.androidnodecam/lib/libminiglog.so 0x4177eb38
03-24 16:12:34.926  5132  5132 D dalvikvm: No JNI_OnLoad found in /data/data/edu.gwu.rpg.androidnodecam/lib/libminiglog.so 0x4177eb38, skipping init
03-24 16:12:34.926  5132  5132 D dalvikvm: Trying to load lib /data/data/edu.gwu.rpg.androidnodecam/lib/libnode.so 0x4177eb38
03-24 16:12:34.966  4234  4234 V PackageMonitor: onReceive - android.intent.action.PACKAGE_ADDED
03-24 16:12:34.976  5132  5132 D dalvikvm: Added shared lib /data/data/edu.gwu.rpg.androidnodecam/lib/libnode.so 0x4177eb38
03-24 16:12:34.976  5132  5132 D dalvikvm: No JNI_OnLoad found in /data/data/edu.gwu.rpg.androidnodecam/lib/libnode.so 0x4177eb38, skipping init
03-24 16:12:34.976  5132  5132 D dalvikvm: Trying to load lib /data/data/edu.gwu.rpg.androidnodecam/lib/libhal.so 0x4177eb38
03-24 16:12:35.056  4234  5165 V QuestTrackerService: Service started with android.intent.action.PACKAGE_ADDED
03-24 16:12:35.056  4234  5165 V AppQuestParser: parse()
03-24 16:12:35.056  4234  5165 D QuestTrackerService: edu.gwu.rpg.androidnodecamACTION_PACKAGE_ADDEDIntent { act=android.intent.action.PACKAGE_ADDED dat=package:edu.gwu.rpg.androidnodecam flg=0x8000010 cmp=com.motorola.genie/.model.QuestTrackerService (has extras) }
03-24 16:12:35.086  5132  5132 D dalvikvm: Added shared lib /data/data/edu.gwu.rpg.androidnodecam/lib/libhal.so 0x4177eb38
03-24 16:12:35.086  5132  5132 D dalvikvm: No JNI_OnLoad found in /data/data/edu.gwu.rpg.androidnodecam/lib/libhal.so 0x4177eb38, skipping init
03-24 16:12:35.086  5132  5132 D dalvikvm: Trying to load lib /data/data/edu.gwu.rpg.androidnodecam/lib/libAndNodeCam.so 0x4177eb38
03-24 16:12:35.096  5132  5132 D dalvikvm: Added shared lib /data/data/edu.gwu.rpg.androidnodecam/lib/libAndNodeCam.so 0x4177eb38
03-24 16:12:35.096  5132  5132 D dalvikvm: No JNI_OnLoad found in /data/data/edu.gwu.rpg.androidnodecam/lib/libAndNodeCam.so 0x4177eb38, skipping init
03-24 16:12:35.106  5132  5132 I native  : I/Node.cpp:124 Finished registering signals
03-24 16:12:35.116  5132  5132 I native  : I/Node.cpp:164 Finished updating node registry
03-24 16:12:35.116  5132  5132 I native  : I/Node.cpp:166 Node 'LocalSim' started at 161.253.89.102
03-24 16:12:35.116  5132  5132 I native  : I/Node.cpp:891 Propagating resource table
03-24 16:12:35.116  5132  5132 I native  : I/Node.cpp:170 Finished propagating resource table
03-24 16:12:35.116  5132  5132 I native  : I/Node.cpp:1041 --------------- RESOURCE TABLE (ver 1, crc 1066605895) --------------
03-24 16:12:35.116  5132  5132 I native  : I/Node.cpp:1044 URL		RESOURCE
03-24 16:12:35.116  5132  5132 I native  : I/Node.cpp:1046 rpc://LocalSim/DeleteFromResourceTable		161.253.89.102:5555
03-24 16:12:35.116  5132  5132 I native  : I/Node.cpp:1046 rpc://LocalSim/GetResourceTable		161.253.89.102:5555
03-24 16:12:35.116  5132  5132 I native  : I/Node.cpp:1046 rpc://LocalSim/Heartbeat		161.253.89.102:5555
03-24 16:12:35.116  5132  5132 I native  : I/Node.cpp:1046 rpc://LocalSim/SetResourceTable		161.253.89.102:5555
03-24 16:12:35.116  5132  5132 I native  : I/Node.cpp:364 Publishing topic 'NodeCam' on 161.253.89.102:5556
03-24 16:12:35.116  5132  5132 I native  : I/Node.cpp:891 Propagating resource table
03-24 16:12:35.116  5132  5132 I native  : I/Node.cpp:971 Connecting to 128.164.70.95:1776
03-24 16:12:35.116  5132  5132 I native  : I/Node.cpp:980 'LocalSim' connected to remote node: 128.164.70.95:1776
03-24 16:12:35.116  5132  5169 E native  : E/Node.cpp:1154 NodeSignalHandler caught 11
03-24 16:12:35.126  5132  5170 E native  : E/Node.cpp:1154 NodeSignalHandler caught 11
03-24 16:12:35.126  5132  5170 E native  : E/Node.cpp:1162 Caught SIGSEGV
03-24 16:12:35.126  5132  5169 E native  : E/Node.cpp:1162 Caught SIGSEGV
03-24 16:12:35.256 30305 30305 I ServiceManager: Waiting for service media.audio_flinger...
03-24 16:12:35.446 30317 30317 D Zygote  : Process 5132 exited cleanly (255)
03-24 16:12:35.486  3960  3986 D gp.PicasaSyncManager: reject MetadataSyncTask (*********************) because downsync is disabled
03-24 16:12:35.526 32242 32242 I SlackerRadio: ACTION_PACKAGE_ADDED
03-24 16:12:35.566  5119  5119 D PackageChangeReceiver: onReceive(), action=android.intent.action.PACKAGE_ADDED
03-24 16:12:35.566  3318  5174 I PsfIntentHandler: android.intent.action.PACKAGE_ADDED
03-24 16:12:35.657 13907 13907 I Launcher: onResume
03-24 16:12:35.667 32298  5175 D PackageBroadcastService: Received broadcast action=android.intent.action.PACKAGE_ADDED and uri=edu.gwu.rpg.androidnodecam
03-24 16:12:35.747  1922  1922 D GetJar SDK: PackageMonitor: onReceive(): START
03-24 16:12:35.757  1922  5178 D GetJar SDK: PackageMonitor: doOnReceive(): START
03-24 16:12:35.757  1922  5178 D GreenJar DEBUGGING: database:webview.db
03-24 16:12:35.757  1922  5178 D GreenJar DEBUGGING: database:webview.db-journal
03-24 16:12:35.757  1922  5178 D GreenJar DEBUGGING: database:webviewCookiesChromium.db
03-24 16:12:35.757  1922  5178 D GreenJar DEBUGGING: database:google_analytics.db
03-24 16:12:35.757  1922  5178 D GreenJar DEBUGGING: database:google_analytics.db-journal
03-24 16:12:35.757  1922  5178 D GreenJar DEBUGGING: database:GetJarDBApplicationKey
03-24 16:12:35.757  1922  5178 D GreenJar DEBUGGING: database:GetJarDBApplicationKey-journal
03-24 16:12:35.757  1698  1698 I AmazonAppstore.UpdateService: Received action: com.amazon.mas.client.framework.UpdateService.APP_WAS_REPLACED from intent: Intent { act=com.amazon.mas.client.framework.UpdateService.APP_WAS_REPLACED cmp=com.amazon.venezia/com.amazon.mas.client.framework.UpdateService (has extras) }
03-24 16:12:35.777  1922  5178 V GetJar SDK: ApplicationKeyDatabase: getApplicationKey()
03-24 16:12:35.807 32298  5177 I PeopleContactsSync: CP2 sync disabled
03-24 16:12:35.827  1922  5178 E GetJar SDK: PackageMonitor: doOnReceive(): failed
03-24 16:12:35.827  1922  5178 E GetJar SDK: java.lang.IllegalStateException: Unable to access the application key
03-24 16:12:35.827  1922  5178 E GetJar SDK: 	at com.getjar.sdk.data.metadata.PackageMonitor.doOnReceive(PackageMonitor.java:121)
03-24 16:12:35.827  1922  5178 E GetJar SDK: 	at com.getjar.sdk.data.metadata.PackageMonitor.access$000(PackageMonitor.java:61)
03-24 16:12:35.827  1922  5178 E GetJar SDK: 	at com.getjar.sdk.data.metadata.PackageMonitor$1.run(PackageMonitor.java:86)
03-24 16:12:35.827  1922  5178 E GetJar SDK: 	at java.lang.Thread.run(Thread.java:856)
03-24 16:12:35.827  1922  5178 D GetJar SDK: PackageMonitor: doOnReceive(): FINISHED
03-24 16:12:35.867  5179  5179 E Trace   : error opening trace file: No such file or directory (2)
03-24 16:12:35.867  5179  5179 D ActivityThread: setTargetHeapUtilization:0.25
03-24 16:12:35.867  5179  5179 D ActivityThread: setTargetHeapIdealFree:8388608
03-24 16:12:35.867  5179  5179 D ActivityThread: setTargetHeapConcurrentStart:2097152
03-24 16:12:35.887  5179  5179 I ActivityThread: Pub com.motorola.dockservice.model: com.motorola.dockservice.DockProvider
03-24 16:12:35.887  5179  5179 D DockProvider: onCreate
03-24 16:12:35.897  5179  5179 D TargetsValidator: SelfUpgradeHandler.onReceive: intent: package:edu.gwu.rpg.androidnodecam#Intent;action=android.intent.action.PACKAGE_REPLACED;launchFlags=0x8000010;component=com.motorola.dockservice/.TargetsValidator%24SelfUpgradeHandler;B.android.intent.extra.REPLACING=true;i.android.intent.extra.UID=10117;end
03-24 16:12:35.957 30445 30532 D StateMachine: handleMessage: E msg.what=131155
03-24 16:12:35.957 30445 30532 D StateMachine: processMsg: ConnectedState
03-24 16:12:35.957 30445 30532 D WifiStateMachine: ConnectedState{ what=131155 when=-4ms arg1=1143 }
03-24 16:12:35.957 30445 30532 D StateMachine: processMsg: L2ConnectedState
03-24 16:12:35.957 30445 30532 D WifiStateMachine: L2ConnectedState{ what=131155 when=-4ms arg1=1143 }
03-24 16:12:35.957 30445 30532 D wifi    : doString: SIGNAL_POLL
03-24 16:12:35.957  5057  5057 D wpa_supplicant: wpa_s 0x41963cc0 cmd SIGNAL_POLL
03-24 16:12:35.967  5057  5057 D wpa_supplicant: nl80211: survey data missing!
03-24 16:12:35.967 30445 30532 D StateMachine: handleMessage: X
03-24 16:12:35.967  5191  5191 E Trace   : error opening trace file: No such file or directory (2)
03-24 16:12:35.977  5191  5191 D ActivityThread: setTargetHeapUtilization:0.25
03-24 16:12:35.977  5191  5191 D ActivityThread: setTargetHeapIdealFree:8388608
03-24 16:12:35.977  5191  5191 D ActivityThread: setTargetHeapConcurrentStart:2097152
03-24 16:12:36.257 30305 30305 I ServiceManager: Waiting for service media.audio_flinger...
03-24 16:12:36.547  4234  4234 V PackageMonitor: onReceive - android.intent.action.PACKAGE_REPLACED
03-24 16:12:36.547  4234  5204 V QuestTrackerService: Service started with android.intent.action.PACKAGE_REPLACED
03-24 16:12:36.558  4234  5204 V AppQuestParser: parse()
03-24 16:12:36.558  4234  5204 V GenieContentProvider: query with uri = content://com.motorola.genie/quests
03-24 16:12:36.588 32242 32242 I SlackerRadio: ACTION_PACKAGE_REPLACED
03-24 16:12:36.588  4234  5204 D QuestTrackerService: edu.gwu.rpg.androidnodecamACTION_PACKAGE_REPLACEDIntent { act=android.intent.action.PACKAGE_REPLACED dat=package:edu.gwu.rpg.androidnodecam flg=0x8000010 cmp=com.motorola.genie/.model.QuestTrackerService (has extras) }
03-24 16:12:36.628  5206  5206 E Trace   : error opening trace file: No such file or directory (2)
03-24 16:12:36.628  5206  5206 D ActivityThread: setTargetHeapUtilization:0.25
03-24 16:12:36.628  5206  5206 D ActivityThread: setTargetHeapIdealFree:8388608
03-24 16:12:36.628  5206  5206 D ActivityThread: setTargetHeapConcurrentStart:2097152
03-24 16:12:36.678  3318  5218 I PsfIntentHandler: android.intent.action.PACKAGE_REPLACED
03-24 16:12:36.678  3318  5219 E MediatorService: Cannot create command object
03-24 16:12:36.808  5206  5206 I ActivityThread: Pub com.moxier.eas.providers.notes: com.moxier.eas.engine.provider.EasNotesProvider
03-24 16:12:36.868 32298  5220 D PackageBroadcastService: Received broadcast action=android.intent.action.PACKAGE_REPLACED and uri=edu.gwu.rpg.androidnodecam
03-24 16:12:36.908 32298  5221 I PeopleContactsSync: CP2 sync disabled
03-24 16:12:37.058  5206  5206 I ActivityThread: Pub com.moxier.eas.providers.tasks: com.moxier.eas.engine.provider.EasTasksProvider
03-24 16:12:37.118 30317 30317 D dalvikvm: WAIT_FOR_CONCURRENT_GC blocked 0ms
03-24 16:12:37.158 30317 30317 D dalvikvm: GC_EXPLICIT freed 39K, 53% free 8120K/16963K, paused 2ms+2ms, total 37ms
03-24 16:12:37.158 30317 30317 D dalvikvm: WAIT_FOR_CONCURRENT_GC blocked 0ms
03-24 16:12:37.168  5223  5223 E Trace   : error opening trace file: No such file or directory (2)
03-24 16:12:37.168  5223  5223 D ActivityThread: setTargetHeapUtilization:0.25
03-24 16:12:37.168  5223  5223 D ActivityThread: setTargetHeapIdealFree:8388608
03-24 16:12:37.168  5223  5223 D ActivityThread: setTargetHeapConcurrentStart:2097152
03-24 16:12:37.208 30317 30317 D dalvikvm: GC_EXPLICIT freed <1K, 53% free 8120K/16963K, paused 9ms+1ms, total 53ms
03-24 16:12:37.208 30317 30317 D dalvikvm: WAIT_FOR_CONCURRENT_GC blocked 0ms
03-24 16:12:37.258 30305 30305 I ServiceManager: Waiting for service media.audio_flinger...
03-24 16:12:37.278 30317 30317 D dalvikvm: GC_EXPLICIT freed <1K, 53% free 8120K/16963K, paused 7ms+11ms, total 63ms
03-24 16:12:37.478  5235  5235 E Trace   : error opening trace file: No such file or directory (2)
03-24 16:12:37.478  5206  5206 I ActivityThread: Pub com.moxier.eas.provider: com.moxier.eas.engine.provider.ExchangeProvider
03-24 16:12:37.488  5235  5235 D ActivityThread: setTargetHeapUtilization:0.25
03-24 16:12:37.488  5235  5235 D ActivityThread: setTargetHeapIdealFree:8388608
03-24 16:12:37.488  5235  5235 D ActivityThread: setTargetHeapConcurrentStart:2097152
03-24 16:12:37.519  5206  5206 D Email   : onCreateCommon
03-24 16:12:37.579  5206  5206 D Email   : onCreateMoxier - com.motorola.motoemail:moxierengine
