03-24 16:16:51.997 30555 30555 D StatusBar.NetworkController:  connected to={ wifi }
03-24 16:16:51.997 30555 30555 D StatusBar.NetworkController:  level=5
03-24 16:16:51.997 30555 30555 D StatusBar.NetworkController:  combinedSignalIconId=0x7f0200aa/com.android.systemui:drawable/stat_sys_wifi_signal_3_fully
03-24 16:16:51.997 30555 30555 D StatusBar.NetworkController:   combinedActivityIconId=0x0/(null)
03-24 16:16:51.997 30555 30555 D StatusBar.NetworkController:   mAirplaneMode=false
03-24 16:16:51.997 30555 30555 D StatusBar.NetworkController:   emergencyOnly=false
03-24 16:16:51.997 30555 30555 D StatusBar.NetworkController:   mDataActivity=0
03-24 16:16:51.997 30555 30555 D StatusBar.NetworkController:   mPhoneSignalIconId=0x7f02012d/com.android.systemui:drawable/zz_moto_stat_sys_signal_5bar_5
03-24 16:16:51.997 30555 30555 D StatusBar.NetworkController:   mDataDirectionIconId(NetworkType)=0x0/(null)
03-24 16:16:51.997 30555 30555 D StatusBar.NetworkController:   mDataSignalIconId=0x7f02012d/com.android.systemui:drawable/zz_moto_stat_sys_signal_5bar_5
03-24 16:16:51.997 30555 30555 D StatusBar.NetworkController:   mDataTypeIconId(NetworkType)=0x7f0200d7
03-24 16:16:51.997 30555 30555 D StatusBar.NetworkController:   mSimIconId=0x0/com.android.systemui:drawable/zz_moto_stat_sys_data_connected_4g_lte
03-24 16:16:51.997 30555 30555 D StatusBar.NetworkController:   mDataTypeIconIdShown(NetworkType)=0x7f02010e/com.android.systemui:drawable/zz_moto_stat_sys_data_not_connected_4g_lte
03-24 16:16:51.997 30555 30555 D StatusBar.NetworkController:   mWimaxIconId=0x0/(null)
03-24 16:16:51.997 30555 30555 D StatusBar.NetworkController:   mWifiIconId=0x7f0200aa/com.android.systemui:drawable/stat_sys_wifi_signal_3_fully
03-24 16:16:51.997 30555 30555 D StatusBar.NetworkController:   mBluetoothTetherIconId=0x1080555/android:drawable/stat_sys_tether_bluetooth
03-24 16:16:52.027 30305 30305 I ServiceManager: Waiting for service media.audio_flinger...
03-24 16:16:52.497 30445 30532 D StateMachine: handleMessage: E msg.what=131155
03-24 16:16:52.497 30445 30532 D StateMachine: processMsg: ConnectedState
03-24 16:16:52.497 30445 30532 D WifiStateMachine: ConnectedState{ what=131155 when=-4ms arg1=1143 }
03-24 16:16:52.497 30445 30532 D StateMachine: processMsg: L2ConnectedState
03-24 16:16:52.497 30445 30532 D WifiStateMachine: L2ConnectedState{ what=131155 when=-5ms arg1=1143 }
03-24 16:16:52.497 30445 30532 D wifi    : doString: SIGNAL_POLL
03-24 16:16:52.507  5057  5057 D wpa_supplicant: wpa_s 0x41963cc0 cmd SIGNAL_POLL
03-24 16:16:52.517  5057  5057 D wpa_supplicant: nl80211: survey data missing!
03-24 16:16:52.517 30445 30532 D StateMachine: handleMessage: X
03-24 16:16:53.028 30305 30305 I ServiceManager: Waiting for service media.audio_flinger...
03-24 16:16:54.029 30305 30305 I ServiceManager: Waiting for service media.audio_flinger...
03-24 16:16:54.509 30686 30686 D ModemStatsService: onSignalStrengthsChanged
03-24 16:16:54.509 30686 30686 D ModemStatsService: CDMA, mRssi=-44, mEcio=-70
03-24 16:16:54.519 30555 30555 D StatusBar.NetworkController: onSignalStrengthsChanged signalStrength=SignalStrength: 99 0 -44 -70 -120 -1 -1 31 -68 -13 250 2147483647 cdma 0 0 0 false 0 0 5 0 5 16 99 0 5 5 5 5 5 5 5 0 level=5
03-24 16:16:54.519 30445   317 D ConnectivityService: getMobileDataEnabled returning true
03-24 16:16:54.519 30555 30555 D StatusBar.NetworkController: updateTelephonySignalStrength mSignalStrength=SignalStrength: 99 0 -44 -70 -120 -1 -1 31 -68 -13 250 2147483647 cdma 0 0 0 false 0 0 5 0 5 16 99 0 5 5 5 5 5 5 5 0
03-24 16:16:54.519 30555 30555 D StatusBar.NetworkController: updateTelephonySignalStrength mMaxSignalLevel=5
03-24 16:16:54.519 30555 30555 D StatusBar.NetworkController: isForced1xMode: ( mPhoneState != TelephonyManager.CALL_STATE_IDLE )=false
03-24 16:16:54.519 30555 30555 D StatusBar.NetworkController: isForced1xMode: mDataNetType=13
03-24 16:16:54.519 30555 30555 D StatusBar.NetworkController: isForced1xMode: isEvdo=false
03-24 16:16:54.529 30555 30555 D MotoSystemUIUtils: Not on network extender
03-24 16:16:54.529 30555 30555 D StatusBar.NetworkController: isForced1xMode: TelephonyProperties.PROPERTY_SVDO=false
03-24 16:16:54.529 30555 30555 D StatusBar.NetworkController: isForced1xMode: isLte=true
03-24 16:16:54.529 30555 30555 D StatusBar.NetworkController: isForced1xMode: TelephonyProperties.PROPERTY_SVDATA=true
03-24 16:16:54.529 30555 30555 D StatusBar.NetworkController: isForced1xMode: returns false (use active radioTech's normal mode)
03-24 16:16:54.529 30555 30555 D StatusBar.NetworkController: getLevel: using active-radio level: level=5
03-24 16:16:54.529 30555 30555 D StatusBar.NetworkController: updateTelephonySignalStrength Service={CDMA, Not-Roaming}, iconLevel=5 NumBars=5 IconId=2130837805/com.android.systemui:drawable/zz_moto_stat_sys_signal_5bar_5
03-24 16:16:54.529 30555 30555 D StatusBar.NetworkController: updateRoamingIcon: has Service
03-24 16:16:54.529 30555 30555 D StatusBar.NetworkController: updateRoamingIcon: CDMA
03-24 16:16:54.529 30555 30555 D StatusBar.NetworkController: Cdma ROAMING_INDICATOR_OFF, removing ERI icon
03-24 16:16:54.529 30555 30555 D StatusBar.NetworkController: updateRoamingIcon: mRoamingIconId = 0 (#3)
03-24 16:16:54.529 30555 30555 D StatusBar.NetworkController: updateRoamingIcon: mRoamingIconId=0/(null)
03-24 16:16:54.529 30555 30555 D StatusBar.NetworkController: updateRoamingIcon: mContentDescriptionRoaming="Not roaming."
03-24 16:16:54.529 30555 30555 D StatusBar.NetworkController: In updateSimIcon simState= READY
03-24 16:16:54.529 30555 30555 D StatusBar.NetworkController: updateSimIcon: mSimIconId=0/(null), mContentDescriptionSim=""
03-24 16:16:54.529 30555 30555 D StatusBar.NetworkController: refreshViews: mDataConnected=false
03-24 16:16:54.529 30555 30555 D StatusBar.NetworkController: refreshViews: mWifiConnected=true
03-24 16:16:54.529 30555 30555 D StatusBar.NetworkController: refreshViews: wifi active:
03-24 16:16:54.529 30555 30555 D StatusBar.NetworkController: refreshViews:   wifiLabel="GW1XxxxxXXXXxxxxXXXX"
03-24 16:16:54.529 30555 30555 D StatusBar.NetworkController: refreshViews:   combinedActivityIconId=0/(null) = mWifiActivityIconId=0/(null)
03-24 16:16:54.529 30555 30555 D StatusBar.NetworkController: refreshViews:   combinedSignalIconId=2130837674/com.android.systemui:drawable/stat_sys_wifi_signal_3_fully = mWifiIconId=2130837674/com.android.systemui:drawable/stat_sys_wifi_signal_3_fully
03-24 16:16:54.529 30555 30555 D StatusBar.NetworkController: refreshViews:   mContentDescriptionCombinedSignal="Wi-Fi two bars."
03-24 16:16:54.529 30555 30555 D StatusBar.NetworkController: refreshViews:   combinedLabel="GW1XxxxxXXXXxxxxXXXX"
03-24 16:16:54.529 30555 30555 D StatusBar.NetworkController: refreshViews: mBluetoothTethered=false
03-24 16:16:54.529 30555 30555 D StatusBar.NetworkController: refreshViews: mAirplaneMode=false
03-24 16:16:54.529 30555 30555 D StatusBar.NetworkController: refreshViews: or no service:
03-24 16:16:54.529 30555 30555 D StatusBar.NetworkController: refreshViews:   mServiceState=0 home data home domestic Verizon Wireless  311480  LTE CSS supported 3 18 mDataState=0 RoamInd=64 DefRoamInd=1 EmergOnly=false==null
03-24 16:16:54.529 30555 30555 D StatusBar.NetworkController: refreshViews:   || ( hasService()=true==false && 
03-24 16:16:54.529 30555 30555 D StatusBar.NetworkController: refreshViews:   mServiceState.isEmergencyOnly()=false==false )
03-24 16:16:54.539 30445   316 D ConnectivityService: getMobileDataEnabled returning true
03-24 16:16:54.539 30555 30555 D StatusBar.NetworkController: refreshViews: Show/Hide data icon when wifi is active:
03-24 16:16:54.539 30555 30555 D StatusBar.NetworkController: refreshViews:   is CDMA || LTE : mDataState=0 mConfigShowBothWifiAndMobileNetwork=true mWifiConnected=true mConfigAlwaysShowAttachedNetworkType=false mMobileDataEnabled=true isEmergencyOnly=false
03-24 16:16:54.539 30445 30727 D ConnectivityService: getMobileDataEnabled returning true
03-24 16:16:54.539 30555 30555 D StatusBar.NetworkController: refreshViews: CDMA || LTE:
03-24 16:16:54.539 30555 30555 D StatusBar.NetworkController: refreshViews:   mDataTypeIconIdShown(NetworkType)=2130837774/com.android.systemui:drawable/zz_moto_stat_sys_data_not_connected_4g_lte
03-24 16:16:54.539 30555 30555 D StatusBar.NetworkController: refreshViews:   mMobileActivityIconId=0/(null)
03-24 16:16:54.539 30555 30555 D StatusBar.NetworkController: updateDataIconForDisabledOption: showDataDisabledIcon = 0
03-24 16:16:54.539 30445   315 D ConnectivityService: getMobileDataEnabled returning true
03-24 16:16:54.539 30555 30555 D StatusBar.NetworkController: refreshViews: SUMMARY:
03-24 16:16:54.539 30555 30555 D StatusBar.NetworkController:  connected to={ wifi }
03-24 16:16:54.539 30555 30555 D StatusBar.NetworkController:  level=5
03-24 16:16:54.539 30555 30555 D StatusBar.NetworkController:  combinedSignalIconId=0x7f0200aa/com.android.systemui:drawable/stat_sys_wifi_signal_3_fully
03-24 16:16:54.539 30555 30555 D StatusBar.NetworkController:   combinedActivityIconId=0x0/(null)
03-24 16:16:54.539 30555 30555 D StatusBar.NetworkController:   mAirplaneMode=false
03-24 16:16:54.539 30555 30555 D StatusBar.NetworkController:   emergencyOnly=false
03-24 16:16:54.539 30555 30555 D StatusBar.NetworkController:   mDataActivity=0
03-24 16:16:54.539 30555 30555 D StatusBar.NetworkController:   mPhoneSignalIconId=0x7f02012d/com.android.systemui:drawable/zz_moto_stat_sys_signal_5bar_5
03-24 16:16:54.539 30555 30555 D StatusBar.NetworkController:   mDataDirectionIconId(NetworkType)=0x0/(null)
03-24 16:16:54.539 30555 30555 D StatusBar.NetworkController:   mDataSignalIconId=0x7f02012d/com.android.systemui:drawable/zz_moto_stat_sys_signal_5bar_5
03-24 16:16:54.539 30555 30555 D StatusBar.NetworkController:   mDataTypeIconId(NetworkType)=0x7f0200d7
03-24 16:16:54.539 30555 30555 D StatusBar.NetworkController:   mSimIconId=0x0/com.android.systemui:drawable/zz_moto_stat_sys_data_connected_4g_lte
03-24 16:16:54.539 30555 30555 D StatusBar.NetworkController:   mDataTypeIconIdShown(NetworkType)=0x7f02010e/com.android.systemui:drawable/zz_moto_stat_sys_data_not_connected_4g_lte
03-24 16:16:54.539 30555 30555 D StatusBar.NetworkController:   mWimaxIconId=0x0/(null)
03-24 16:16:54.539 30555 30555 D StatusBar.NetworkController:   mWifiIconId=0x7f0200aa/com.android.systemui:drawable/stat_sys_wifi_signal_3_fully
03-24 16:16:54.539 30555 30555 D StatusBar.NetworkController:   mBluetoothTetherIconId=0x1080555/android:drawable/stat_sys_tether_bluetooth
03-24 16:16:54.539 30555 30555 D StatusBar.NetworkController: refreshViews: mDataConnected=false
03-24 16:16:54.539 30555 30555 D StatusBar.NetworkController: refreshViews: mWifiConnected=true
03-24 16:16:54.539 30555 30555 D StatusBar.NetworkController: refreshViews: wifi active:
03-24 16:16:54.539 30555 30555 D StatusBar.NetworkController: refreshViews:   wifiLabel="GW1XxxxxXXXXxxxxXXXX"
03-24 16:16:54.539 30555 30555 D StatusBar.NetworkController: refreshViews:   combinedActivityIconId=0/(null) = mWifiActivityIconId=0/(null)
03-24 16:16:54.539 30555 30555 D StatusBar.NetworkController: refreshViews:   combinedSignalIconId=2130837674/com.android.systemui:drawable/stat_sys_wifi_signal_3_fully = mWifiIconId=2130837674/com.android.systemui:drawable/stat_sys_wifi_signal_3_fully
03-24 16:16:54.539 30555 30555 D StatusBar.NetworkController: refreshViews:   mContentDescriptionCombinedSignal="Wi-Fi two bars."
03-24 16:16:54.539 30555 30555 D StatusBar.NetworkController: refreshViews:   combinedLabel="GW1XxxxxXXXXxxxxXXXX"
03-24 16:16:54.539 30555 30555 D StatusBar.NetworkController: refreshViews: mBluetoothTethered=false
03-24 16:16:54.539 30555 30555 D StatusBar.NetworkController: refreshViews: mAirplaneMode=false
03-24 16:16:54.539 30555 30555 D StatusBar.NetworkController: refreshViews: or no service:
03-24 16:16:54.539 30555 30555 D StatusBar.NetworkController: refreshViews:   mServiceState=0 home data home domestic Verizon Wireless  311480  LTE CSS supported 3 18 mDataState=0 RoamInd=64 DefRoamInd=1 EmergOnly=false==null
03-24 16:16:54.539 30555 30555 D StatusBar.NetworkController: refreshViews:   || ( hasService()=true==false && 
03-24 16:16:54.539 30555 30555 D StatusBar.NetworkController: refreshViews:   mServiceState.isEmergencyOnly()=false==false )
03-24 16:16:54.539 30445 30456 D ConnectivityService: getMobileDataEnabled returning true
03-24 16:16:54.539 30555 30555 D StatusBar.NetworkController: refreshViews: Show/Hide data icon when wifi is active:
03-24 16:16:54.539 30555 30555 D StatusBar.NetworkController: refreshViews:   is CDMA || LTE : mDataState=0 mConfigShowBothWifiAndMobileNetwork=true mWifiConnected=true mConfigAlwaysShowAttachedNetworkType=false mMobileDataEnabled=true isEmergencyOnly=false
03-24 16:16:54.539 30445   318 D ConnectivityService: getMobileDataEnabled returning true
03-24 16:16:54.539 30555 30555 D StatusBar.NetworkController: refreshViews: CDMA || LTE:
03-24 16:16:54.539 30555 30555 D StatusBar.NetworkController: refreshViews:   mDataTypeIconIdShown(NetworkType)=2130837774/com.android.systemui:drawable/zz_moto_stat_sys_data_not_connected_4g_lte
03-24 16:16:54.539 30555 30555 D StatusBar.NetworkController: refreshViews:   mMobileActivityIconId=0/(null)
03-24 16:16:54.539 30555 30555 D StatusBar.NetworkController: updateDataIconForDisabledOption: showDataDisabledIcon = 0
03-24 16:16:54.539 30445 30716 D ConnectivityService: getMobileDataEnabled returning true
03-24 16:16:54.539 30555 30555 D StatusBar.NetworkController: refreshViews: SUMMARY:
03-24 16:16:54.539 30555 30555 D StatusBar.NetworkController:  connected to={ wifi }
03-24 16:16:54.539 30555 30555 D StatusBar.NetworkController:  level=5
03-24 16:16:54.539 30555 30555 D StatusBar.NetworkController:  combinedSignalIconId=0x7f0200aa/com.android.systemui:drawable/stat_sys_wifi_signal_3_fully
03-24 16:16:54.539 30555 30555 D StatusBar.NetworkController:   combinedActivityIconId=0x0/(null)
03-24 16:16:54.539 30555 30555 D StatusBar.NetworkController:   mAirplaneMode=false
03-24 16:16:54.539 30555 30555 D StatusBar.NetworkController:   emergencyOnly=false
03-24 16:16:54.539 30555 30555 D StatusBar.NetworkController:   mDataActivity=0
03-24 16:16:54.539 30555 30555 D StatusBar.NetworkController:   mPhoneSignalIconId=0x7f02012d/com.android.systemui:drawable/zz_moto_stat_sys_signal_5bar_5
03-24 16:16:54.539 30555 30555 D StatusBar.NetworkController:   mDataDirectionIconId(NetworkType)=0x0/(null)
03-24 16:16:54.539 30555 30555 D StatusBar.NetworkController:   mDataSignalIconId=0x7f02012d/com.android.systemui:drawable/zz_moto_stat_sys_signal_5bar_5
03-24 16:16:54.539 30555 30555 D StatusBar.NetworkController:   mDataTypeIconId(NetworkType)=0x7f0200d7
03-24 16:16:54.539 30555 30555 D StatusBar.NetworkController:   mSimIconId=0x0/com.android.systemui:drawable/zz_moto_stat_sys_data_connected_4g_lte
03-24 16:16:54.539 30555 30555 D StatusBar.NetworkController:   mDataTypeIconIdShown(NetworkType)=0x7f02010e/com.android.systemui:drawable/zz_moto_stat_sys_data_not_connected_4g_lte
03-24 16:16:54.539 30555 30555 D StatusBar.NetworkController:   mWimaxIconId=0x0/(null)
03-24 16:16:54.539 30555 30555 D StatusBar.NetworkController:   mWifiIconId=0x7f0200aa/com.android.systemui:drawable/stat_sys_wifi_signal_3_fully
03-24 16:16:54.539 30555 30555 D StatusBar.NetworkController:   mBluetoothTetherIconId=0x1080555/android:drawable/stat_sys_tether_bluetooth
03-24 16:16:55.020 30305 30305 I ServiceManager: Waiting for service media.audio_flinger...
03-24 16:16:55.510 30445 30532 D StateMachine: handleMessage: E msg.what=131155
03-24 16:16:55.510 30445 30532 D StateMachine: processMsg: ConnectedState
03-24 16:16:55.510 30445 30532 D WifiStateMachine: ConnectedState{ what=131155 when=-4ms arg1=1143 }
03-24 16:16:55.510 30445 30532 D StateMachine: processMsg: L2ConnectedState
03-24 16:16:55.510 30445 30532 D WifiStateMachine: L2ConnectedState{ what=131155 when=-6ms arg1=1143 }
03-24 16:16:55.510 30445 30532 D wifi    : doString: SIGNAL_POLL
03-24 16:16:55.510  5057  5057 D wpa_supplicant: wpa_s 0x41963cc0 cmd SIGNAL_POLL
03-24 16:16:55.520  5057  5057 D wpa_supplicant: nl80211: survey data missing!
03-24 16:16:55.520 30445 30532 D StateMachine: handleMessage: X
03-24 16:16:55.751 30555 30555 I Adreno200-EGLSUB: <ConfigWindowMatch:2087>: Format RGBA_8888.
03-24 16:16:55.751 30445 30455 W InputMethodManagerService: Window already focused, ignoring focus gain of: com.android.internal.view.IInputMethodClient$Stub$Proxy@42634090 attribute=null
03-24 16:16:55.761 30555 30555 D PhoneStatusBar: disable: < expand icons alerts ticker* system_info back home recent clock >
03-24 16:16:55.771   331   423 I Adreno200-EGLSUB: <CreateImage:897>: Android Image
03-24 16:16:55.771   331   423 I Adreno200-EGLSUB: <GetImageAttributes:1106>: RGBA_8888
03-24 16:16:56.021 30305 30305 I ServiceManager: Waiting for service media.audio_flinger...
03-24 16:16:57.022 30305 30305 W AudioSystem: AudioFlinger not published, waiting...
03-24 16:16:57.072 30445 30485 V AlarmManager: sending alarm Alarm{42255a30 type 3 android}
03-24 16:16:57.072 30445 30485 D PowerManagerService: acquireWakeLock flags=0x1 tag=AlarmManager
03-24 16:16:57.082 30445 30651 W ThrottleService: unable to find stats for iface rmnet0
03-24 16:16:57.092 30445 30460 D PowerManagerService: releaseWakeLock flags=0x1 tag=AlarmManager
03-24 16:16:57.523 30305 30305 I ServiceManager: Waiting for service media.audio_flinger...
03-24 16:16:58.524 30305 30305 I ServiceManager: Waiting for service media.audio_flinger...
03-24 16:16:58.524 30445 30532 D StateMachine: handleMessage: E msg.what=131155
03-24 16:16:58.534 30445 30532 D StateMachine: processMsg: ConnectedState
03-24 16:16:58.534 30445 30532 D WifiStateMachine: ConnectedState{ what=131155 when=-5ms arg1=1143 }
03-24 16:16:58.534 30445 30532 D StateMachine: processMsg: L2ConnectedState
03-24 16:16:58.534 30445 30532 D WifiStateMachine: L2ConnectedState{ what=131155 when=-7ms arg1=1143 }
03-24 16:16:58.534 30445 30532 D wifi    : doString: SIGNAL_POLL
03-24 16:16:58.534  5057  5057 D wpa_supplicant: wpa_s 0x41963cc0 cmd SIGNAL_POLL
03-24 16:16:58.544  5057  5057 D wpa_supplicant: nl80211: survey data missing!
03-24 16:16:58.544 30445 30532 D StateMachine: handleMessage: X
03-24 16:16:58.604 30445 30481 D BatteryTempPolicy: updateBatteryTemp temperature = 281, Threshhold = 3
03-24 16:16:58.614 30555 30555 D StatusBar.BatteryController: Show 'charging': status=2, level=65
03-24 16:16:58.634 13907 13907 D ImageView3DMsgHandler: start onHandleMessage : 4
03-24 16:16:58.634 13907 13907 D ImageView3DMsgHandler: start  decodeStream 
03-24 16:16:58.644 13907 13907 D ImageView3DMsgHandler: end  decodeStream 
03-24 16:16:58.644 13907 13907 D ImageView3DMsgHandler: end onHandleMessage : 4
03-24 16:16:58.674 13907 13907 D ImageView3DMsgHandler: start onHandleMessage : 4
03-24 16:16:58.674 13907 13907 D ImageView3DMsgHandler: start  decodeStream 
03-24 16:16:58.674 13907 13907 D ImageView3DMsgHandler: end  decodeStream 
03-24 16:16:58.694 13907 13907 D ImageView3DMsgHandler: end onHandleMessage : 4
03-24 16:16:58.694 13907 13907 D ImageView3DMsgHandler: start onHandleMessage : 9
03-24 16:16:58.704 13907 13907 D ImageView3DMsgHandler: end onHandleMessage : 9
03-24 16:16:58.714 13907 13907 D ImageView3DMsgHandler: start onHandleMessage : 9
03-24 16:16:58.724 13907 13907 D ImageView3DMsgHandler: end onHandleMessage : 9
03-24 16:16:59.525 30305 30305 I ServiceManager: Waiting for service media.audio_flinger...
03-24 16:16:59.995 30445 30485 V AlarmManager: sending alarm Alarm{41d77ce0 type 3 android}
03-24 16:16:59.995 30445 30485 D PowerManagerService: acquireWakeLock flags=0x1 tag=AlarmManager
03-24 16:17:00.045   331   423 I Adreno200-EGLSUB: <CreateImage:897>: Android Image
03-24 16:17:00.045   331   423 I Adreno200-EGLSUB: <GetImageAttributes:1106>: RGBA_8888
03-24 16:17:00.085 13907 13907 D ImageView3DMsgHandler: start onHandleMessage : 9
03-24 16:17:00.095 13907 13907 D ImageView3DMsgHandler: end onHandleMessage : 9
03-24 16:17:00.095 30555 30555 D SizeAdaptiveLayout: com.android.internal.widget.SizeAdaptiveLayout@41e4d728child view android.widget.FrameLayout@41f18860 measured out of bounds at 95px clamped to 96px
03-24 16:17:00.115 30445 30460 D PowerManagerService: releaseWakeLock flags=0x1 tag=AlarmManager
03-24 16:17:00.526 30305 30305 I ServiceManager: Waiting for service media.audio_flinger...
03-24 16:17:00.916 30686 30686 D ModemStatsService: onSignalStrengthsChanged
03-24 16:17:00.916 30686 30686 D ModemStatsService: CDMA, mRssi=-44, mEcio=-70
03-24 16:17:00.916 30555 30555 D StatusBar.NetworkController: onSignalStrengthsChanged signalStrength=SignalStrength: 99 0 -44 -70 -120 -1 -1 31 -69 -13 228 2147483647 cdma 0 0 0 false 0 0 5 0 5 16 99 0 5 5 5 5 5 5 5 0 level=5
03-24 16:17:00.916 30445 31651 D ConnectivityService: getMobileDataEnabled returning true
03-24 16:17:00.936 30555 30555 D StatusBar.NetworkController: updateTelephonySignalStrength mSignalStrength=SignalStrength: 99 0 -44 -70 -120 -1 -1 31 -69 -13 228 2147483647 cdma 0 0 0 false 0 0 5 0 5 16 99 0 5 5 5 5 5 5 5 0
03-24 16:17:00.936 30555 30555 D StatusBar.NetworkController: updateTelephonySignalStrength mMaxSignalLevel=5
03-24 16:17:00.936 30555 30555 D StatusBar.NetworkController: isForced1xMode: ( mPhoneState != TelephonyManager.CALL_STATE_IDLE )=false
03-24 16:17:00.936 30555 30555 D StatusBar.NetworkController: isForced1xMode: mDataNetType=13
03-24 16:17:00.936 30555 30555 D StatusBar.NetworkController: isForced1xMode: isEvdo=false
03-24 16:17:00.946 30555 30555 D MotoSystemUIUtils: Not on network extender
03-24 16:17:00.946 30555 30555 D StatusBar.NetworkController: isForced1xMode: TelephonyProperties.PROPERTY_SVDO=false
03-24 16:17:00.946 30555 30555 D StatusBar.NetworkController: isForced1xMode: isLte=true
03-24 16:17:00.946 30555 30555 D StatusBar.NetworkController: isForced1xMode: TelephonyProperties.PROPERTY_SVDATA=true
03-24 16:17:00.946 30555 30555 D StatusBar.NetworkController: isForced1xMode: returns false (use active radioTech's normal mode)
03-24 16:17:00.946 30555 30555 D StatusBar.NetworkController: getLevel: using active-radio level: level=5
03-24 16:17:00.946 30555 30555 D StatusBar.NetworkController: updateTelephonySignalStrength Service={CDMA, Not-Roaming}, iconLevel=5 NumBars=5 IconId=2130837805/com.android.systemui:drawable/zz_moto_stat_sys_signal_5bar_5
03-24 16:17:00.946 30555 30555 D StatusBar.NetworkController: updateRoamingIcon: has Service
03-24 16:17:00.946 30555 30555 D StatusBar.NetworkController: updateRoamingIcon: CDMA
03-24 16:17:00.946 30555 30555 D StatusBar.NetworkController: Cdma ROAMING_INDICATOR_OFF, removing ERI icon
03-24 16:17:00.946 30555 30555 D StatusBar.NetworkController: updateRoamingIcon: mRoamingIconId = 0 (#3)
03-24 16:17:00.946 30555 30555 D StatusBar.NetworkController: updateRoamingIcon: mRoamingIconId=0/(null)
03-24 16:17:00.946 30555 30555 D StatusBar.NetworkController: updateRoamingIcon: mContentDescriptionRoaming="Not roaming."
03-24 16:17:00.946 30555 30555 D StatusBar.NetworkController: In updateSimIcon simState= READY
03-24 16:17:00.946 30555 30555 D StatusBar.NetworkController: updateSimIcon: mSimIconId=0/(null), mContentDescriptionSim=""
03-24 16:17:00.946 30555 30555 D StatusBar.NetworkController: refreshViews: mDataConnected=false
03-24 16:17:00.946 30555 30555 D StatusBar.NetworkController: refreshViews: mWifiConnected=true
03-24 16:17:00.946 30555 30555 D StatusBar.NetworkController: refreshViews: wifi active:
03-24 16:17:00.946 30555 30555 D StatusBar.NetworkController: refreshViews:   wifiLabel="GW1XxxxxXXXXxxxxXXXX"
03-24 16:17:00.946 30555 30555 D StatusBar.NetworkController: refreshViews:   combinedActivityIconId=0/(null) = mWifiActivityIconId=0/(null)
03-24 16:17:00.946 30555 30555 D StatusBar.NetworkController: refreshViews:   combinedSignalIconId=2130837674/com.android.systemui:drawable/stat_sys_wifi_signal_3_fully = mWifiIconId=2130837674/com.android.systemui:drawable/stat_sys_wifi_signal_3_fully
03-24 16:17:00.946 30555 30555 D StatusBar.NetworkController: refreshViews:   mContentDescriptionCombinedSignal="Wi-Fi two bars."
03-24 16:17:00.956 30555 30555 D StatusBar.NetworkController: refreshViews:   combinedLabel="GW1XxxxxXXXXxxxxXXXX"
03-24 16:17:00.956 30555 30555 D StatusBar.NetworkController: refreshViews: mBluetoothTethered=false
03-24 16:17:00.956 30555 30555 D StatusBar.NetworkController: refreshViews: mAirplaneMode=false
03-24 16:17:00.956 30555 30555 D StatusBar.NetworkController: refreshViews: or no service:
03-24 16:17:00.956 30555 30555 D StatusBar.NetworkController: refreshViews:   mServiceState=0 home data home domestic Verizon Wireless  311480  LTE CSS supported 3 18 mDataState=0 RoamInd=64 DefRoamInd=1 EmergOnly=false==null
03-24 16:17:00.956 30555 30555 D StatusBar.NetworkController: refreshViews:   || ( hasService()=true==false && 
03-24 16:17:00.956 30555 30555 D StatusBar.NetworkController: refreshViews:   mServiceState.isEmergencyOnly()=false==false )
03-24 16:17:00.956 30445 30954 D ConnectivityService: getMobileDataEnabled returning true
03-24 16:17:00.956 30555 30555 D StatusBar.NetworkController: refreshViews: Show/Hide data icon when wifi is active:
03-24 16:17:00.956 30555 30555 D StatusBar.NetworkController: refreshViews:   is CDMA || LTE : mDataState=0 mConfigShowBothWifiAndMobileNetwork=true mWifiConnected=true mConfigAlwaysShowAttachedNetworkType=false mMobileDataEnabled=true isEmergencyOnly=false
03-24 16:17:00.956 30445 30936 D ConnectivityService: getMobileDataEnabled returning true
03-24 16:17:00.956 30555 30555 D StatusBar.NetworkController: refreshViews: CDMA || LTE:
03-24 16:17:00.956 30555 30555 D StatusBar.NetworkController: refreshViews:   mDataTypeIconIdShown(NetworkType)=2130837774/com.android.systemui:drawable/zz_moto_stat_sys_data_not_connected_4g_lte
03-24 16:17:00.956 30555 30555 D StatusBar.NetworkController: refreshViews:   mMobileActivityIconId=0/(null)
03-24 16:17:00.956 30555 30555 D StatusBar.NetworkController: updateDataIconForDisabledOption: showDataDisabledIcon = 0
03-24 16:17:00.956 30445 30715 D ConnectivityService: getMobileDataEnabled returning true
03-24 16:17:00.956 30555 30555 D StatusBar.NetworkController: refreshViews: SUMMARY:
03-24 16:17:00.956 30555 30555 D StatusBar.NetworkController:  connected to={ wifi }
03-24 16:17:00.956 30555 30555 D StatusBar.NetworkController:  level=5
03-24 16:17:00.956 30555 30555 D StatusBar.NetworkController:  combinedSignalIconId=0x7f0200aa/com.android.systemui:drawable/stat_sys_wifi_signal_3_fully
03-24 16:17:00.956 30555 30555 D StatusBar.NetworkController:   combinedActivityIconId=0x0/(null)
03-24 16:17:00.956 30555 30555 D StatusBar.NetworkController:   mAirplaneMode=false
03-24 16:17:00.956 30555 30555 D StatusBar.NetworkController:   emergencyOnly=false
03-24 16:17:00.956 30555 30555 D StatusBar.NetworkController:   mDataActivity=0
03-24 16:17:00.956 30555 30555 D StatusBar.NetworkController:   mPhoneSignalIconId=0x7f02012d/com.android.systemui:drawable/zz_moto_stat_sys_signal_5bar_5
03-24 16:17:00.956 30555 30555 D StatusBar.NetworkController:   mDataDirectionIconId(NetworkType)=0x0/(null)
03-24 16:17:00.956 30555 30555 D StatusBar.NetworkController:   mDataSignalIconId=0x7f02012d/com.android.systemui:drawable/zz_moto_stat_sys_signal_5bar_5
03-24 16:17:00.956 30555 30555 D StatusBar.NetworkController:   mDataTypeIconId(NetworkType)=0x7f0200d7
03-24 16:17:00.956 30555 30555 D StatusBar.NetworkController:   mSimIconId=0x0/com.android.systemui:drawable/zz_moto_stat_sys_data_connected_4g_lte
03-24 16:17:00.956 30555 30555 D StatusBar.NetworkController:   mDataTypeIconIdShown(NetworkType)=0x7f02010e/com.android.systemui:drawable/zz_moto_stat_sys_data_not_connected_4g_lte
03-24 16:17:00.956 30555 30555 D StatusBar.NetworkController:   mWimaxIconId=0x0/(null)
03-24 16:17:00.956 30555 30555 D StatusBar.NetworkController:   mWifiIconId=0x7f0200aa/com.android.systemui:drawable/stat_sys_wifi_signal_3_fully
03-24 16:17:00.956 30555 30555 D StatusBar.NetworkController:   mBluetoothTetherIconId=0x1080555/android:drawable/stat_sys_tether_bluetooth
03-24 16:17:00.956 30555 30555 D StatusBar.NetworkController: refreshViews: mDataConnected=false
03-24 16:17:00.956 30555 30555 D StatusBar.NetworkController: refreshViews: mWifiConnected=true
03-24 16:17:00.956 30555 30555 D StatusBar.NetworkController: refreshViews: wifi active:
03-24 16:17:00.956 30555 30555 D StatusBar.NetworkController: refreshViews:   wifiLabel="GW1XxxxxXXXXxxxxXXXX"
03-24 16:17:00.956 30555 30555 D StatusBar.NetworkController: refreshViews:   combinedActivityIconId=0/(null) = mWifiActivityIconId=0/(null)
03-24 16:17:00.956 30555 30555 D StatusBar.NetworkController: refreshViews:   combinedSignalIconId=2130837674/com.android.systemui:drawable/stat_sys_wifi_signal_3_fully = mWifiIconId=2130837674/com.android.systemui:drawable/stat_sys_wifi_signal_3_fully
03-24 16:17:00.956 30555 30555 D StatusBar.NetworkController: refreshViews:   mContentDescriptionCombinedSignal="Wi-Fi two bars."
03-24 16:17:00.956 30555 30555 D StatusBar.NetworkController: refreshViews:   combinedLabel="GW1XxxxxXXXXxxxxXXXX"
03-24 16:17:00.956 30555 30555 D StatusBar.NetworkController: refreshViews: mBluetoothTethered=false
03-24 16:17:00.956 30555 30555 D StatusBar.NetworkController: refreshViews: mAirplaneMode=false
03-24 16:17:00.956 30555 30555 D StatusBar.NetworkController: refreshViews: or no service:
03-24 16:17:00.956 30555 30555 D StatusBar.NetworkController: refreshViews:   mServiceState=0 home data home domestic Verizon Wireless  311480  LTE CSS supported 3 18 mDataState=0 RoamInd=64 DefRoamInd=1 EmergOnly=false==null
03-24 16:17:00.956 30555 30555 D StatusBar.NetworkController: refreshViews:   || ( hasService()=true==false && 
03-24 16:17:00.956 30555 30555 D StatusBar.NetworkController: refreshViews:   mServiceState.isEmergencyOnly()=false==false )
03-24 16:17:00.956 30445 30718 D ConnectivityService: getMobileDataEnabled returning true
03-24 16:17:00.956 30555 30555 D StatusBar.NetworkController: refreshViews: Show/Hide data icon when wifi is active:
03-24 16:17:00.956 30555 30555 D StatusBar.NetworkController: refreshViews:   is CDMA || LTE : mDataState=0 mConfigShowBothWifiAndMobileNetwork=true mWifiConnected=true mConfigAlwaysShowAttachedNetworkType=false mMobileDataEnabled=true isEmergencyOnly=false
03-24 16:17:00.956 30445 30725 D ConnectivityService: getMobileDataEnabled returning true
03-24 16:17:00.966 30555 30555 D StatusBar.NetworkController: refreshViews: CDMA || LTE:
03-24 16:17:00.966 30555 30555 D StatusBar.NetworkController: refreshViews:   mDataTypeIconIdShown(NetworkType)=2130837774/com.android.systemui:drawable/zz_moto_stat_sys_data_not_connected_4g_lte
03-24 16:17:00.966 30555 30555 D StatusBar.NetworkController: refreshViews:   mMobileActivityIconId=0/(null)
03-24 16:17:00.966 30555 30555 D StatusBar.NetworkController: updateDataIconForDisabledOption: showDataDisabledIcon = 0
03-24 16:17:00.966 30445   317 D ConnectivityService: getMobileDataEnabled returning true
03-24 16:17:00.966 30555 30555 D StatusBar.NetworkController: refreshViews: SUMMARY:
03-24 16:17:00.966 30555 30555 D StatusBar.NetworkController:  connected to={ wifi }
03-24 16:17:00.966 30555 30555 D StatusBar.NetworkController:  level=5
03-24 16:17:00.966 30555 30555 D StatusBar.NetworkController:  combinedSignalIconId=0x7f0200aa/com.android.systemui:drawable/stat_sys_wifi_signal_3_fully
03-24 16:17:00.966 30555 30555 D StatusBar.NetworkController:   combinedActivityIconId=0x0/(null)
03-24 16:17:00.966 30555 30555 D StatusBar.NetworkController:   mAirplaneMode=false
03-24 16:17:00.966 30555 30555 D StatusBar.NetworkController:   emergencyOnly=false
03-24 16:17:00.966 30555 30555 D StatusBar.NetworkController:   mDataActivity=0
03-24 16:17:00.966 30555 30555 D StatusBar.NetworkController:   mPhoneSignalIconId=0x7f02012d/com.android.systemui:drawable/zz_moto_stat_sys_signal_5bar_5
03-24 16:17:00.966 30555 30555 D StatusBar.NetworkController:   mDataDirectionIconId(NetworkType)=0x0/(null)
03-24 16:17:00.966 30555 30555 D StatusBar.NetworkController:   mDataSignalIconId=0x7f02012d/com.android.systemui:drawable/zz_moto_stat_sys_signal_5bar_5
03-24 16:17:00.966 30555 30555 D StatusBar.NetworkController:   mDataTypeIconId(NetworkType)=0x7f0200d7
03-24 16:17:00.966 30555 30555 D StatusBar.NetworkController:   mSimIconId=0x0/com.android.systemui:drawable/zz_moto_stat_sys_data_connected_4g_lte
03-24 16:17:00.966 30555 30555 D StatusBar.NetworkController:   mDataTypeIconIdShown(NetworkType)=0x7f02010e/com.android.systemui:drawable/zz_moto_stat_sys_data_not_connected_4g_lte
03-24 16:17:00.966 30555 30555 D StatusBar.NetworkController:   mWimaxIconId=0x0/(null)
03-24 16:17:00.966 30555 30555 D StatusBar.NetworkController:   mWifiIconId=0x7f0200aa/com.android.systemui:drawable/stat_sys_wifi_signal_3_fully
03-24 16:17:00.966 30555 30555 D StatusBar.NetworkController:   mBluetoothTetherIconId=0x1080555/android:drawable/stat_sys_tether_bluetooth
03-24 16:17:01.527 30305 30305 I ServiceManager: Waiting for service media.audio_flinger...
03-24 16:17:01.547 30445 30532 D StateMachine: handleMessage: E msg.what=131155
03-24 16:17:01.547 30445 30532 D StateMachine: processMsg: ConnectedState
03-24 16:17:01.547 30445 30532 D WifiStateMachine: ConnectedState{ what=131155 when=-4ms arg1=1143 }
03-24 16:17:01.547 30445 30532 D StateMachine: processMsg: L2ConnectedState
03-24 16:17:01.547 30445 30532 D WifiStateMachine: L2ConnectedState{ what=131155 when=-6ms arg1=1143 }
03-24 16:17:01.547 30445 30532 D wifi    : doString: SIGNAL_POLL
03-24 16:17:01.557  5057  5057 D wpa_supplicant: wpa_s 0x41963cc0 cmd SIGNAL_POLL
03-24 16:17:01.557  5057  5057 D wpa_supplicant: nl80211: survey data missing!
03-24 16:17:01.557 30445 30532 D StateMachine: handleMessage: X
03-24 16:17:02.528 30305 30305 W AudioSystem: AudioFlinger not published, waiting...
03-24 16:17:03.028 30305 30305 I ServiceManager: Waiting for service media.audio_flinger...
03-24 16:17:04.030 30305 30305 I ServiceManager: Waiting for service media.audio_flinger...
03-24 16:17:04.030 30555 30555 D StatusBar.NetworkController: refreshViews: mDataConnected=false
03-24 16:17:04.030 30555 30555 D StatusBar.NetworkController: refreshViews: mWifiConnected=true
03-24 16:17:04.030 30555 30555 D StatusBar.NetworkController: refreshViews: wifi active:
03-24 16:17:04.030 30555 30555 D StatusBar.NetworkController: refreshViews:   wifiLabel="GW1XxxxxXXXXxxxxXXXX"
03-24 16:17:04.030 30555 30555 D StatusBar.NetworkController: refreshViews:   combinedActivityIconId=2130837665/com.android.systemui:drawable/stat_sys_wifi_inout = mWifiActivityIconId=2130837665/com.android.systemui:drawable/stat_sys_wifi_inout
03-24 16:17:04.030 30555 30555 D StatusBar.NetworkController: refreshViews:   combinedSignalIconId=2130837674/com.android.systemui:drawable/stat_sys_wifi_signal_3_fully = mWifiIconId=2130837674/com.android.systemui:drawable/stat_sys_wifi_signal_3_fully
03-24 16:17:04.030 30555 30555 D StatusBar.NetworkController: refreshViews:   mContentDescriptionCombinedSignal="Wi-Fi two bars."
03-24 16:17:04.030 30555 30555 D StatusBar.NetworkController: refreshViews:   combinedLabel="GW1XxxxxXXXXxxxxXXXX"
03-24 16:17:04.030 30555 30555 D StatusBar.NetworkController: refreshViews: mBluetoothTethered=false
03-24 16:17:04.030 30555 30555 D StatusBar.NetworkController: refreshViews: mAirplaneMode=false
03-24 16:17:04.030 30555 30555 D StatusBar.NetworkController: refreshViews: or no service:
03-24 16:17:04.030 30555 30555 D StatusBar.NetworkController: refreshViews:   mServiceState=0 home data home domestic Verizon Wireless  311480  LTE CSS supported 3 18 mDataState=0 RoamInd=64 DefRoamInd=1 EmergOnly=false==null
03-24 16:17:04.030 30555 30555 D StatusBar.NetworkController: refreshViews:   || ( hasService()=true==false && 
03-24 16:17:04.030 30555 30555 D StatusBar.NetworkController: refreshViews:   mServiceState.isEmergencyOnly()=false==false )
03-24 16:17:04.030 30445   316 D ConnectivityService: getMobileDataEnabled returning true
03-24 16:17:04.030 30555 30555 D StatusBar.NetworkController: refreshViews: Show/Hide data icon when wifi is active:
03-24 16:17:04.030 30555 30555 D StatusBar.NetworkController: refreshViews:   is CDMA || LTE : mDataState=0 mConfigShowBothWifiAndMobileNetwork=true mWifiConnected=true mConfigAlwaysShowAttachedNetworkType=false mMobileDataEnabled=true isEmergencyOnly=false
03-24 16:17:04.030 30445 30727 D ConnectivityService: getMobileDataEnabled returning true
03-24 16:17:04.030 30555 30555 D StatusBar.NetworkController: refreshViews: CDMA || LTE:
03-24 16:17:04.030 30555 30555 D StatusBar.NetworkController: refreshViews:   mDataTypeIconIdShown(NetworkType)=2130837774/com.android.systemui:drawable/zz_moto_stat_sys_data_not_connected_4g_lte
03-24 16:17:04.030 30555 30555 D StatusBar.NetworkController: refreshViews:   mMobileActivityIconId=0/(null)
03-24 16:17:04.030 30555 30555 D StatusBar.NetworkController: updateDataIconForDisabledOption: showDataDisabledIcon = 0
03-24 16:17:04.030 30445   315 D ConnectivityService: getMobileDataEnabled returning true
03-24 16:17:04.030 30555 30555 D StatusBar.NetworkController: refreshViews: SUMMARY:
03-24 16:17:04.030 30555 30555 D StatusBar.NetworkController:  connected to={ wifi }
03-24 16:17:04.030 30555 30555 D StatusBar.NetworkController:  level=5
03-24 16:17:04.030 30555 30555 D StatusBar.NetworkController:  combinedSignalIconId=0x7f0200aa/com.android.systemui:drawable/stat_sys_wifi_signal_3_fully
03-24 16:17:04.030 30555 30555 D StatusBar.NetworkController:   combinedActivityIconId=0x7f0200a1/com.android.systemui:drawable/stat_sys_wifi_inout
03-24 16:17:04.030 30555 30555 D StatusBar.NetworkController:   mAirplaneMode=false
03-24 16:17:04.030 30555 30555 D StatusBar.NetworkController:   emergencyOnly=false
03-24 16:17:04.030 30555 30555 D StatusBar.NetworkController:   mDataActivity=0
03-24 16:17:04.030 30555 30555 D StatusBar.NetworkController:   mPhoneSignalIconId=0x7f02012d/com.android.systemui:drawable/zz_moto_stat_sys_signal_5bar_5
03-24 16:17:04.030 30555 30555 D StatusBar.NetworkController:   mDataDirectionIconId(NetworkType)=0x0/(null)
03-24 16:17:04.030 30555 30555 D StatusBar.NetworkController:   mDataSignalIconId=0x7f02012d/com.android.systemui:drawable/zz_moto_stat_sys_signal_5bar_5
03-24 16:17:04.030 30555 30555 D StatusBar.NetworkController:   mDataTypeIconId(NetworkType)=0x7f0200d7
03-24 16:17:04.030 30555 30555 D StatusBar.NetworkController:   mSimIconId=0x0/com.android.systemui:drawable/zz_moto_stat_sys_data_connected_4g_lte
03-24 16:17:04.030 30555 30555 D StatusBar.NetworkController:   mDataTypeIconIdShown(NetworkType)=0x7f02010e/com.android.systemui:drawable/zz_moto_stat_sys_data_not_connected_4g_lte
03-24 16:17:04.030 30555 30555 D StatusBar.NetworkController:   mWimaxIconId=0x0/(null)
03-24 16:17:04.030 30555 30555 D StatusBar.NetworkController:   mWifiIconId=0x7f0200aa/com.android.systemui:drawable/stat_sys_wifi_signal_3_fully
03-24 16:17:04.030 30555 30555 D StatusBar.NetworkController:   mBluetoothTetherIconId=0x1080555/android:drawable/stat_sys_tether_bluetooth
03-24 16:17:04.030 30555 30555 D StatusBar.NetworkController: refreshSignalCluster: wifi cluster - shows wifi status:
03-24 16:17:04.030 30555 30555 D StatusBar.NetworkController:     mWifiConnected=true  Wifi=7f0200aa/com.android.systemui:drawable/stat_sys_wifi_signal_3_fully  Activity=7f0200a1/com.android.systemui:drawable/stat_sys_wifi_inout  "Wi-Fi two bars."
03-24 16:17:04.030 30555 30555 D StatusBar.NetworkController: refreshSignalCluster: signal cluster - shows normal mobile data:
03-24 16:17:04.030 30555 30555 D StatusBar.NetworkController:     mHasMobileDataFeature=true
03-24 16:17:04.030 30555 30555 D StatusBar.NetworkController:     Signal=7f02012d/com.android.systemui:drawable/zz_moto_stat_sys_signal_5bar_5  Roaming=0/(null) "Phone signal full."  "Not roaming."
03-24 16:17:04.040 30555 30555 D StatusBar.NetworkController:     DataTypeShown=7f02010e/com.android.systemui:drawable/zz_moto_stat_sys_data_not_connected_4g_lte Activity=0/(null)  "4 G L T E"
03-24 16:17:04.040 30555 30555 D StatusBar.NetworkController:     mSimIconId=0/(null)  =""
03-24 16:17:04.040 30555 30555 D StatusBar.NetworkController: changing data overlay icon id to 2130837665/com.android.systemui:drawable/stat_sys_wifi_inout
03-24 16:17:04.080   331   423 I Adreno200-EGLSUB: <CreateImage:897>: Android Image
03-24 16:17:04.080   331   423 I Adreno200-EGLSUB: <GetImageAttributes:1106>: RGBA_8888
03-24 16:17:04.570 30445 30532 D StateMachine: handleMessage: E msg.what=131155
03-24 16:17:04.570 30445 30532 D StateMachine: processMsg: ConnectedState
03-24 16:17:04.570 30445 30532 D WifiStateMachine: ConnectedState{ what=131155 when=-4ms arg1=1143 }
03-24 16:17:04.570 30445 30532 D StateMachine: processMsg: L2ConnectedState
03-24 16:17:04.570 30445 30532 D WifiStateMachine: L2ConnectedState{ what=131155 when=-5ms arg1=1143 }
03-24 16:17:04.570 30445 30532 D wifi    : doString: SIGNAL_POLL
03-24 16:17:04.570  5057  5057 D wpa_supplicant: wpa_s 0x41963cc0 cmd SIGNAL_POLL
03-24 16:17:04.580  5057  5057 D wpa_supplicant: nl80211: survey data missing!
03-24 16:17:04.580 30445 30532 D StateMachine: handleMessage: X
03-24 16:17:05.031 30305 30305 I ServiceManager: Waiting for service media.audio_flinger...
03-24 16:17:05.031 30555 30555 D StatusBar.NetworkController: refreshViews: mDataConnected=false
03-24 16:17:05.031 30555 30555 D StatusBar.NetworkController: refreshViews: mWifiConnected=true
03-24 16:17:05.031 30555 30555 D StatusBar.NetworkController: refreshViews: wifi active:
03-24 16:17:05.031 30555 30555 D StatusBar.NetworkController: refreshViews:   wifiLabel="GW1XxxxxXXXXxxxxXXXX"
03-24 16:17:05.031 30555 30555 D StatusBar.NetworkController: refreshViews:   combinedActivityIconId=0/(null) = mWifiActivityIconId=0/(null)
03-24 16:17:05.031 30555 30555 D StatusBar.NetworkController: refreshViews:   combinedSignalIconId=2130837674/com.android.systemui:drawable/stat_sys_wifi_signal_3_fully = mWifiIconId=2130837674/com.android.systemui:drawable/stat_sys_wifi_signal_3_fully
03-24 16:17:05.031 30555 30555 D StatusBar.NetworkController: refreshViews:   mContentDescriptionCombinedSignal="Wi-Fi two bars."
03-24 16:17:05.031 30555 30555 D StatusBar.NetworkController: refreshViews:   combinedLabel="GW1XxxxxXXXXxxxxXXXX"
03-24 16:17:05.031 30555 30555 D StatusBar.NetworkController: refreshViews: mBluetoothTethered=false
03-24 16:17:05.031 30555 30555 D StatusBar.NetworkController: refreshViews: mAirplaneMode=false
03-24 16:17:05.031 30555 30555 D StatusBar.NetworkController: refreshViews: or no service:
03-24 16:17:05.031 30555 30555 D StatusBar.NetworkController: refreshViews:   mServiceState=0 home data home domestic Verizon Wireless  311480  LTE CSS supported 3 18 mDataState=0 RoamInd=64 DefRoamInd=1 EmergOnly=false==null
03-24 16:17:05.031 30555 30555 D StatusBar.NetworkController: refreshViews:   || ( hasService()=true==false && 
03-24 16:17:05.031 30555 30555 D StatusBar.NetworkController: refreshViews:   mServiceState.isEmergencyOnly()=false==false )
03-24 16:17:05.031 30445 30456 D ConnectivityService: getMobileDataEnabled returning true
03-24 16:17:05.031 30555 30555 D StatusBar.NetworkController: refreshViews: Show/Hide data icon when wifi is active:
03-24 16:17:05.031 30555 30555 D StatusBar.NetworkController: refreshViews:   is CDMA || LTE : mDataState=0 mConfigShowBothWifiAndMobileNetwork=true mWifiConnected=true mConfigAlwaysShowAttachedNetworkType=false mMobileDataEnabled=true isEmergencyOnly=false
03-24 16:17:05.031 30445   318 D ConnectivityService: getMobileDataEnabled returning true
03-24 16:17:05.031 30555 30555 D StatusBar.NetworkController: refreshViews: CDMA || LTE:
03-24 16:17:05.031 30555 30555 D StatusBar.NetworkController: refreshViews:   mDataTypeIconIdShown(NetworkType)=2130837774/com.android.systemui:drawable/zz_moto_stat_sys_data_not_connected_4g_lte
03-24 16:17:05.031 30555 30555 D StatusBar.NetworkController: refreshViews:   mMobileActivityIconId=0/(null)
03-24 16:17:05.031 30555 30555 D StatusBar.NetworkController: updateDataIconForDisabledOption: showDataDisabledIcon = 0
03-24 16:17:05.031 30445 30716 D ConnectivityService: getMobileDataEnabled returning true
03-24 16:17:05.031 30555 30555 D StatusBar.NetworkController: refreshViews: SUMMARY:
03-24 16:17:05.031 30555 30555 D StatusBar.NetworkController:  connected to={ wifi }
03-24 16:17:05.031 30555 30555 D StatusBar.NetworkController:  level=5
03-24 16:17:05.031 30555 30555 D StatusBar.NetworkController:  combinedSignalIconId=0x7f0200aa/com.android.systemui:drawable/stat_sys_wifi_signal_3_fully
03-24 16:17:05.031 30555 30555 D StatusBar.NetworkController:   combinedActivityIconId=0x0/(null)
03-24 16:17:05.031 30555 30555 D StatusBar.NetworkController:   mAirplaneMode=false
03-24 16:17:05.031 30555 30555 D StatusBar.NetworkController:   emergencyOnly=false
03-24 16:17:05.031 30555 30555 D StatusBar.NetworkController:   mDataActivity=0
03-24 16:17:05.031 30555 30555 D StatusBar.NetworkController:   mPhoneSignalIconId=0x7f02012d/com.android.systemui:drawable/zz_moto_stat_sys_signal_5bar_5
03-24 16:17:05.031 30555 30555 D StatusBar.NetworkController:   mDataDirectionIconId(NetworkType)=0x0/(null)
03-24 16:17:05.031 30555 30555 D StatusBar.NetworkController:   mDataSignalIconId=0x7f02012d/com.android.systemui:drawable/zz_moto_stat_sys_signal_5bar_5
03-24 16:17:05.031 30555 30555 D StatusBar.NetworkController:   mDataTypeIconId(NetworkType)=0x7f0200d7
03-24 16:17:05.031 30555 30555 D StatusBar.NetworkController:   mSimIconId=0x0/com.android.systemui:drawable/zz_moto_stat_sys_data_connected_4g_lte
03-24 16:17:05.031 30555 30555 D StatusBar.NetworkController:   mDataTypeIconIdShown(NetworkType)=0x7f02010e/com.android.systemui:drawable/zz_moto_stat_sys_data_not_connected_4g_lte
03-24 16:17:05.031 30555 30555 D StatusBar.NetworkController:   mWimaxIconId=0x0/(null)
03-24 16:17:05.031 30555 30555 D StatusBar.NetworkController:   mWifiIconId=0x7f0200aa/com.android.systemui:drawable/stat_sys_wifi_signal_3_fully
03-24 16:17:05.031 30555 30555 D StatusBar.NetworkController:   mBluetoothTetherIconId=0x1080555/android:drawable/stat_sys_tether_bluetooth
03-24 16:17:05.041 30555 30555 D StatusBar.NetworkController: refreshSignalCluster: wifi cluster - shows wifi status:
03-24 16:17:05.041 30555 30555 D StatusBar.NetworkController:     mWifiConnected=true  Wifi=7f0200aa/com.android.systemui:drawable/stat_sys_wifi_signal_3_fully  Activity=0/(null)  "Wi-Fi two bars."
03-24 16:17:05.041 30555 30555 D StatusBar.NetworkController: refreshSignalCluster: signal cluster - shows normal mobile data:
03-24 16:17:05.041 30555 30555 D StatusBar.NetworkController:     mHasMobileDataFeature=true
03-24 16:17:05.041 30555 30555 D StatusBar.NetworkController:     Signal=7f02012d/com.android.systemui:drawable/zz_moto_stat_sys_signal_5bar_5  Roaming=0/(null) "Phone signal full."  "Not roaming."
03-24 16:17:05.041 30555 30555 D StatusBar.NetworkController:     DataTypeShown=7f02010e/com.android.systemui:drawable/zz_moto_stat_sys_data_not_connected_4g_lte Activity=0/(null)  "4 G L T E"
03-24 16:17:05.041 30555 30555 D StatusBar.NetworkController:     mSimIconId=0/(null)  =""
03-24 16:17:05.041 30555 30555 D StatusBar.NetworkController: changing data overlay icon id to 0/(null)
03-24 16:17:05.081   331   423 I Adreno200-EGLSUB: <CreateImage:897>: Android Image
03-24 16:17:05.081   331   423 I Adreno200-EGLSUB: <GetImageAttributes:1106>: RGBA_8888
03-24 16:17:06.032 30305 30305 I ServiceManager: Waiting for service media.audio_flinger...
03-24 16:17:07.033 30305 30305 I ServiceManager: Waiting for service media.audio_flinger...
03-24 16:17:07.583 30445 30532 D StateMachine: handleMessage: E msg.what=131155
03-24 16:17:07.583 30445 30532 D StateMachine: processMsg: ConnectedState
03-24 16:17:07.583 30445 30532 D WifiStateMachine: ConnectedState{ what=131155 when=-5ms arg1=1143 }
03-24 16:17:07.583 30445 30532 D StateMachine: processMsg: L2ConnectedState
03-24 16:17:07.583 30445 30532 D WifiStateMachine: L2ConnectedState{ what=131155 when=-8ms arg1=1143 }
03-24 16:17:07.583 30445 30532 D wifi    : doString: SIGNAL_POLL
03-24 16:17:07.583  5057  5057 D wpa_supplicant: wpa_s 0x41963cc0 cmd SIGNAL_POLL
03-24 16:17:07.593  5057  5057 D wpa_supplicant: nl80211: survey data missing!
03-24 16:17:07.593 30445 30532 D StateMachine: handleMessage: X
03-24 16:17:08.034 30305 30305 W AudioSystem: AudioFlinger not published, waiting...
03-24 16:17:08.214 30686 30686 D ModemStatsService: onSignalStrengthsChanged
03-24 16:17:08.214 30686 30686 D ModemStatsService: CDMA, mRssi=-45, mEcio=-70
03-24 16:17:08.214 30555 30555 D StatusBar.NetworkController: onSignalStrengthsChanged signalStrength=SignalStrength: 99 0 -45 -70 -120 -1 -1 31 -68 -13 226 2147483647 cdma 0 0 0 false 0 0 5 0 5 16 99 0 5 5 5 5 5 5 5 0 level=5
03-24 16:17:08.214 30445 31651 D ConnectivityService: getMobileDataEnabled returning true
03-24 16:17:08.214 30555 30555 D StatusBar.NetworkController: updateTelephonySignalStrength mSignalStrength=SignalStrength: 99 0 -45 -70 -120 -1 -1 31 -68 -13 226 2147483647 cdma 0 0 0 false 0 0 5 0 5 16 99 0 5 5 5 5 5 5 5 0
03-24 16:17:08.214 30555 30555 D StatusBar.NetworkController: updateTelephonySignalStrength mMaxSignalLevel=5
03-24 16:17:08.214 30555 30555 D StatusBar.NetworkController: isForced1xMode: ( mPhoneState != TelephonyManager.CALL_STATE_IDLE )=false
03-24 16:17:08.214 30555 30555 D StatusBar.NetworkController: isForced1xMode: mDataNetType=13
03-24 16:17:08.214 30555 30555 D StatusBar.NetworkController: isForced1xMode: isEvdo=false
03-24 16:17:08.214 30555 30555 D StatusBar.NetworkController: isForced1xMode: TelephonyProperties.PROPERTY_SVDO=false
