03-24 16:15:48.719  4517  4530 D Throttle:  [DataObserverType:com.motorola.quickview/email] onEvent
03-24 16:15:48.719  4517  4530 D Throttle:  [DataObserverType:com.motorola.quickview/email] Timeout extended 300
03-24 16:15:48.719  4517  4530 D Throttle:  [DataObserverType:com.motorola.quickview/email]     callback already scheduled
03-24 16:15:48.799  4517  4530 D Throttle:  [DataObserverType:com.motorola.quickview/email] Kicking callback
03-24 16:15:48.799  4517  4530 D DataObserver: doOnContentChanged for com.motorola.quickview/email, isOnStart: false
03-24 16:15:48.819  4517  4530 D EmailBSManager: update Email Shortcut: , oldCount: 1212, newCount: 1212
03-24 16:15:48.839 30445 30716 D dalvikvm: WAIT_FOR_CONCURRENT_GC blocked 0ms
03-24 16:15:48.989 30305 30305 I ServiceManager: Waiting for service media.audio_flinger...
03-24 16:15:48.999 30445 30716 D dalvikvm: GC_EXPLICIT freed 676K, 36% free 26642K/41607K, paused 5ms+13ms, total 159ms
03-24 16:15:49.009  4517  4530 D EmailBSManager: No account specific shortcut found
03-24 16:15:49.040  5666  5702 I EmailEngine: ASF [ 1 ] -  B: true A: true
03-24 16:15:49.050  5666  5685 I Email   : ReconcilePopImapAccountsSync: start
03-24 16:15:49.140 30445 30532 D StateMachine: handleMessage: E msg.what=131155
03-24 16:15:49.140 30445 30532 D StateMachine: processMsg: ConnectedState
03-24 16:15:49.140 30445 30532 D WifiStateMachine: ConnectedState{ what=131155 when=-4ms arg1=1143 }
03-24 16:15:49.140 30445 30532 D StateMachine: processMsg: L2ConnectedState
03-24 16:15:49.140 30445 30532 D WifiStateMachine: L2ConnectedState{ what=131155 when=-4ms arg1=1143 }
03-24 16:15:49.140 30445 30532 D wifi    : doString: SIGNAL_POLL
03-24 16:15:49.140  5057  5057 D wpa_supplicant: wpa_s 0x41963cc0 cmd SIGNAL_POLL
03-24 16:15:49.150  5057  5057 D wpa_supplicant: nl80211: survey data missing!
03-24 16:15:49.150 30445 30532 D StateMachine: handleMessage: X
03-24 16:15:49.220 30686 30686 D ModemStatsService: onSignalStrengthsChanged
03-24 16:15:49.230 30686 30686 D ModemStatsService: CDMA, mRssi=-44, mEcio=-70
03-24 16:15:49.230 30555 30555 D MotoSystemUIUtils: Not on network extender
03-24 16:15:49.300  5666  5723 I Email   : ReconcilePopImapAccountsSync: already running
03-24 16:15:49.320  5666  5685 I Email   : ReconcilePopImapAccountsSync: done
03-24 16:15:49.991 30305 30305 I ServiceManager: Waiting for service media.audio_flinger...
03-24 16:15:50.531  4517  4530 D Throttle:  [DataObserverType:com.motorola.quickview/email] onEvent
03-24 16:15:50.531  4517  4530 D Throttle:  [DataObserverType:com.motorola.quickview/email] Timeout reset to 150
03-24 16:15:50.531  4517  4530 D Throttle:  [DataObserverType:com.motorola.quickview/email]     scheduling callback
03-24 16:15:50.611  4517  4530 D Throttle:  [DataObserverType:com.motorola.quickview/email] onEvent
03-24 16:15:50.611  4517  4530 D Throttle:  [DataObserverType:com.motorola.quickview/email] Timeout extended 300
03-24 16:15:50.611  4517  4530 D Throttle:  [DataObserverType:com.motorola.quickview/email]     callback already scheduled
03-24 16:15:50.651  5666  5730 D dalvikvm: WAIT_FOR_CONCURRENT_GC blocked 0ms
03-24 16:15:50.681  4517  4530 D Throttle:  [DataObserverType:com.motorola.quickview/email] Kicking callback
03-24 16:15:50.681  4517  4530 D DataObserver: doOnContentChanged for com.motorola.quickview/email, isOnStart: false
03-24 16:15:50.721  5666  5730 D dalvikvm: GC_EXPLICIT freed 2902K, 46% free 9235K/16963K, paused 2ms+7ms, total 63ms
03-24 16:15:50.741  4517  4530 D EmailBSManager: update Email Shortcut: , oldCount: 1212, newCount: 1212
03-24 16:15:50.761  4517  4530 D EmailBSManager: No account specific shortcut found
03-24 16:15:50.922 30445 30936 D dalvikvm: WAIT_FOR_CONCURRENT_GC blocked 0ms
03-24 16:15:50.992 30305 30305 W AudioSystem: AudioFlinger not published, waiting...
03-24 16:15:51.072 30445 30936 D dalvikvm: GC_EXPLICIT freed 305K, 36% free 26637K/41607K, paused 5ms+13ms, total 147ms
03-24 16:15:51.262  4517  4530 D Throttle:  [DataObserverType:com.motorola.quickview/email] onEvent
03-24 16:15:51.262  4517  4530 D Throttle:  [DataObserverType:com.motorola.quickview/email] Timeout reset to 150
03-24 16:15:51.262  4517  4530 D Throttle:  [DataObserverType:com.motorola.quickview/email]     scheduling callback
03-24 16:15:51.412  4517  4530 D Throttle:  [DataObserverType:com.motorola.quickview/email] Kicking callback
03-24 16:15:51.412  4517  4530 D DataObserver: doOnContentChanged for com.motorola.quickview/email, isOnStart: false
03-24 16:15:51.452  4517  4530 D EmailBSManager: update Email Shortcut: , oldCount: 1212, newCount: 1212
03-24 16:15:51.482  4517  4530 D EmailBSManager: No account specific shortcut found
03-24 16:15:51.492 30305 30305 I ServiceManager: Waiting for service media.audio_flinger...
03-24 16:15:52.163 30445 30532 D StateMachine: handleMessage: E msg.what=131155
03-24 16:15:52.163 30445 30532 D StateMachine: processMsg: ConnectedState
03-24 16:15:52.163 30445 30532 D WifiStateMachine: ConnectedState{ what=131155 when=-3ms arg1=1143 }
03-24 16:15:52.163 30445 30532 D StateMachine: processMsg: L2ConnectedState
03-24 16:15:52.163 30445 30532 D WifiStateMachine: L2ConnectedState{ what=131155 when=-4ms arg1=1143 }
03-24 16:15:52.163 30445 30532 D wifi    : doString: SIGNAL_POLL
03-24 16:15:52.163  5057  5057 D wpa_supplicant: wpa_s 0x41963cc0 cmd SIGNAL_POLL
03-24 16:15:52.173  5057  5057 D wpa_supplicant: nl80211: survey data missing!
03-24 16:15:52.173 30445 30532 D StateMachine: handleMessage: X
03-24 16:15:52.493 30305 30305 I ServiceManager: Waiting for service media.audio_flinger...
03-24 16:15:53.494 30305 30305 I ServiceManager: Waiting for service media.audio_flinger...
03-24 16:15:53.674  5666  5726 D Email   : Executing notification
03-24 16:15:53.684  5741  5741 E Trace   : error opening trace file: No such file or directory (2)
03-24 16:15:53.684  5741  5741 D ActivityThread: setTargetHeapUtilization:0.25
03-24 16:15:53.684  5741  5741 D ActivityThread: setTargetHeapIdealFree:8388608
03-24 16:15:53.684  5741  5741 D ActivityThread: setTargetHeapConcurrentStart:2097152
03-24 16:15:53.785  5741  5741 I ActivityThread: Pub com.pandora.provider: com.pandora.android.provider.StationProvider
03-24 16:15:53.795  5741  5741 I PANDORA : --------------------------------------------------------------------------------------------------------------------------
03-24 16:15:53.795  5741  5741 I PANDORA : Pandora App Version: 4.4 (prod, 191737), code = 44, Locale = US, model = android-scorpion_mini, name = XT907
03-24 16:15:53.795  5741  5741 I PANDORA : --------------------------------------------------------------------------------------------------------------------------
03-24 16:15:53.805  5741  5741 D Crashlytics: Initializing Crashlytics 0.9.11.11
03-24 16:15:53.835  4517  4530 D Throttle:  [DataObserverType:com.motorola.quickview/email] onEvent
03-24 16:15:53.845  4517  4530 D Throttle:  [DataObserverType:com.motorola.quickview/email] Timeout reset to 150
03-24 16:15:53.845  4517  4530 D Throttle:  [DataObserverType:com.motorola.quickview/email]     scheduling callback
03-24 16:15:53.995  4517  4530 D Throttle:  [DataObserverType:com.motorola.quickview/email] Kicking callback
03-24 16:15:53.995  4517  4530 D DataObserver: doOnContentChanged for com.motorola.quickview/email, isOnStart: false
03-24 16:15:54.005  4517  4530 D EmailBSManager: update Email Shortcut: , oldCount: 1212, newCount: 1212
03-24 16:15:54.035  4517  4530 D EmailBSManager: No account specific shortcut found
03-24 16:15:54.505 30305 30305 I ServiceManager: Waiting for service media.audio_flinger...
03-24 16:15:55.176 30445 30532 D StateMachine: handleMessage: E msg.what=131155
03-24 16:15:55.176 30445 30532 D StateMachine: processMsg: ConnectedState
03-24 16:15:55.176 30445 30532 D WifiStateMachine: ConnectedState{ what=131155 when=-4ms arg1=1143 }
03-24 16:15:55.176 30445 30532 D StateMachine: processMsg: L2ConnectedState
03-24 16:15:55.176 30445 30532 D WifiStateMachine: L2ConnectedState{ what=131155 when=-8ms arg1=1143 }
03-24 16:15:55.176 30445 30532 D wifi    : doString: SIGNAL_POLL
03-24 16:15:55.176  5057  5057 D wpa_supplicant: wpa_s 0x41963cc0 cmd SIGNAL_POLL
03-24 16:15:55.186  5057  5057 D wpa_supplicant: nl80211: survey data missing!
03-24 16:15:55.186 30445 30532 D StateMachine: handleMessage: X
03-24 16:15:55.506 30305 30305 I ServiceManager: Waiting for service media.audio_flinger...
03-24 16:15:55.637 30686 30686 D ModemStatsService: onSignalStrengthsChanged
03-24 16:15:55.637 30686 30686 D ModemStatsService: CDMA, mRssi=-45, mEcio=-70
03-24 16:15:55.647 30555 30555 D MotoSystemUIUtils: Not on network extender
03-24 16:15:56.057  3492  3504 V MediaProvider: query: uri=content://media/phoneStorage/video/media, selection=null 
03-24 16:15:56.067  3492  3503 V MediaProvider: query: uri=content://media/external/video/media, selection=null 
03-24 16:15:56.077  3492  3504 V MediaProvider: query: uri=content://media/external/video/media, selection=_id > ? AND _data LIKE '%/DCIM/%' 12039
03-24 16:15:56.097  3492  3507 V MediaProvider: query: uri=content://media/phoneStorage/images/media, selection=null 
03-24 16:15:56.097  3492  3504 V MediaProvider: query: uri=content://media/external/images/media, selection=null 
03-24 16:15:56.107  3492  3507 V MediaProvider: query: uri=content://media/external/images/media, selection=_id > ? AND _data LIKE '%/DCIM/%' 12811
03-24 16:15:56.507 30305 30305 W AudioSystem: AudioFlinger not published, waiting...
03-24 16:15:57.008 30305 30305 I ServiceManager: Waiting for service media.audio_flinger...
03-24 16:15:58.009 30305 30305 I ServiceManager: Waiting for service media.audio_flinger...
03-24 16:15:58.189 30445 30532 D StateMachine: handleMessage: E msg.what=131155
03-24 16:15:58.189 30445 30532 D StateMachine: processMsg: ConnectedState
03-24 16:15:58.189 30445 30532 D WifiStateMachine: ConnectedState{ what=131155 when=-4ms arg1=1143 }
03-24 16:15:58.189 30445 30532 D StateMachine: processMsg: L2ConnectedState
03-24 16:15:58.189 30445 30532 D WifiStateMachine: L2ConnectedState{ what=131155 when=-8ms arg1=1143 }
03-24 16:15:58.189 30445 30532 D wifi    : doString: SIGNAL_POLL
03-24 16:15:58.189  5057  5057 D wpa_supplicant: wpa_s 0x41963cc0 cmd SIGNAL_POLL
03-24 16:15:58.199  5057  5057 D wpa_supplicant: nl80211: survey data missing!
03-24 16:15:58.199 30445 30532 D StateMachine: handleMessage: X
03-24 16:15:58.610 30445 30481 D BatteryTempPolicy: updateBatteryTemp temperature = 280, Threshhold = 3
03-24 16:15:59.000 30305 30305 I ServiceManager: Waiting for service media.audio_flinger...
03-24 16:15:59.471 30686 30686 D ModemStatsService: onSignalStrengthsChanged
03-24 16:15:59.471 30686 30686 D ModemStatsService: CDMA, mRssi=-44, mEcio=-70
03-24 16:15:59.491 30555 30555 D MotoSystemUIUtils: Not on network extender
03-24 16:16:00.001 30305 30305 I ServiceManager: Waiting for service media.audio_flinger...
03-24 16:16:00.071 13907 13907 D ImageView3DMsgHandler: start onHandleMessage : 9
03-24 16:16:00.081 30555 30555 D SizeAdaptiveLayout: com.android.internal.widget.SizeAdaptiveLayout@41e4d728child view android.widget.FrameLayout@41f18860 measured out of bounds at 95px clamped to 96px
03-24 16:16:00.091 13907 13907 D ImageView3DMsgHandler: end onHandleMessage : 9
03-24 16:16:00.121   331   423 I Adreno200-EGLSUB: <CreateImage:897>: Android Image
03-24 16:16:00.131   331   423 I Adreno200-EGLSUB: <GetImageAttributes:1106>: RGBA_8888
03-24 16:16:01.002 30305 30305 I ServiceManager: Waiting for service media.audio_flinger...
03-24 16:16:01.203 30445 30532 D StateMachine: handleMessage: E msg.what=131155
03-24 16:16:01.203 30445 30532 D StateMachine: processMsg: ConnectedState
03-24 16:16:01.203 30445 30532 D WifiStateMachine: ConnectedState{ what=131155 when=-3ms arg1=1143 }
03-24 16:16:01.203 30445 30532 D StateMachine: processMsg: L2ConnectedState
03-24 16:16:01.203 30445 30532 D WifiStateMachine: L2ConnectedState{ what=131155 when=-4ms arg1=1143 }
03-24 16:16:01.203 30445 30532 D wifi    : doString: SIGNAL_POLL
03-24 16:16:01.203  5057  5057 D wpa_supplicant: wpa_s 0x41963cc0 cmd SIGNAL_POLL
03-24 16:16:01.223  5057  5057 D wpa_supplicant: nl80211: survey data missing!
03-24 16:16:01.223 30445 30532 D StateMachine: handleMessage: X
03-24 16:16:01.383  4372  4372 D Finsky  : [1] 5.onFinished: Installation state replication succeeded.
03-24 16:16:02.003 30305 30305 W AudioSystem: AudioFlinger not published, waiting...
03-24 16:16:02.504 30305 30305 I ServiceManager: Waiting for service media.audio_flinger...
03-24 16:16:03.315 30686 30686 D ModemStatsService: onSignalStrengthsChanged
03-24 16:16:03.315 30686 30686 D ModemStatsService: CDMA, mRssi=-46, mEcio=-70
03-24 16:16:03.345 30555 30555 D MotoSystemUIUtils: Not on network extender
03-24 16:16:03.505 30305 30305 I ServiceManager: Waiting for service media.audio_flinger...
03-24 16:16:04.226 30445 30532 D StateMachine: handleMessage: E msg.what=131155
03-24 16:16:04.226 30445 30532 D StateMachine: processMsg: ConnectedState
03-24 16:16:04.226 30445 30532 D WifiStateMachine: ConnectedState{ what=131155 when=-4ms arg1=1143 }
03-24 16:16:04.226 30445 30532 D StateMachine: processMsg: L2ConnectedState
03-24 16:16:04.226 30445 30532 D WifiStateMachine: L2ConnectedState{ what=131155 when=-7ms arg1=1143 }
03-24 16:16:04.226 30445 30532 D wifi    : doString: SIGNAL_POLL
03-24 16:16:04.226  5057  5057 D wpa_supplicant: wpa_s 0x41963cc0 cmd SIGNAL_POLL
03-24 16:16:04.246  5057  5057 D wpa_supplicant: nl80211: survey data missing!
03-24 16:16:04.246 30445 30532 D StateMachine: handleMessage: X
03-24 16:16:04.506 30305 30305 I ServiceManager: Waiting for service media.audio_flinger...
03-24 16:16:05.507 30305 30305 I ServiceManager: Waiting for service media.audio_flinger...
03-24 16:16:06.508 30305 30305 I ServiceManager: Waiting for service media.audio_flinger...
03-24 16:16:06.808 30686 30686 D ModemStatsService: onSignalStrengthsChanged
03-24 16:16:06.808 30686 30686 D ModemStatsService: CDMA, mRssi=-46, mEcio=-70
03-24 16:16:06.819 30555 30555 D MotoSystemUIUtils: Not on network extender
03-24 16:16:07.259 30445 30532 D StateMachine: handleMessage: E msg.what=131155
03-24 16:16:07.259 30445 30532 D StateMachine: processMsg: ConnectedState
03-24 16:16:07.259 30445 30532 D WifiStateMachine: ConnectedState{ what=131155 when=-4ms arg1=1143 }
03-24 16:16:07.259 30445 30532 D StateMachine: processMsg: L2ConnectedState
03-24 16:16:07.259 30445 30532 D WifiStateMachine: L2ConnectedState{ what=131155 when=-4ms arg1=1143 }
03-24 16:16:07.259 30445 30532 D wifi    : doString: SIGNAL_POLL
03-24 16:16:07.259  5057  5057 D wpa_supplicant: wpa_s 0x41963cc0 cmd SIGNAL_POLL
03-24 16:16:07.259  5057  5057 D wpa_supplicant: nl80211: survey data missing!
03-24 16:16:07.259 30445 30532 D StateMachine: handleMessage: X
03-24 16:16:07.509 30305 30305 W AudioSystem: AudioFlinger not published, waiting...
03-24 16:16:08.010 30305 30305 I ServiceManager: Waiting for service media.audio_flinger...
03-24 16:16:09.011 30305 30305 I ServiceManager: Waiting for service media.audio_flinger...
03-24 16:16:09.702 30686 30686 D ModemStatsService: onSignalStrengthsChanged
03-24 16:16:09.702 30686 30686 D ModemStatsService: CDMA, mRssi=-45, mEcio=-70
03-24 16:16:09.732 30555 30555 D MotoSystemUIUtils: Not on network extender
03-24 16:16:10.002 30305 30305 I ServiceManager: Waiting for service media.audio_flinger...
03-24 16:16:10.262 30445 30532 D StateMachine: handleMessage: E msg.what=131155
03-24 16:16:10.262 30445 30532 D StateMachine: processMsg: ConnectedState
03-24 16:16:10.262 30445 30532 D WifiStateMachine: ConnectedState{ what=131155 when=-5ms arg1=1143 }
03-24 16:16:10.262 30445 30532 D StateMachine: processMsg: L2ConnectedState
03-24 16:16:10.262 30445 30532 D WifiStateMachine: L2ConnectedState{ what=131155 when=-8ms arg1=1143 }
03-24 16:16:10.262 30445 30532 D wifi    : doString: SIGNAL_POLL
03-24 16:16:10.262  5057  5057 D wpa_supplicant: wpa_s 0x41963cc0 cmd SIGNAL_POLL
03-24 16:16:10.272  5057  5057 D wpa_supplicant: nl80211: survey data missing!
03-24 16:16:10.272 30445 30532 D StateMachine: handleMessage: X
03-24 16:16:11.013 30305 30305 I ServiceManager: Waiting for service media.audio_flinger...
03-24 16:16:12.004 30305 30305 I ServiceManager: Waiting for service media.audio_flinger...
03-24 16:16:13.005 30305 30305 W AudioSystem: AudioFlinger not published, waiting...
03-24 16:16:13.285 30445 30532 D StateMachine: handleMessage: E msg.what=131155
03-24 16:16:13.285 30445 30532 D StateMachine: processMsg: ConnectedState
03-24 16:16:13.285 30445 30532 D WifiStateMachine: ConnectedState{ what=131155 when=-4ms arg1=1143 }
03-24 16:16:13.285 30445 30532 D StateMachine: processMsg: L2ConnectedState
03-24 16:16:13.285 30445 30532 D WifiStateMachine: L2ConnectedState{ what=131155 when=-5ms arg1=1143 }
03-24 16:16:13.285 30445 30532 D wifi    : doString: SIGNAL_POLL
03-24 16:16:13.285  5057  5057 D wpa_supplicant: wpa_s 0x41963cc0 cmd SIGNAL_POLL
03-24 16:16:13.295  5057  5057 D wpa_supplicant: nl80211: survey data missing!
03-24 16:16:13.295 30445 30532 D StateMachine: handleMessage: X
03-24 16:16:13.506 30305 30305 I ServiceManager: Waiting for service media.audio_flinger...
03-24 16:16:14.507 30305 30305 I ServiceManager: Waiting for service media.audio_flinger...
03-24 16:16:15.508 30305 30305 I ServiceManager: Waiting for service media.audio_flinger...
03-24 16:16:16.299 30445 30532 D StateMachine: handleMessage: E msg.what=131155
03-24 16:16:16.299 30445 30532 D StateMachine: processMsg: ConnectedState
03-24 16:16:16.299 30445 30532 D WifiStateMachine: ConnectedState{ what=131155 when=-4ms arg1=1143 }
03-24 16:16:16.299 30445 30532 D StateMachine: processMsg: L2ConnectedState
03-24 16:16:16.299 30445 30532 D WifiStateMachine: L2ConnectedState{ what=131155 when=-5ms arg1=1143 }
03-24 16:16:16.299 30445 30532 D wifi    : doString: SIGNAL_POLL
03-24 16:16:16.299  5057  5057 D wpa_supplicant: wpa_s 0x41963cc0 cmd SIGNAL_POLL
03-24 16:16:16.319  5057  5057 D wpa_supplicant: nl80211: survey data missing!
03-24 16:16:16.319 30445 30532 D StateMachine: handleMessage: X
03-24 16:16:16.509 30305 30305 I ServiceManager: Waiting for service media.audio_flinger...
03-24 16:16:17.510 30305 30305 I ServiceManager: Waiting for service media.audio_flinger...
03-24 16:16:18.511 30305 30305 W AudioSystem: AudioFlinger not published, waiting...
03-24 16:16:19.012 30305 30305 I ServiceManager: Waiting for service media.audio_flinger...
03-24 16:16:19.322 30445 30532 D StateMachine: handleMessage: E msg.what=131155
03-24 16:16:19.322 30445 30532 D StateMachine: processMsg: ConnectedState
03-24 16:16:19.322 30445 30532 D WifiStateMachine: ConnectedState{ what=131155 when=-4ms arg1=1143 }
03-24 16:16:19.322 30445 30532 D StateMachine: processMsg: L2ConnectedState
03-24 16:16:19.322 30445 30532 D WifiStateMachine: L2ConnectedState{ what=131155 when=-7ms arg1=1143 }
03-24 16:16:19.322 30445 30532 D wifi    : doString: SIGNAL_POLL
03-24 16:16:19.322  5057  5057 D wpa_supplicant: wpa_s 0x41963cc0 cmd SIGNAL_POLL
03-24 16:16:19.332  5057  5057 D wpa_supplicant: nl80211: survey data missing!
03-24 16:16:19.332 30445 30532 D StateMachine: handleMessage: X
03-24 16:16:20.013 30305 30305 I ServiceManager: Waiting for service media.audio_flinger...
03-24 16:16:21.004 30305 30305 I ServiceManager: Waiting for service media.audio_flinger...
03-24 16:16:22.015 30305 30305 I ServiceManager: Waiting for service media.audio_flinger...
03-24 16:16:22.335 30445 30532 D StateMachine: handleMessage: E msg.what=131155
03-24 16:16:22.335 30445 30532 D StateMachine: processMsg: ConnectedState
03-24 16:16:22.335 30445 30532 D WifiStateMachine: ConnectedState{ what=131155 when=-6ms arg1=1143 }
03-24 16:16:22.335 30445 30532 D StateMachine: processMsg: L2ConnectedState
03-24 16:16:22.335 30445 30532 D WifiStateMachine: L2ConnectedState{ what=131155 when=-8ms arg1=1143 }
03-24 16:16:22.345 30445 30532 D wifi    : doString: SIGNAL_POLL
03-24 16:16:22.345  5057  5057 D wpa_supplicant: wpa_s 0x41963cc0 cmd SIGNAL_POLL
03-24 16:16:22.355  5057  5057 D wpa_supplicant: nl80211: survey data missing!
03-24 16:16:22.355 30445 30532 D StateMachine: handleMessage: X
03-24 16:16:23.016 30305 30305 I ServiceManager: Waiting for service media.audio_flinger...
03-24 16:16:24.007 30305 30305 W AudioSystem: AudioFlinger not published, waiting...
03-24 16:16:24.517 30305 30305 I ServiceManager: Waiting for service media.audio_flinger...
03-24 16:16:25.358 30445 30532 D StateMachine: handleMessage: E msg.what=131155
03-24 16:16:25.358 30445 30532 D StateMachine: processMsg: ConnectedState
03-24 16:16:25.358 30445 30532 D WifiStateMachine: ConnectedState{ what=131155 when=-5ms arg1=1143 }
03-24 16:16:25.358 30445 30532 D StateMachine: processMsg: L2ConnectedState
03-24 16:16:25.368 30445 30532 D WifiStateMachine: L2ConnectedState{ what=131155 when=-8ms arg1=1143 }
03-24 16:16:25.368 30445 30532 D wifi    : doString: SIGNAL_POLL
03-24 16:16:25.368  5057  5057 D wpa_supplicant: wpa_s 0x41963cc0 cmd SIGNAL_POLL
03-24 16:16:25.378  5057  5057 D wpa_supplicant: nl80211: survey data missing!
03-24 16:16:25.378 30445 30532 D StateMachine: handleMessage: X
03-24 16:16:25.518 30305 30305 I ServiceManager: Waiting for service media.audio_flinger...
03-24 16:16:26.510 30305 30305 I ServiceManager: Waiting for service media.audio_flinger...
03-24 16:16:27.511 30305 30305 I ServiceManager: Waiting for service media.audio_flinger...
03-24 16:16:28.382 30445 30532 D StateMachine: handleMessage: E msg.what=131155
03-24 16:16:28.382 30445 30532 D StateMachine: processMsg: ConnectedState
03-24 16:16:28.382 30445 30532 D WifiStateMachine: ConnectedState{ what=131155 when=-4ms arg1=1143 }
03-24 16:16:28.382 30445 30532 D StateMachine: processMsg: L2ConnectedState
03-24 16:16:28.382 30445 30532 D WifiStateMachine: L2ConnectedState{ what=131155 when=-8ms arg1=1143 }
03-24 16:16:28.382 30445 30532 D wifi    : doString: SIGNAL_POLL
03-24 16:16:28.382  5057  5057 D wpa_supplicant: wpa_s 0x41963cc0 cmd SIGNAL_POLL
03-24 16:16:28.392  5057  5057 D wpa_supplicant: nl80211: survey data missing!
03-24 16:16:28.392 30445 30532 D StateMachine: handleMessage: X
03-24 16:16:28.512 30305 30305 I ServiceManager: Waiting for service media.audio_flinger...
03-24 16:16:29.513 30305 30305 W AudioSystem: AudioFlinger not published, waiting...
03-24 16:16:30.013 30305 30305 I ServiceManager: Waiting for service media.audio_flinger...
03-24 16:16:30.203 30686 30686 D ModemStatsService: onSignalStrengthsChanged
03-24 16:16:30.203 30686 30686 D ModemStatsService: CDMA, mRssi=-45, mEcio=-70
03-24 16:16:30.223 30555 30555 D MotoSystemUIUtils: Not on network extender
03-24 16:16:31.014 30305 30305 I ServiceManager: Waiting for service media.audio_flinger...
03-24 16:16:31.405 30445 30532 D StateMachine: handleMessage: E msg.what=131155
03-24 16:16:31.405 30445 30532 D StateMachine: processMsg: ConnectedState
03-24 16:16:31.405 30445 30532 D WifiStateMachine: ConnectedState{ what=131155 when=-4ms arg1=1143 }
03-24 16:16:31.405 30445 30532 D StateMachine: processMsg: L2ConnectedState
03-24 16:16:31.405 30445 30532 D WifiStateMachine: L2ConnectedState{ what=131155 when=-8ms arg1=1143 }
03-24 16:16:31.405 30445 30532 D wifi    : doString: SIGNAL_POLL
03-24 16:16:31.405  5057  5057 D wpa_supplicant: wpa_s 0x41963cc0 cmd SIGNAL_POLL
03-24 16:16:31.415  5057  5057 D wpa_supplicant: nl80211: survey data missing!
03-24 16:16:31.415 30445 30532 D StateMachine: handleMessage: X
03-24 16:16:32.015 30305 30305 I ServiceManager: Waiting for service media.audio_flinger...
03-24 16:16:33.016 30305 30305 I ServiceManager: Waiting for service media.audio_flinger...
03-24 16:16:34.018 30305 30305 I ServiceManager: Waiting for service media.audio_flinger...
03-24 16:16:34.048 30686 30686 D ModemStatsService: onSignalStrengthsChanged
03-24 16:16:34.048 30686 30686 D ModemStatsService: CDMA, mRssi=-45, mEcio=-70
03-24 16:16:34.068 30555 30555 D MotoSystemUIUtils: Not on network extender
03-24 16:16:34.418 30445 30532 D StateMachine: handleMessage: E msg.what=131155
03-24 16:16:34.418 30445 30532 D StateMachine: processMsg: ConnectedState
03-24 16:16:34.428 30445 30532 D WifiStateMachine: ConnectedState{ what=131155 when=-7ms arg1=1143 }
03-24 16:16:34.428 30445 30532 D StateMachine: processMsg: L2ConnectedState
03-24 16:16:34.428 30445 30532 D WifiStateMachine: L2ConnectedState{ what=131155 when=-9ms arg1=1143 }
03-24 16:16:34.428 30445 30532 D wifi    : doString: SIGNAL_POLL
03-24 16:16:34.428  5057  5057 D wpa_supplicant: wpa_s 0x41963cc0 cmd SIGNAL_POLL
03-24 16:16:34.438  5057  5057 D wpa_supplicant: nl80211: survey data missing!
03-24 16:16:34.438 30445 30532 D StateMachine: handleMessage: X
03-24 16:16:35.019 30305 30305 W AudioSystem: AudioFlinger not published, waiting...
03-24 16:16:35.519 30305 30305 I ServiceManager: Waiting for service media.audio_flinger...
03-24 16:16:36.520 30305 30305 I ServiceManager: Waiting for service media.audio_flinger...
03-24 16:16:37.431 30445 30532 D StateMachine: handleMessage: E msg.what=131155
03-24 16:16:37.431 30445 30532 D StateMachine: processMsg: ConnectedState
03-24 16:16:37.431 30445 30532 D WifiStateMachine: ConnectedState{ what=131155 when=-3ms arg1=1143 }
03-24 16:16:37.431 30445 30532 D StateMachine: processMsg: L2ConnectedState
03-24 16:16:37.431 30445 30532 D WifiStateMachine: L2ConnectedState{ what=131155 when=-4ms arg1=1143 }
03-24 16:16:37.431 30445 30532 D wifi    : doString: SIGNAL_POLL
03-24 16:16:37.431  5057  5057 D wpa_supplicant: wpa_s 0x41963cc0 cmd SIGNAL_POLL
03-24 16:16:37.431  5057  5057 D wpa_supplicant: nl80211: survey data missing!
03-24 16:16:37.441 30445 30532 D StateMachine: handleMessage: X
03-24 16:16:37.521 30305 30305 I ServiceManager: Waiting for service media.audio_flinger...
03-24 16:16:38.522 30305 30305 I ServiceManager: Waiting for service media.audio_flinger...
03-24 16:16:39.523 30305 30305 I ServiceManager: Waiting for service media.audio_flinger...
03-24 16:16:40.444 30445 30532 D StateMachine: handleMessage: E msg.what=131155
03-24 16:16:40.444 30445 30532 D StateMachine: processMsg: ConnectedState
03-24 16:16:40.444 30445 30532 D WifiStateMachine: ConnectedState{ what=131155 when=-4ms arg1=1143 }
03-24 16:16:40.444 30445 30532 D StateMachine: processMsg: L2ConnectedState
03-24 16:16:40.444 30445 30532 D WifiStateMachine: L2ConnectedState{ what=131155 when=-4ms arg1=1143 }
03-24 16:16:40.444 30445 30532 D wifi    : doString: SIGNAL_POLL
03-24 16:16:40.444  5057  5057 D wpa_supplicant: wpa_s 0x41963cc0 cmd SIGNAL_POLL
03-24 16:16:40.444  5057  5057 D wpa_supplicant: nl80211: survey data missing!
03-24 16:16:40.444 30445 30532 D StateMachine: handleMessage: X
03-24 16:16:40.514 30305 30305 W AudioSystem: AudioFlinger not published, waiting...
03-24 16:16:41.015 30305 30305 I ServiceManager: Waiting for service media.audio_flinger...
03-24 16:16:41.706 30686 30686 D ModemStatsService: onSignalStrengthsChanged
03-24 16:16:41.706 30686 30686 D ModemStatsService: CDMA, mRssi=-46, mEcio=-70
03-24 16:16:41.736 30555 30555 D MotoSystemUIUtils: Not on network extender
03-24 16:16:42.016 30305 30305 I ServiceManager: Waiting for service media.audio_flinger...
03-24 16:16:43.017 30305 30305 I ServiceManager: Waiting for service media.audio_flinger...
03-24 16:16:43.458 30445 30532 D StateMachine: handleMessage: E msg.what=131155
03-24 16:16:43.458 30445 30532 D StateMachine: processMsg: ConnectedState
03-24 16:16:43.458 30445 30532 D WifiStateMachine: ConnectedState{ what=131155 when=-4ms arg1=1143 }
03-24 16:16:43.458 30445 30532 D StateMachine: processMsg: L2ConnectedState
03-24 16:16:43.458 30445 30532 D WifiStateMachine: L2ConnectedState{ what=131155 when=-4ms arg1=1143 }
03-24 16:16:43.458 30445 30532 D wifi    : doString: SIGNAL_POLL
03-24 16:16:43.458  5057  5057 D wpa_supplicant: wpa_s 0x41963cc0 cmd SIGNAL_POLL
03-24 16:16:43.468  5057  5057 D wpa_supplicant: nl80211: survey data missing!
03-24 16:16:43.468 30445 30532 D StateMachine: handleMessage: X
03-24 16:16:44.018 30305 30305 I ServiceManager: Waiting for service media.audio_flinger...
03-24 16:16:45.009 30305 30305 I ServiceManager: Waiting for service media.audio_flinger...
03-24 16:16:46.010 30305 30305 W AudioSystem: AudioFlinger not published, waiting...
03-24 16:16:46.471 30445 30532 D StateMachine: handleMessage: E msg.what=131155
03-24 16:16:46.471 30445 30532 D StateMachine: processMsg: ConnectedState
03-24 16:16:46.471 30445 30532 D WifiStateMachine: ConnectedState{ what=131155 when=-5ms arg1=1143 }
03-24 16:16:46.471 30445 30532 D StateMachine: processMsg: L2ConnectedState
03-24 16:16:46.471 30445 30532 D WifiStateMachine: L2ConnectedState{ what=131155 when=-7ms arg1=1143 }
03-24 16:16:46.471 30445 30532 D wifi    : doString: SIGNAL_POLL
03-24 16:16:46.471  5057  5057 D wpa_supplicant: wpa_s 0x41963cc0 cmd SIGNAL_POLL
03-24 16:16:46.481  5057  5057 D wpa_supplicant: nl80211: survey data missing!
03-24 16:16:46.481 30445 30532 D StateMachine: handleMessage: X
03-24 16:16:46.521 30305 30305 I ServiceManager: Waiting for service media.audio_flinger...
03-24 16:16:47.512 30305 30305 I ServiceManager: Waiting for service media.audio_flinger...
03-24 16:16:48.113 30686 30686 D ModemStatsService: onSignalStrengthsChanged
03-24 16:16:48.123 30686 30686 D ModemStatsService: CDMA, mRssi=-44, mEcio=-70
03-24 16:16:48.123 30555 30555 D MotoSystemUIUtils: Not on network extender
--------- beginning of /dev/log/system
03-24 16:16:48.143 30555 30555 D StatusBar.NetworkController: refreshViews:   mDataTypeIconIdShown(NetworkType)=2130837774/com.android.systemui:drawable/zz_moto_stat_sys_data_not_connected_4g_lte
03-24 16:16:48.153 30555 30555 D StatusBar.NetworkController: refreshViews:   mMobileActivityIconId=0/(null)
03-24 16:16:48.153 30555 30555 D StatusBar.NetworkController: updateDataIconForDisabledOption: showDataDisabledIcon = 0
03-24 16:16:48.153 30445 31651 D ConnectivityService: getMobileDataEnabled returning true
03-24 16:16:48.153 30555 30555 D StatusBar.NetworkController: refreshViews: SUMMARY:
03-24 16:16:48.153 30555 30555 D StatusBar.NetworkController:  connected to={ wifi }
03-24 16:16:48.153 30555 30555 D StatusBar.NetworkController:  level=5
03-24 16:16:48.153 30555 30555 D StatusBar.NetworkController:  combinedSignalIconId=0x7f0200aa/com.android.systemui:drawable/stat_sys_wifi_signal_3_fully
03-24 16:16:48.153 30555 30555 D StatusBar.NetworkController:   combinedActivityIconId=0x0/(null)
03-24 16:16:48.153 30555 30555 D StatusBar.NetworkController:   mAirplaneMode=false
03-24 16:16:48.153 30555 30555 D StatusBar.NetworkController:   emergencyOnly=false
03-24 16:16:48.153 30555 30555 D StatusBar.NetworkController:   mDataActivity=0
03-24 16:16:48.153 30555 30555 D StatusBar.NetworkController:   mPhoneSignalIconId=0x7f02012d/com.android.systemui:drawable/zz_moto_stat_sys_signal_5bar_5
03-24 16:16:48.153 30555 30555 D StatusBar.NetworkController:   mDataDirectionIconId(NetworkType)=0x0/(null)
03-24 16:16:48.153 30555 30555 D StatusBar.NetworkController:   mDataSignalIconId=0x7f02012d/com.android.systemui:drawable/zz_moto_stat_sys_signal_5bar_5
03-24 16:16:48.153 30555 30555 D StatusBar.NetworkController:   mDataTypeIconId(NetworkType)=0x7f0200d7
03-24 16:16:48.153 30555 30555 D StatusBar.NetworkController:   mSimIconId=0x0/com.android.systemui:drawable/zz_moto_stat_sys_data_connected_4g_lte
03-24 16:16:48.153 30555 30555 D StatusBar.NetworkController:   mDataTypeIconIdShown(NetworkType)=0x7f02010e/com.android.systemui:drawable/zz_moto_stat_sys_data_not_connected_4g_lte
03-24 16:16:48.153 30555 30555 D StatusBar.NetworkController:   mWimaxIconId=0x0/(null)
03-24 16:16:48.153 30555 30555 D StatusBar.NetworkController:   mWifiIconId=0x7f0200aa/com.android.systemui:drawable/stat_sys_wifi_signal_3_fully
03-24 16:16:48.153 30555 30555 D StatusBar.NetworkController:   mBluetoothTetherIconId=0x1080555/android:drawable/stat_sys_tether_bluetooth
03-24 16:16:48.153 30555 30555 D StatusBar.NetworkController: refreshViews: mDataConnected=false
03-24 16:16:48.153 30555 30555 D StatusBar.NetworkController: refreshViews: mWifiConnected=true
03-24 16:16:48.153 30555 30555 D StatusBar.NetworkController: refreshViews: wifi active:
03-24 16:16:48.153 30555 30555 D StatusBar.NetworkController: refreshViews:   wifiLabel="GW1XxxxxXXXXxxxxXXXX"
03-24 16:16:48.153 30555 30555 D StatusBar.NetworkController: refreshViews:   combinedActivityIconId=0/(null) = mWifiActivityIconId=0/(null)
03-24 16:16:48.153 30555 30555 D StatusBar.NetworkController: refreshViews:   combinedSignalIconId=2130837674/com.android.systemui:drawable/stat_sys_wifi_signal_3_fully = mWifiIconId=2130837674/com.android.systemui:drawable/stat_sys_wifi_signal_3_fully
03-24 16:16:48.153 30555 30555 D StatusBar.NetworkController: refreshViews:   mContentDescriptionCombinedSignal="Wi-Fi two bars."
03-24 16:16:48.163 30555 30555 D StatusBar.NetworkController: refreshViews:   combinedLabel="GW1XxxxxXXXXxxxxXXXX"
03-24 16:16:48.163 30555 30555 D StatusBar.NetworkController: refreshViews: mBluetoothTethered=false
03-24 16:16:48.163 30555 30555 D StatusBar.NetworkController: refreshViews: mAirplaneMode=false
03-24 16:16:48.163 30555 30555 D StatusBar.NetworkController: refreshViews: or no service:
03-24 16:16:48.163 30555 30555 D StatusBar.NetworkController: refreshViews:   mServiceState=0 home data home domestic Verizon Wireless  311480  LTE CSS supported 3 18 mDataState=0 RoamInd=64 DefRoamInd=1 EmergOnly=false==null
03-24 16:16:48.163 30555 30555 D StatusBar.NetworkController: refreshViews:   || ( hasService()=true==false && 
03-24 16:16:48.163 30555 30555 D StatusBar.NetworkController: refreshViews:   mServiceState.isEmergencyOnly()=false==false )
03-24 16:16:48.163 30445 30455 D ConnectivityService: getMobileDataEnabled returning true
03-24 16:16:48.163 30555 30555 D StatusBar.NetworkController: refreshViews: Show/Hide data icon when wifi is active:
03-24 16:16:48.163 30555 30555 D StatusBar.NetworkController: refreshViews:   is CDMA || LTE : mDataState=0 mConfigShowBothWifiAndMobileNetwork=true mWifiConnected=true mConfigAlwaysShowAttachedNetworkType=false mMobileDataEnabled=true isEmergencyOnly=false
03-24 16:16:48.163 30445   319 D ConnectivityService: getMobileDataEnabled returning true
03-24 16:16:48.163 30555 30555 D StatusBar.NetworkController: refreshViews: CDMA || LTE:
03-24 16:16:48.163 30555 30555 D StatusBar.NetworkController: refreshViews:   mDataTypeIconIdShown(NetworkType)=2130837774/com.android.systemui:drawable/zz_moto_stat_sys_data_not_connected_4g_lte
03-24 16:16:48.163 30555 30555 D StatusBar.NetworkController: refreshViews:   mMobileActivityIconId=0/(null)
03-24 16:16:48.163 30555 30555 D StatusBar.NetworkController: updateDataIconForDisabledOption: showDataDisabledIcon = 0
03-24 16:16:48.173 30445 30954 D ConnectivityService: getMobileDataEnabled returning true
03-24 16:16:48.173 30555 30555 D StatusBar.NetworkController: refreshViews: SUMMARY:
03-24 16:16:48.173 30555 30555 D StatusBar.NetworkController:  connected to={ wifi }
03-24 16:16:48.173 30555 30555 D StatusBar.NetworkController:  level=5
03-24 16:16:48.173 30555 30555 D StatusBar.NetworkController:  combinedSignalIconId=0x7f0200aa/com.android.systemui:drawable/stat_sys_wifi_signal_3_fully
03-24 16:16:48.173 30555 30555 D StatusBar.NetworkController:   combinedActivityIconId=0x0/(null)
03-24 16:16:48.173 30555 30555 D StatusBar.NetworkController:   mAirplaneMode=false
03-24 16:16:48.173 30555 30555 D StatusBar.NetworkController:   emergencyOnly=false
03-24 16:16:48.173 30555 30555 D StatusBar.NetworkController:   mDataActivity=0
03-24 16:16:48.173 30555 30555 D StatusBar.NetworkController:   mPhoneSignalIconId=0x7f02012d/com.android.systemui:drawable/zz_moto_stat_sys_signal_5bar_5
03-24 16:16:48.173 30555 30555 D StatusBar.NetworkController:   mDataDirectionIconId(NetworkType)=0x0/(null)
03-24 16:16:48.173 30555 30555 D StatusBar.NetworkController:   mDataSignalIconId=0x7f02012d/com.android.systemui:drawable/zz_moto_stat_sys_signal_5bar_5
03-24 16:16:48.173 30555 30555 D StatusBar.NetworkController:   mDataTypeIconId(NetworkType)=0x7f0200d7
03-24 16:16:48.173 30555 30555 D StatusBar.NetworkController:   mSimIconId=0x0/com.android.systemui:drawable/zz_moto_stat_sys_data_connected_4g_lte
03-24 16:16:48.173 30555 30555 D StatusBar.NetworkController:   mDataTypeIconIdShown(NetworkType)=0x7f02010e/com.android.systemui:drawable/zz_moto_stat_sys_data_not_connected_4g_lte
03-24 16:16:48.173 30555 30555 D StatusBar.NetworkController:   mWimaxIconId=0x0/(null)
03-24 16:16:48.173 30555 30555 D StatusBar.NetworkController:   mWifiIconId=0x7f0200aa/com.android.systemui:drawable/stat_sys_wifi_signal_3_fully
03-24 16:16:48.173 30555 30555 D StatusBar.NetworkController:   mBluetoothTetherIconId=0x1080555/android:drawable/stat_sys_tether_bluetooth
03-24 16:16:48.523 30305 30305 I ServiceManager: Waiting for service media.audio_flinger...
03-24 16:16:49.484 30445 30532 D StateMachine: handleMessage: E msg.what=131155
03-24 16:16:49.484 30445 30532 D StateMachine: processMsg: ConnectedState
03-24 16:16:49.484 30445 30532 D WifiStateMachine: ConnectedState{ what=131155 when=-3ms arg1=1143 }
03-24 16:16:49.484 30445 30532 D StateMachine: processMsg: L2ConnectedState
03-24 16:16:49.484 30445 30532 D WifiStateMachine: L2ConnectedState{ what=131155 when=-4ms arg1=1143 }
03-24 16:16:49.484 30445 30532 D wifi    : doString: SIGNAL_POLL
03-24 16:16:49.484  5057  5057 D wpa_supplicant: wpa_s 0x41963cc0 cmd SIGNAL_POLL
03-24 16:16:49.494  5057  5057 D wpa_supplicant: nl80211: survey data missing!
03-24 16:16:49.494 30445 30532 D StateMachine: handleMessage: X
03-24 16:16:49.524 30305 30305 I ServiceManager: Waiting for service media.audio_flinger...
03-24 16:16:49.664 30555 30555 I Adreno200-EGLSUB: <ConfigWindowMatch:2087>: Format RGBA_8888.
03-24 16:16:49.684 30555 30555 D PhoneStatusBar: disable: < expand icons alerts TICKER* system_info back home recent clock >
03-24 16:16:49.694   331   423 I Adreno200-EGLSUB: <CreateImage:897>: Android Image
03-24 16:16:49.694   331   423 I Adreno200-EGLSUB: <GetImageAttributes:1106>: RGBA_8888
03-24 16:16:49.714   331   423 I Adreno200-EGLSUB: <CreateImage:897>: Android Image
03-24 16:16:49.714   331   423 I Adreno200-EGLSUB: <GetImageAttributes:1106>: RGBA_8888
03-24 16:16:49.734   331   423 I Adreno200-EGLSUB: <CreateImage:897>: Android Image
03-24 16:16:49.734   331   423 I Adreno200-EGLSUB: <GetImageAttributes:1106>: RGBA_8888
03-24 16:16:49.764   331   423 I Adreno200-EGLSUB: <CreateImage:897>: Android Image
03-24 16:16:49.764   331   423 I Adreno200-EGLSUB: <GetImageAttributes:1106>: RGBA_8888
03-24 16:16:50.515 30305 30305 I ServiceManager: Waiting for service media.audio_flinger...
03-24 16:16:51.286 30445   317 D PowerManagerService: acquireWakeLock flags=0x1 tag=Email/CpuPowerManager
03-24 16:16:51.296 30445   316 D PowerManagerService: releaseWakeLock flags=0x1 tag=Email/CpuPowerManager
03-24 16:16:51.516 30305 30305 W AudioSystem: AudioFlinger not published, waiting...
03-24 16:16:51.947 30686 30686 D ModemStatsService: onSignalStrengthsChanged
03-24 16:16:51.947 30686 30686 D ModemStatsService: CDMA, mRssi=-44, mEcio=-70
03-24 16:16:51.957 30555 30555 D StatusBar.NetworkController: onSignalStrengthsChanged signalStrength=SignalStrength: 99 0 -44 -70 -120 -1 -1 31 -68 -14 274 2147483647 cdma 0 0 0 false 0 0 5 0 5 16 99 0 5 5 5 5 5 5 5 0 level=5
03-24 16:16:51.957 30445 30716 D ConnectivityService: getMobileDataEnabled returning true
03-24 16:16:51.967 30555 30555 D MotoSystemUIUtils: Not on network extender
03-24 16:16:51.967 30555 30555 D StatusBar.NetworkController: updateTelephonySignalStrength mSignalStrength=SignalStrength: 99 0 -44 -70 -120 -1 -1 31 -68 -14 274 2147483647 cdma 0 0 0 false 0 0 5 0 5 16 99 0 5 5 5 5 5 5 5 0
03-24 16:16:51.967 30555 30555 D StatusBar.NetworkController: updateTelephonySignalStrength mMaxSignalLevel=5
03-24 16:16:51.967 30555 30555 D StatusBar.NetworkController: isForced1xMode: ( mPhoneState != TelephonyManager.CALL_STATE_IDLE )=false
03-24 16:16:51.967 30555 30555 D StatusBar.NetworkController: isForced1xMode: mDataNetType=13
03-24 16:16:51.967 30555 30555 D StatusBar.NetworkController: isForced1xMode: isEvdo=false
03-24 16:16:51.967 30555 30555 D StatusBar.NetworkController: isForced1xMode: TelephonyProperties.PROPERTY_SVDO=false
03-24 16:16:51.967 30555 30555 D StatusBar.NetworkController: isForced1xMode: isLte=true
03-24 16:16:51.967 30555 30555 D StatusBar.NetworkController: isForced1xMode: TelephonyProperties.PROPERTY_SVDATA=true
03-24 16:16:51.967 30555 30555 D StatusBar.NetworkController: isForced1xMode: returns false (use active radioTech's normal mode)
03-24 16:16:51.967 30555 30555 D StatusBar.NetworkController: getLevel: using active-radio level: level=5
03-24 16:16:51.967 30555 30555 D StatusBar.NetworkController: updateTelephonySignalStrength Service={CDMA, Not-Roaming}, iconLevel=5 NumBars=5 IconId=2130837805/com.android.systemui:drawable/zz_moto_stat_sys_signal_5bar_5
03-24 16:16:51.967 30555 30555 D StatusBar.NetworkController: updateRoamingIcon: has Service
03-24 16:16:51.967 30555 30555 D StatusBar.NetworkController: updateRoamingIcon: CDMA
03-24 16:16:51.967 30555 30555 D StatusBar.NetworkController: Cdma ROAMING_INDICATOR_OFF, removing ERI icon
03-24 16:16:51.967 30555 30555 D StatusBar.NetworkController: updateRoamingIcon: mRoamingIconId = 0 (#3)
03-24 16:16:51.977 30555 30555 D StatusBar.NetworkController: updateRoamingIcon: mRoamingIconId=0/(null)
03-24 16:16:51.977 30555 30555 D StatusBar.NetworkController: updateRoamingIcon: mContentDescriptionRoaming="Not roaming."
03-24 16:16:51.977 30555 30555 D StatusBar.NetworkController: In updateSimIcon simState= READY
03-24 16:16:51.977 30555 30555 D StatusBar.NetworkController: updateSimIcon: mSimIconId=0/(null), mContentDescriptionSim=""
03-24 16:16:51.977 30555 30555 D StatusBar.NetworkController: refreshViews: mDataConnected=false
03-24 16:16:51.977 30555 30555 D StatusBar.NetworkController: refreshViews: mWifiConnected=true
03-24 16:16:51.977 30555 30555 D StatusBar.NetworkController: refreshViews: wifi active:
03-24 16:16:51.977 30555 30555 D StatusBar.NetworkController: refreshViews:   wifiLabel="GW1XxxxxXXXXxxxxXXXX"
03-24 16:16:51.977 30555 30555 D StatusBar.NetworkController: refreshViews:   combinedActivityIconId=0/(null) = mWifiActivityIconId=0/(null)
03-24 16:16:51.977 30555 30555 D StatusBar.NetworkController: refreshViews:   combinedSignalIconId=2130837674/com.android.systemui:drawable/stat_sys_wifi_signal_3_fully = mWifiIconId=2130837674/com.android.systemui:drawable/stat_sys_wifi_signal_3_fully
03-24 16:16:51.977 30555 30555 D StatusBar.NetworkController: refreshViews:   mContentDescriptionCombinedSignal="Wi-Fi two bars."
03-24 16:16:51.977 30555 30555 D StatusBar.NetworkController: refreshViews:   combinedLabel="GW1XxxxxXXXXxxxxXXXX"
03-24 16:16:51.977 30555 30555 D StatusBar.NetworkController: refreshViews: mBluetoothTethered=false
03-24 16:16:51.977 30555 30555 D StatusBar.NetworkController: refreshViews: mAirplaneMode=false
03-24 16:16:51.977 30555 30555 D StatusBar.NetworkController: refreshViews: or no service:
03-24 16:16:51.977 30555 30555 D StatusBar.NetworkController: refreshViews:   mServiceState=0 home data home domestic Verizon Wireless  311480  LTE CSS supported 3 18 mDataState=0 RoamInd=64 DefRoamInd=1 EmergOnly=false==null
03-24 16:16:51.977 30555 30555 D StatusBar.NetworkController: refreshViews:   || ( hasService()=true==false && 
03-24 16:16:51.977 30555 30555 D StatusBar.NetworkController: refreshViews:   mServiceState.isEmergencyOnly()=false==false )
03-24 16:16:51.977 30445   314 D ConnectivityService: getMobileDataEnabled returning true
03-24 16:16:51.977 30555 30555 D StatusBar.NetworkController: refreshViews: Show/Hide data icon when wifi is active:
03-24 16:16:51.977 30555 30555 D StatusBar.NetworkController: refreshViews:   is CDMA || LTE : mDataState=0 mConfigShowBothWifiAndMobileNetwork=true mWifiConnected=true mConfigAlwaysShowAttachedNetworkType=false mMobileDataEnabled=true isEmergencyOnly=false
03-24 16:16:51.987 30445 30445 D ConnectivityService: getMobileDataEnabled returning true
03-24 16:16:51.987 30555 30555 D StatusBar.NetworkController: refreshViews: CDMA || LTE:
03-24 16:16:51.987 30555 30555 D StatusBar.NetworkController: refreshViews:   mDataTypeIconIdShown(NetworkType)=2130837774/com.android.systemui:drawable/zz_moto_stat_sys_data_not_connected_4g_lte
03-24 16:16:51.987 30555 30555 D StatusBar.NetworkController: refreshViews:   mMobileActivityIconId=0/(null)
03-24 16:16:51.987 30555 30555 D StatusBar.NetworkController: updateDataIconForDisabledOption: showDataDisabledIcon = 0
03-24 16:16:51.987 30445 31651 D ConnectivityService: getMobileDataEnabled returning true
03-24 16:16:51.987 30555 30555 D StatusBar.NetworkController: refreshViews: SUMMARY:
03-24 16:16:51.987 30555 30555 D StatusBar.NetworkController:  connected to={ wifi }
03-24 16:16:51.987 30555 30555 D StatusBar.NetworkController:  level=5
03-24 16:16:51.987 30555 30555 D StatusBar.NetworkController:  combinedSignalIconId=0x7f0200aa/com.android.systemui:drawable/stat_sys_wifi_signal_3_fully
03-24 16:16:51.987 30555 30555 D StatusBar.NetworkController:   combinedActivityIconId=0x0/(null)
03-24 16:16:51.987 30555 30555 D StatusBar.NetworkController:   mAirplaneMode=false
03-24 16:16:51.987 30555 30555 D StatusBar.NetworkController:   emergencyOnly=false
03-24 16:16:51.987 30555 30555 D StatusBar.NetworkController:   mDataActivity=0
03-24 16:16:51.987 30555 30555 D StatusBar.NetworkController:   mPhoneSignalIconId=0x7f02012d/com.android.systemui:drawable/zz_moto_stat_sys_signal_5bar_5
03-24 16:16:51.987 30555 30555 D StatusBar.NetworkController:   mDataDirectionIconId(NetworkType)=0x0/(null)
03-24 16:16:51.987 30555 30555 D StatusBar.NetworkController:   mDataSignalIconId=0x7f02012d/com.android.systemui:drawable/zz_moto_stat_sys_signal_5bar_5
03-24 16:16:51.987 30555 30555 D StatusBar.NetworkController:   mDataTypeIconId(NetworkType)=0x7f0200d7
03-24 16:16:51.987 30555 30555 D StatusBar.NetworkController:   mSimIconId=0x0/com.android.systemui:drawable/zz_moto_stat_sys_data_connected_4g_lte
03-24 16:16:51.987 30555 30555 D StatusBar.NetworkController:   mDataTypeIconIdShown(NetworkType)=0x7f02010e/com.android.systemui:drawable/zz_moto_stat_sys_data_not_connected_4g_lte
03-24 16:16:51.987 30555 30555 D StatusBar.NetworkController:   mWimaxIconId=0x0/(null)
03-24 16:16:51.987 30555 30555 D StatusBar.NetworkController:   mWifiIconId=0x7f0200aa/com.android.systemui:drawable/stat_sys_wifi_signal_3_fully
03-24 16:16:51.987 30555 30555 D StatusBar.NetworkController:   mBluetoothTetherIconId=0x1080555/android:drawable/stat_sys_tether_bluetooth
03-24 16:16:51.987 30555 30555 D StatusBar.NetworkController: refreshViews: mDataConnected=false
03-24 16:16:51.987 30555 30555 D StatusBar.NetworkController: refreshViews: mWifiConnected=true
03-24 16:16:51.987 30555 30555 D StatusBar.NetworkController: refreshViews: wifi active:
03-24 16:16:51.987 30555 30555 D StatusBar.NetworkController: refreshViews:   wifiLabel="GW1XxxxxXXXXxxxxXXXX"
03-24 16:16:51.987 30555 30555 D StatusBar.NetworkController: refreshViews:   combinedActivityIconId=0/(null) = mWifiActivityIconId=0/(null)
03-24 16:16:51.987 30555 30555 D StatusBar.NetworkController: refreshViews:   combinedSignalIconId=2130837674/com.android.systemui:drawable/stat_sys_wifi_signal_3_fully = mWifiIconId=2130837674/com.android.systemui:drawable/stat_sys_wifi_signal_3_fully
03-24 16:16:51.987 30555 30555 D StatusBar.NetworkController: refreshViews:   mContentDescriptionCombinedSignal="Wi-Fi two bars."
03-24 16:16:51.987 30555 30555 D StatusBar.NetworkController: refreshViews:   combinedLabel="GW1XxxxxXXXXxxxxXXXX"
03-24 16:16:51.987 30555 30555 D StatusBar.NetworkController: refreshViews: mBluetoothTethered=false
03-24 16:16:51.987 30555 30555 D StatusBar.NetworkController: refreshViews: mAirplaneMode=false
03-24 16:16:51.987 30555 30555 D StatusBar.NetworkController: refreshViews: or no service:
03-24 16:16:51.987 30555 30555 D StatusBar.NetworkController: refreshViews:   mServiceState=0 home data home domestic Verizon Wireless  311480  LTE CSS supported 3 18 mDataState=0 RoamInd=64 DefRoamInd=1 EmergOnly=false==null
03-24 16:16:51.987 30555 30555 D StatusBar.NetworkController: refreshViews:   || ( hasService()=true==false && 
03-24 16:16:51.987 30555 30555 D StatusBar.NetworkController: refreshViews:   mServiceState.isEmergencyOnly()=false==false )
03-24 16:16:51.987 30445 30455 D ConnectivityService: getMobileDataEnabled returning true
03-24 16:16:51.987 30555 30555 D StatusBar.NetworkController: refreshViews: Show/Hide data icon when wifi is active:
03-24 16:16:51.987 30555 30555 D StatusBar.NetworkController: refreshViews:   is CDMA || LTE : mDataState=0 mConfigShowBothWifiAndMobileNetwork=true mWifiConnected=true mConfigAlwaysShowAttachedNetworkType=false mMobileDataEnabled=true isEmergencyOnly=false
03-24 16:16:51.987 30445   319 D ConnectivityService: getMobileDataEnabled returning true
03-24 16:16:51.987 30555 30555 D StatusBar.NetworkController: refreshViews: CDMA || LTE:
03-24 16:16:51.987 30555 30555 D StatusBar.NetworkController: refreshViews:   mDataTypeIconIdShown(NetworkType)=2130837774/com.android.systemui:drawable/zz_moto_stat_sys_data_not_connected_4g_lte
03-24 16:16:51.987 30555 30555 D StatusBar.NetworkController: refreshViews:   mMobileActivityIconId=0/(null)
03-24 16:16:51.987 30555 30555 D StatusBar.NetworkController: updateDataIconForDisabledOption: showDataDisabledIcon = 0
03-24 16:16:51.987 30445 30954 D ConnectivityService: getMobileDataEnabled returning true
03-24 16:16:51.997 30555 30555 D StatusBar.NetworkController: refreshViews: SUMMARY:
