03-24 16:17:16.283 30555 30555 D StatusBar.NetworkController: refreshViews:   mContentDescriptionCombinedSignal="Wi-Fi two bars."
03-24 16:17:16.283 30555 30555 D StatusBar.NetworkController: refreshViews:   combinedLabel="GW1XxxxxXXXXxxxxXXXX"
03-24 16:17:16.283 30555 30555 D StatusBar.NetworkController: refreshViews: mBluetoothTethered=false
03-24 16:17:16.283 30555 30555 D StatusBar.NetworkController: refreshViews: mAirplaneMode=false
03-24 16:17:16.283 30555 30555 D StatusBar.NetworkController: refreshViews: or no service:
03-24 16:17:16.283 30555 30555 D StatusBar.NetworkController: refreshViews:   mServiceState=0 home data home domestic Verizon Wireless  311480  LTE CSS supported 3 18 mDataState=0 RoamInd=64 DefRoamInd=1 EmergOnly=false==null
03-24 16:17:16.283 30555 30555 D StatusBar.NetworkController: refreshViews:   || ( hasService()=true==false && 
03-24 16:17:16.283 30555 30555 D StatusBar.NetworkController: refreshViews:   mServiceState.isEmergencyOnly()=false==false )
03-24 16:17:16.283 30445 30716 D ConnectivityService: getMobileDataEnabled returning true
03-24 16:17:16.283 30555 30555 D StatusBar.NetworkController: refreshViews: Show/Hide data icon when wifi is active:
03-24 16:17:16.293  5807  5807 E Trace   : error opening trace file: No such file or directory (2)
03-24 16:17:16.293  5807  5807 D ActivityThread: setTargetHeapUtilization:0.25
03-24 16:17:16.293  5807  5807 D ActivityThread: setTargetHeapIdealFree:8388608
03-24 16:17:16.293  5807  5807 D ActivityThread: setTargetHeapConcurrentStart:2097152
03-24 16:17:16.293 30555 30555 D StatusBar.NetworkController: refreshViews:   is CDMA || LTE : mDataState=0 mConfigShowBothWifiAndMobileNetwork=true mWifiConnected=true mConfigAlwaysShowAttachedNetworkType=false mMobileDataEnabled=true isEmergencyOnly=false
03-24 16:17:16.293 30445 30727 D ConnectivityService: getMobileDataEnabled returning true
03-24 16:17:16.293 30555 30555 D StatusBar.NetworkController: refreshViews: CDMA || LTE:
03-24 16:17:16.293 30555 30555 D StatusBar.NetworkController: refreshViews:   mDataTypeIconIdShown(NetworkType)=2130837774/com.android.systemui:drawable/zz_moto_stat_sys_data_not_connected_4g_lte
03-24 16:17:16.293 30555 30555 D StatusBar.NetworkController: refreshViews:   mMobileActivityIconId=0/(null)
03-24 16:17:16.293 30555 30555 D StatusBar.NetworkController: updateDataIconForDisabledOption: showDataDisabledIcon = 0
03-24 16:17:16.293 30445   315 D ConnectivityService: getMobileDataEnabled returning true
03-24 16:17:16.293 30555 30555 D StatusBar.NetworkController: refreshViews: SUMMARY:
03-24 16:17:16.293 30555 30555 D StatusBar.NetworkController:  connected to={ wifi }
03-24 16:17:16.293 30555 30555 D StatusBar.NetworkController:  level=5
03-24 16:17:16.293 30555 30555 D StatusBar.NetworkController:  combinedSignalIconId=0x7f0200aa/com.android.systemui:drawable/stat_sys_wifi_signal_3_fully
03-24 16:17:16.293 30555 30555 D StatusBar.NetworkController:   combinedActivityIconId=0x7f0200a2/com.android.systemui:drawable/stat_sys_wifi_out
03-24 16:17:16.293 30555 30555 D StatusBar.NetworkController:   mAirplaneMode=false
03-24 16:17:16.293 30555 30555 D StatusBar.NetworkController:   emergencyOnly=false
03-24 16:17:16.293 30555 30555 D StatusBar.NetworkController:   mDataActivity=0
03-24 16:17:16.293 30555 30555 D StatusBar.NetworkController:   mPhoneSignalIconId=0x7f02012d/com.android.systemui:drawable/zz_moto_stat_sys_signal_5bar_5
03-24 16:17:16.293 30555 30555 D StatusBar.NetworkController:   mDataDirectionIconId(NetworkType)=0x0/(null)
03-24 16:17:16.293 30555 30555 D StatusBar.NetworkController:   mDataSignalIconId=0x7f02012d/com.android.systemui:drawable/zz_moto_stat_sys_signal_5bar_5
03-24 16:17:16.293 30555 30555 D StatusBar.NetworkController:   mDataTypeIconId(NetworkType)=0x7f0200d7
03-24 16:17:16.293 30555 30555 D StatusBar.NetworkController:   mSimIconId=0x0/com.android.systemui:drawable/zz_moto_stat_sys_data_connected_4g_lte
03-24 16:17:16.293 30555 30555 D StatusBar.NetworkController:   mDataTypeIconIdShown(NetworkType)=0x7f02010e/com.android.systemui:drawable/zz_moto_stat_sys_data_not_connected_4g_lte
03-24 16:17:16.293 30555 30555 D StatusBar.NetworkController:   mWimaxIconId=0x0/(null)
03-24 16:17:16.293 30555 30555 D StatusBar.NetworkController:   mWifiIconId=0x7f0200aa/com.android.systemui:drawable/stat_sys_wifi_signal_3_fully
03-24 16:17:16.293 30555 30555 D StatusBar.NetworkController:   mBluetoothTetherIconId=0x1080555/android:drawable/stat_sys_tether_bluetooth
03-24 16:17:16.293 30555 30555 D StatusBar.NetworkController: refreshViews: mDataConnected=false
03-24 16:17:16.293 30555 30555 D StatusBar.NetworkController: refreshViews: mWifiConnected=true
03-24 16:17:16.293 30555 30555 D StatusBar.NetworkController: refreshViews: wifi active:
03-24 16:17:16.293 30555 30555 D StatusBar.NetworkController: refreshViews:   wifiLabel="GW1XxxxxXXXXxxxxXXXX"
03-24 16:17:16.293 30555 30555 D StatusBar.NetworkController: refreshViews:   combinedActivityIconId=2130837666/com.android.systemui:drawable/stat_sys_wifi_out = mWifiActivityIconId=2130837666/com.android.systemui:drawable/stat_sys_wifi_out
03-24 16:17:16.293 30555 30555 D StatusBar.NetworkController: refreshViews:   combinedSignalIconId=2130837674/com.android.systemui:drawable/stat_sys_wifi_signal_3_fully = mWifiIconId=2130837674/com.android.systemui:drawable/stat_sys_wifi_signal_3_fully
03-24 16:17:16.293 30555 30555 D StatusBar.NetworkController: refreshViews:   mContentDescriptionCombinedSignal="Wi-Fi two bars."
03-24 16:17:16.293 30555 30555 D StatusBar.NetworkController: refreshViews:   combinedLabel="GW1XxxxxXXXXxxxxXXXX"
03-24 16:17:16.293 30555 30555 D StatusBar.NetworkController: refreshViews: mBluetoothTethered=false
03-24 16:17:16.293 30555 30555 D StatusBar.NetworkController: refreshViews: mAirplaneMode=false
03-24 16:17:16.293 30555 30555 D StatusBar.NetworkController: refreshViews: or no service:
03-24 16:17:16.293 30555 30555 D StatusBar.NetworkController: refreshViews:   mServiceState=0 home data home domestic Verizon Wireless  311480  LTE CSS supported 3 18 mDataState=0 RoamInd=64 DefRoamInd=1 EmergOnly=false==null
03-24 16:17:16.293 30555 30555 D StatusBar.NetworkController: refreshViews:   || ( hasService()=true==false && 
03-24 16:17:16.303 30555 30555 D StatusBar.NetworkController: refreshViews:   mServiceState.isEmergencyOnly()=false==false )
03-24 16:17:16.303 30445 30455 D ConnectivityService: getMobileDataEnabled returning true
03-24 16:17:16.303 30555 30555 D StatusBar.NetworkController: refreshViews: Show/Hide data icon when wifi is active:
03-24 16:17:16.303 30555 30555 D StatusBar.NetworkController: refreshViews:   is CDMA || LTE : mDataState=0 mConfigShowBothWifiAndMobileNetwork=true mWifiConnected=true mConfigAlwaysShowAttachedNetworkType=false mMobileDataEnabled=true isEmergencyOnly=false
03-24 16:17:16.303 30445 30445 D ConnectivityService: getMobileDataEnabled returning true
03-24 16:17:16.303 30555 30555 D StatusBar.NetworkController: refreshViews: CDMA || LTE:
03-24 16:17:16.303 30555 30555 D StatusBar.NetworkController: refreshViews:   mDataTypeIconIdShown(NetworkType)=2130837774/com.android.systemui:drawable/zz_moto_stat_sys_data_not_connected_4g_lte
03-24 16:17:16.303 30555 30555 D StatusBar.NetworkController: refreshViews:   mMobileActivityIconId=0/(null)
03-24 16:17:16.303 30555 30555 D StatusBar.NetworkController: updateDataIconForDisabledOption: showDataDisabledIcon = 0
03-24 16:17:16.303 30445   314 D ConnectivityService: getMobileDataEnabled returning true
03-24 16:17:16.303 30555 30555 D StatusBar.NetworkController: refreshViews: SUMMARY:
03-24 16:17:16.303 30555 30555 D StatusBar.NetworkController:  connected to={ wifi }
03-24 16:17:16.303 30555 30555 D StatusBar.NetworkController:  level=5
03-24 16:17:16.303 30555 30555 D StatusBar.NetworkController:  combinedSignalIconId=0x7f0200aa/com.android.systemui:drawable/stat_sys_wifi_signal_3_fully
03-24 16:17:16.303 30555 30555 D StatusBar.NetworkController:   combinedActivityIconId=0x7f0200a2/com.android.systemui:drawable/stat_sys_wifi_out
03-24 16:17:16.303 30555 30555 D StatusBar.NetworkController:   mAirplaneMode=false
03-24 16:17:16.303 30555 30555 D StatusBar.NetworkController:   emergencyOnly=false
03-24 16:17:16.303 30555 30555 D StatusBar.NetworkController:   mDataActivity=0
03-24 16:17:16.303 30555 30555 D StatusBar.NetworkController:   mPhoneSignalIconId=0x7f02012d/com.android.systemui:drawable/zz_moto_stat_sys_signal_5bar_5
03-24 16:17:16.303 30555 30555 D StatusBar.NetworkController:   mDataDirectionIconId(NetworkType)=0x0/(null)
03-24 16:17:16.303 30555 30555 D StatusBar.NetworkController:   mDataSignalIconId=0x7f02012d/com.android.systemui:drawable/zz_moto_stat_sys_signal_5bar_5
03-24 16:17:16.303 30555 30555 D StatusBar.NetworkController:   mDataTypeIconId(NetworkType)=0x7f0200d7
03-24 16:17:16.303 30555 30555 D StatusBar.NetworkController:   mSimIconId=0x0/com.android.systemui:drawable/zz_moto_stat_sys_data_connected_4g_lte
03-24 16:17:16.303 30555 30555 D StatusBar.NetworkController:   mDataTypeIconIdShown(NetworkType)=0x7f02010e/com.android.systemui:drawable/zz_moto_stat_sys_data_not_connected_4g_lte
03-24 16:17:16.303 30555 30555 D StatusBar.NetworkController:   mWimaxIconId=0x0/(null)
03-24 16:17:16.303 30555 30555 D StatusBar.NetworkController:   mWifiIconId=0x7f0200aa/com.android.systemui:drawable/stat_sys_wifi_signal_3_fully
03-24 16:17:16.303 30555 30555 D StatusBar.NetworkController:   mBluetoothTetherIconId=0x1080555/android:drawable/stat_sys_tether_bluetooth
03-24 16:17:16.313  5807  5807 D DataOffloadReceiver: Received broadcast intentcom.motorola.blur.apps.ACTION_APP_LAUNCHED
03-24 16:17:16.353  5807  5807 D DataOffloadReceiver: OptionClickedTime =1395682845421currentTime=1395692236341
03-24 16:17:16.353  5807  5807 D DataOffloadReceiver: Timer expired or not set
03-24 16:17:16.363  5807  5807 D DataOffload: DataOffloadService created
03-24 16:17:16.363  5807  5807 D DataOffload: onStartCommand
03-24 16:17:16.363  5807  5807 D DataOffload: Stop the service
03-24 16:17:16.373 30445   314 I ActivityManager: No longer want com.android.providers.calendar (pid 5422): hidden #21
03-24 16:17:16.633 30445 30532 D StateMachine: handleMessage: E msg.what=131155
03-24 16:17:16.633 30445 30532 D StateMachine: processMsg: ConnectedState
03-24 16:17:16.633 30445 30532 D WifiStateMachine: ConnectedState{ what=131155 when=-4ms arg1=1143 }
03-24 16:17:16.633 30445 30532 D StateMachine: processMsg: L2ConnectedState
03-24 16:17:16.633 30445 30532 D WifiStateMachine: L2ConnectedState{ what=131155 when=-9ms arg1=1143 }
03-24 16:17:16.633 30445 30532 D wifi    : doString: SIGNAL_POLL
03-24 16:17:16.643  5057  5057 D wpa_supplicant: wpa_s 0x41963cc0 cmd SIGNAL_POLL
03-24 16:17:16.653  5057  5057 D wpa_supplicant: nl80211: survey data missing!
03-24 16:17:16.653 30445 30532 D StateMachine: handleMessage: X
03-24 16:17:17.033 30305 30305 I ServiceManager: Waiting for service media.audio_flinger...
03-24 16:17:17.053 30555 30555 D StatusBar.NetworkController: refreshViews: mDataConnected=false
03-24 16:17:17.053 30555 30555 D StatusBar.NetworkController: refreshViews: mWifiConnected=true
03-24 16:17:17.053 30555 30555 D StatusBar.NetworkController: refreshViews: wifi active:
03-24 16:17:17.053 30555 30555 D StatusBar.NetworkController: refreshViews:   wifiLabel="GW1XxxxxXXXXxxxxXXXX"
03-24 16:17:17.063 30555 30555 D StatusBar.NetworkController: refreshViews:   combinedActivityIconId=2130837664/com.android.systemui:drawable/stat_sys_wifi_in = mWifiActivityIconId=2130837664/com.android.systemui:drawable/stat_sys_wifi_in
03-24 16:17:17.063 30555 30555 D StatusBar.NetworkController: refreshViews:   combinedSignalIconId=2130837674/com.android.systemui:drawable/stat_sys_wifi_signal_3_fully = mWifiIconId=2130837674/com.android.systemui:drawable/stat_sys_wifi_signal_3_fully
03-24 16:17:17.063 30555 30555 D StatusBar.NetworkController: refreshViews:   mContentDescriptionCombinedSignal="Wi-Fi two bars."
03-24 16:17:17.063 30555 30555 D StatusBar.NetworkController: refreshViews:   combinedLabel="GW1XxxxxXXXXxxxxXXXX"
03-24 16:17:17.073 30555 30555 D StatusBar.NetworkController: refreshViews: mBluetoothTethered=false
03-24 16:17:17.073 30555 30555 D StatusBar.NetworkController: refreshViews: mAirplaneMode=false
03-24 16:17:17.073 30555 30555 D StatusBar.NetworkController: refreshViews: or no service:
03-24 16:17:17.073 30555 30555 D StatusBar.NetworkController: refreshViews:   mServiceState=0 home data home domestic Verizon Wireless  311480  LTE CSS supported 3 18 mDataState=0 RoamInd=64 DefRoamInd=1 EmergOnly=false==null
03-24 16:17:17.073 30555 30555 D StatusBar.NetworkController: refreshViews:   || ( hasService()=true==false && 
03-24 16:17:17.083 30555 30555 D StatusBar.NetworkController: refreshViews:   mServiceState.isEmergencyOnly()=false==false )
03-24 16:17:17.083 30445   317 D ConnectivityService: getMobileDataEnabled returning true
03-24 16:17:17.083 30555 30555 D StatusBar.NetworkController: refreshViews: Show/Hide data icon when wifi is active:
03-24 16:17:17.083 30555 30555 D StatusBar.NetworkController: refreshViews:   is CDMA || LTE : mDataState=0 mConfigShowBothWifiAndMobileNetwork=true mWifiConnected=true mConfigAlwaysShowAttachedNetworkType=false mMobileDataEnabled=true isEmergencyOnly=false
03-24 16:17:17.083 30445 30715 D ConnectivityService: getMobileDataEnabled returning true
03-24 16:17:17.083 30555 30555 D StatusBar.NetworkController: refreshViews: CDMA || LTE:
03-24 16:17:17.093 30555 30555 D StatusBar.NetworkController: refreshViews:   mDataTypeIconIdShown(NetworkType)=2130837774/com.android.systemui:drawable/zz_moto_stat_sys_data_not_connected_4g_lte
03-24 16:17:17.093 30555 30555 D StatusBar.NetworkController: refreshViews:   mMobileActivityIconId=0/(null)
03-24 16:17:17.093 30555 30555 D StatusBar.NetworkController: updateDataIconForDisabledOption: showDataDisabledIcon = 0
03-24 16:17:17.093 30445 30718 D ConnectivityService: getMobileDataEnabled returning true
03-24 16:17:17.093 30555 30555 D StatusBar.NetworkController: refreshViews: SUMMARY:
03-24 16:17:17.093 30555 30555 D StatusBar.NetworkController:  connected to={ wifi }
03-24 16:17:17.093 30555 30555 D StatusBar.NetworkController:  level=5
03-24 16:17:17.093 30555 30555 D StatusBar.NetworkController:  combinedSignalIconId=0x7f0200aa/com.android.systemui:drawable/stat_sys_wifi_signal_3_fully
03-24 16:17:17.093 30555 30555 D StatusBar.NetworkController:   combinedActivityIconId=0x7f0200a0/com.android.systemui:drawable/stat_sys_wifi_in
03-24 16:17:17.093 30555 30555 D StatusBar.NetworkController:   mAirplaneMode=false
03-24 16:17:17.093 30555 30555 D StatusBar.NetworkController:   emergencyOnly=false
03-24 16:17:17.093 30555 30555 D StatusBar.NetworkController:   mDataActivity=0
03-24 16:17:17.093 30555 30555 D StatusBar.NetworkController:   mPhoneSignalIconId=0x7f02012d/com.android.systemui:drawable/zz_moto_stat_sys_signal_5bar_5
03-24 16:17:17.093 30555 30555 D StatusBar.NetworkController:   mDataDirectionIconId(NetworkType)=0x0/(null)
03-24 16:17:17.093 30555 30555 D StatusBar.NetworkController:   mDataSignalIconId=0x7f02012d/com.android.systemui:drawable/zz_moto_stat_sys_signal_5bar_5
03-24 16:17:17.093 30555 30555 D StatusBar.NetworkController:   mDataTypeIconId(NetworkType)=0x7f0200d7
03-24 16:17:17.093 30555 30555 D StatusBar.NetworkController:   mSimIconId=0x0/com.android.systemui:drawable/zz_moto_stat_sys_data_connected_4g_lte
03-24 16:17:17.093 30555 30555 D StatusBar.NetworkController:   mDataTypeIconIdShown(NetworkType)=0x7f02010e/com.android.systemui:drawable/zz_moto_stat_sys_data_not_connected_4g_lte
03-24 16:17:17.093 30555 30555 D StatusBar.NetworkController:   mWimaxIconId=0x0/(null)
03-24 16:17:17.093 30555 30555 D StatusBar.NetworkController:   mWifiIconId=0x7f0200aa/com.android.systemui:drawable/stat_sys_wifi_signal_3_fully
03-24 16:17:17.093 30555 30555 D StatusBar.NetworkController:   mBluetoothTetherIconId=0x1080555/android:drawable/stat_sys_tether_bluetooth
03-24 16:17:17.093 30555 30555 D StatusBar.NetworkController: refreshSignalCluster: wifi cluster - shows wifi status:
03-24 16:17:17.093 30555 30555 D StatusBar.NetworkController:     mWifiConnected=true  Wifi=7f0200aa/com.android.systemui:drawable/stat_sys_wifi_signal_3_fully  Activity=7f0200a0/com.android.systemui:drawable/stat_sys_wifi_in  "Wi-Fi two bars."
03-24 16:17:17.093 30555 30555 D StatusBar.NetworkController: refreshSignalCluster: signal cluster - shows normal mobile data:
03-24 16:17:17.104 30555 30555 D StatusBar.NetworkController:     mHasMobileDataFeature=true
03-24 16:17:17.104 30555 30555 D StatusBar.NetworkController:     Signal=7f02012d/com.android.systemui:drawable/zz_moto_stat_sys_signal_5bar_5  Roaming=0/(null) "Phone signal full."  "Not roaming."
03-24 16:17:17.104 30555 30555 D StatusBar.NetworkController:     DataTypeShown=7f02010e/com.android.systemui:drawable/zz_moto_stat_sys_data_not_connected_4g_lte Activity=0/(null)  "4 G L T E"
03-24 16:17:17.104 30555 30555 D StatusBar.NetworkController:     mSimIconId=0/(null)  =""
03-24 16:17:17.104 30555 30555 D StatusBar.NetworkController: changing data overlay icon id to 2130837664/com.android.systemui:drawable/stat_sys_wifi_in
03-24 16:17:18.034 30305 30305 I ServiceManager: Waiting for service media.audio_flinger...
03-24 16:17:18.055 30555 30555 D StatusBar.NetworkController: refreshViews: mDataConnected=false
03-24 16:17:18.055 30555 30555 D StatusBar.NetworkController: refreshViews: mWifiConnected=true
03-24 16:17:18.055 30555 30555 D StatusBar.NetworkController: refreshViews: wifi active:
03-24 16:17:18.055 30555 30555 D StatusBar.NetworkController: refreshViews:   wifiLabel="GW1XxxxxXXXXxxxxXXXX"
03-24 16:17:18.055 30555 30555 D StatusBar.NetworkController: refreshViews:   combinedActivityIconId=2130837665/com.android.systemui:drawable/stat_sys_wifi_inout = mWifiActivityIconId=2130837665/com.android.systemui:drawable/stat_sys_wifi_inout
03-24 16:17:18.055 30555 30555 D StatusBar.NetworkController: refreshViews:   combinedSignalIconId=2130837674/com.android.systemui:drawable/stat_sys_wifi_signal_3_fully = mWifiIconId=2130837674/com.android.systemui:drawable/stat_sys_wifi_signal_3_fully
03-24 16:17:18.065 30555 30555 D StatusBar.NetworkController: refreshViews:   mContentDescriptionCombinedSignal="Wi-Fi two bars."
03-24 16:17:18.065 30555 30555 D StatusBar.NetworkController: refreshViews:   combinedLabel="GW1XxxxxXXXXxxxxXXXX"
03-24 16:17:18.065 30555 30555 D StatusBar.NetworkController: refreshViews: mBluetoothTethered=false
03-24 16:17:18.065 30555 30555 D StatusBar.NetworkController: refreshViews: mAirplaneMode=false
03-24 16:17:18.065 30555 30555 D StatusBar.NetworkController: refreshViews: or no service:
03-24 16:17:18.065 30555 30555 D StatusBar.NetworkController: refreshViews:   mServiceState=0 home data home domestic Verizon Wireless  311480  LTE CSS supported 3 18 mDataState=0 RoamInd=64 DefRoamInd=1 EmergOnly=false==null
03-24 16:17:18.065 30555 30555 D StatusBar.NetworkController: refreshViews:   || ( hasService()=true==false && 
03-24 16:17:18.065 30555 30555 D StatusBar.NetworkController: refreshViews:   mServiceState.isEmergencyOnly()=false==false )
03-24 16:17:18.065 30445 30725 D ConnectivityService: getMobileDataEnabled returning true
03-24 16:17:18.065 30555 30555 D StatusBar.NetworkController: refreshViews: Show/Hide data icon when wifi is active:
03-24 16:17:18.075 30555 30555 D StatusBar.NetworkController: refreshViews:   is CDMA || LTE : mDataState=0 mConfigShowBothWifiAndMobileNetwork=true mWifiConnected=true mConfigAlwaysShowAttachedNetworkType=false mMobileDataEnabled=true isEmergencyOnly=false
03-24 16:17:18.075 30445   316 D ConnectivityService: getMobileDataEnabled returning true
03-24 16:17:18.075 30555 30555 D StatusBar.NetworkController: refreshViews: CDMA || LTE:
03-24 16:17:18.075 30555 30555 D StatusBar.NetworkController: refreshViews:   mDataTypeIconIdShown(NetworkType)=2130837774/com.android.systemui:drawable/zz_moto_stat_sys_data_not_connected_4g_lte
03-24 16:17:18.075 30555 30555 D StatusBar.NetworkController: refreshViews:   mMobileActivityIconId=0/(null)
03-24 16:17:18.075 30555 30555 D StatusBar.NetworkController: updateDataIconForDisabledOption: showDataDisabledIcon = 0
03-24 16:17:18.075 30445 30716 D ConnectivityService: getMobileDataEnabled returning true
03-24 16:17:18.075 30555 30555 D StatusBar.NetworkController: refreshViews: SUMMARY:
03-24 16:17:18.075 30555 30555 D StatusBar.NetworkController:  connected to={ wifi }
03-24 16:17:18.075 30555 30555 D StatusBar.NetworkController:  level=5
03-24 16:17:18.075 30555 30555 D StatusBar.NetworkController:  combinedSignalIconId=0x7f0200aa/com.android.systemui:drawable/stat_sys_wifi_signal_3_fully
03-24 16:17:18.075 30555 30555 D StatusBar.NetworkController:   combinedActivityIconId=0x7f0200a1/com.android.systemui:drawable/stat_sys_wifi_inout
03-24 16:17:18.075 30555 30555 D StatusBar.NetworkController:   mAirplaneMode=false
03-24 16:17:18.075 30555 30555 D StatusBar.NetworkController:   emergencyOnly=false
03-24 16:17:18.075 30555 30555 D StatusBar.NetworkController:   mDataActivity=0
03-24 16:17:18.075 30555 30555 D StatusBar.NetworkController:   mPhoneSignalIconId=0x7f02012d/com.android.systemui:drawable/zz_moto_stat_sys_signal_5bar_5
03-24 16:17:18.075 30555 30555 D StatusBar.NetworkController:   mDataDirectionIconId(NetworkType)=0x0/(null)
03-24 16:17:18.075 30555 30555 D StatusBar.NetworkController:   mDataSignalIconId=0x7f02012d/com.android.systemui:drawable/zz_moto_stat_sys_signal_5bar_5
03-24 16:17:18.075 30555 30555 D StatusBar.NetworkController:   mDataTypeIconId(NetworkType)=0x7f0200d7
03-24 16:17:18.075 30555 30555 D StatusBar.NetworkController:   mSimIconId=0x0/com.android.systemui:drawable/zz_moto_stat_sys_data_connected_4g_lte
03-24 16:17:18.075 30555 30555 D StatusBar.NetworkController:   mDataTypeIconIdShown(NetworkType)=0x7f02010e/com.android.systemui:drawable/zz_moto_stat_sys_data_not_connected_4g_lte
03-24 16:17:18.075 30555 30555 D StatusBar.NetworkController:   mWimaxIconId=0x0/(null)
03-24 16:17:18.075 30555 30555 D StatusBar.NetworkController:   mWifiIconId=0x7f0200aa/com.android.systemui:drawable/stat_sys_wifi_signal_3_fully
03-24 16:17:18.075 30555 30555 D StatusBar.NetworkController:   mBluetoothTetherIconId=0x1080555/android:drawable/stat_sys_tether_bluetooth
03-24 16:17:18.085 30555 30555 D StatusBar.NetworkController: refreshSignalCluster: wifi cluster - shows wifi status:
03-24 16:17:18.085 30555 30555 D StatusBar.NetworkController:     mWifiConnected=true  Wifi=7f0200aa/com.android.systemui:drawable/stat_sys_wifi_signal_3_fully  Activity=7f0200a1/com.android.systemui:drawable/stat_sys_wifi_inout  "Wi-Fi two bars."
03-24 16:17:18.085 30555 30555 D StatusBar.NetworkController: refreshSignalCluster: signal cluster - shows normal mobile data:
03-24 16:17:18.085 30555 30555 D StatusBar.NetworkController:     mHasMobileDataFeature=true
03-24 16:17:18.085 30555 30555 D StatusBar.NetworkController:     Signal=7f02012d/com.android.systemui:drawable/zz_moto_stat_sys_signal_5bar_5  Roaming=0/(null) "Phone signal full."  "Not roaming."
03-24 16:17:18.085 30555 30555 D StatusBar.NetworkController:     DataTypeShown=7f02010e/com.android.systemui:drawable/zz_moto_stat_sys_data_not_connected_4g_lte Activity=0/(null)  "4 G L T E"
03-24 16:17:18.085 30555 30555 D StatusBar.NetworkController:     mSimIconId=0/(null)  =""
03-24 16:17:18.095 30555 30555 D StatusBar.NetworkController: changing data overlay icon id to 2130837665/com.android.systemui:drawable/stat_sys_wifi_inout
03-24 16:17:19.046 30305 30305 W AudioSystem: AudioFlinger not published, waiting...
03-24 16:17:19.056 30555 30555 D StatusBar.NetworkController: refreshViews: mDataConnected=false
03-24 16:17:19.056 30555 30555 D StatusBar.NetworkController: refreshViews: mWifiConnected=true
03-24 16:17:19.056 30555 30555 D StatusBar.NetworkController: refreshViews: wifi active:
03-24 16:17:19.056 30555 30555 D StatusBar.NetworkController: refreshViews:   wifiLabel="GW1XxxxxXXXXxxxxXXXX"
03-24 16:17:19.056 30555 30555 D StatusBar.NetworkController: refreshViews:   combinedActivityIconId=0/(null) = mWifiActivityIconId=0/(null)
03-24 16:17:19.056 30555 30555 D StatusBar.NetworkController: refreshViews:   combinedSignalIconId=2130837674/com.android.systemui:drawable/stat_sys_wifi_signal_3_fully = mWifiIconId=2130837674/com.android.systemui:drawable/stat_sys_wifi_signal_3_fully
03-24 16:17:19.056 30555 30555 D StatusBar.NetworkController: refreshViews:   mContentDescriptionCombinedSignal="Wi-Fi two bars."
03-24 16:17:19.066 30555 30555 D StatusBar.NetworkController: refreshViews:   combinedLabel="GW1XxxxxXXXXxxxxXXXX"
03-24 16:17:19.066 30555 30555 D StatusBar.NetworkController: refreshViews: mBluetoothTethered=false
03-24 16:17:19.076 30555 30555 D StatusBar.NetworkController: refreshViews: mAirplaneMode=false
03-24 16:17:19.076 30555 30555 D StatusBar.NetworkController: refreshViews: or no service:
03-24 16:17:19.076 30555 30555 D StatusBar.NetworkController: refreshViews:   mServiceState=0 home data home domestic Verizon Wireless  311480  LTE CSS supported 3 18 mDataState=0 RoamInd=64 DefRoamInd=1 EmergOnly=false==null
03-24 16:17:19.076 30555 30555 D StatusBar.NetworkController: refreshViews:   || ( hasService()=true==false && 
03-24 16:17:19.076 30555 30555 D StatusBar.NetworkController: refreshViews:   mServiceState.isEmergencyOnly()=false==false )
03-24 16:17:19.086 30445 30456 D ConnectivityService: getMobileDataEnabled returning true
03-24 16:17:19.086 30555 30555 D StatusBar.NetworkController: refreshViews: Show/Hide data icon when wifi is active:
03-24 16:17:19.086 30555 30555 D StatusBar.NetworkController: refreshViews:   is CDMA || LTE : mDataState=0 mConfigShowBothWifiAndMobileNetwork=true mWifiConnected=true mConfigAlwaysShowAttachedNetworkType=false mMobileDataEnabled=true isEmergencyOnly=false
03-24 16:17:19.086 30445 30727 D ConnectivityService: getMobileDataEnabled returning true
03-24 16:17:19.086 30555 30555 D StatusBar.NetworkController: refreshViews: CDMA || LTE:
03-24 16:17:19.086 30555 30555 D StatusBar.NetworkController: refreshViews:   mDataTypeIconIdShown(NetworkType)=2130837774/com.android.systemui:drawable/zz_moto_stat_sys_data_not_connected_4g_lte
03-24 16:17:19.086 30555 30555 D StatusBar.NetworkController: refreshViews:   mMobileActivityIconId=0/(null)
03-24 16:17:19.086 30555 30555 D StatusBar.NetworkController: updateDataIconForDisabledOption: showDataDisabledIcon = 0
03-24 16:17:19.096 30445   315 D ConnectivityService: getMobileDataEnabled returning true
03-24 16:17:19.096 30555 30555 D StatusBar.NetworkController: refreshViews: SUMMARY:
03-24 16:17:19.096 30555 30555 D StatusBar.NetworkController:  connected to={ wifi }
03-24 16:17:19.096 30555 30555 D StatusBar.NetworkController:  level=5
03-24 16:17:19.096 30555 30555 D StatusBar.NetworkController:  combinedSignalIconId=0x7f0200aa/com.android.systemui:drawable/stat_sys_wifi_signal_3_fully
03-24 16:17:19.096 30555 30555 D StatusBar.NetworkController:   combinedActivityIconId=0x0/(null)
03-24 16:17:19.096 30555 30555 D StatusBar.NetworkController:   mAirplaneMode=false
03-24 16:17:19.096 30555 30555 D StatusBar.NetworkController:   emergencyOnly=false
03-24 16:17:19.096 30555 30555 D StatusBar.NetworkController:   mDataActivity=0
03-24 16:17:19.096 30555 30555 D StatusBar.NetworkController:   mPhoneSignalIconId=0x7f02012d/com.android.systemui:drawable/zz_moto_stat_sys_signal_5bar_5
03-24 16:17:19.096 30555 30555 D StatusBar.NetworkController:   mDataDirectionIconId(NetworkType)=0x0/(null)
03-24 16:17:19.096 30555 30555 D StatusBar.NetworkController:   mDataSignalIconId=0x7f02012d/com.android.systemui:drawable/zz_moto_stat_sys_signal_5bar_5
03-24 16:17:19.096 30555 30555 D StatusBar.NetworkController:   mDataTypeIconId(NetworkType)=0x7f0200d7
03-24 16:17:19.096 30555 30555 D StatusBar.NetworkController:   mSimIconId=0x0/com.android.systemui:drawable/zz_moto_stat_sys_data_connected_4g_lte
03-24 16:17:19.096 30555 30555 D StatusBar.NetworkController:   mDataTypeIconIdShown(NetworkType)=0x7f02010e/com.android.systemui:drawable/zz_moto_stat_sys_data_not_connected_4g_lte
03-24 16:17:19.096 30555 30555 D StatusBar.NetworkController:   mWimaxIconId=0x0/(null)
03-24 16:17:19.096 30555 30555 D StatusBar.NetworkController:   mWifiIconId=0x7f0200aa/com.android.systemui:drawable/stat_sys_wifi_signal_3_fully
03-24 16:17:19.096 30555 30555 D StatusBar.NetworkController:   mBluetoothTetherIconId=0x1080555/android:drawable/stat_sys_tether_bluetooth
03-24 16:17:19.096 30555 30555 D StatusBar.NetworkController: refreshSignalCluster: wifi cluster - shows wifi status:
03-24 16:17:19.096 30555 30555 D StatusBar.NetworkController:     mWifiConnected=true  Wifi=7f0200aa/com.android.systemui:drawable/stat_sys_wifi_signal_3_fully  Activity=0/(null)  "Wi-Fi two bars."
03-24 16:17:19.096 30555 30555 D StatusBar.NetworkController: refreshSignalCluster: signal cluster - shows normal mobile data:
03-24 16:17:19.096 30555 30555 D StatusBar.NetworkController:     mHasMobileDataFeature=true
03-24 16:17:19.096 30555 30555 D StatusBar.NetworkController:     Signal=7f02012d/com.android.systemui:drawable/zz_moto_stat_sys_signal_5bar_5  Roaming=0/(null) "Phone signal full."  "Not roaming."
03-24 16:17:19.106 30555 30555 D StatusBar.NetworkController:     DataTypeShown=7f02010e/com.android.systemui:drawable/zz_moto_stat_sys_data_not_connected_4g_lte Activity=0/(null)  "4 G L T E"
03-24 16:17:19.106 30555 30555 D StatusBar.NetworkController:     mSimIconId=0/(null)  =""
03-24 16:17:19.106 30555 30555 D StatusBar.NetworkController: changing data overlay icon id to 0/(null)
03-24 16:17:19.206 30445 30485 V AlarmManager: sending alarm Alarm{42182dd0 type 2 com.motorola.blur.service.blur}
03-24 16:17:19.206 30445 30485 D PowerManagerService: acquireWakeLock flags=0x1 tag=AlarmManager
03-24 16:17:19.216 30445 31651 D CheckinProvider: insertEvents Process tag not allowed: PollingManager
03-24 16:17:19.216 30669 30669 I PollingManager: alarm fired!
03-24 16:17:19.216 30445 30455 D CheckinProvider: insertEvents Process tag not allowed: PollingManager
03-24 16:17:19.226 30669 30669 I PollingManager: now: 793220870 ,futureTime: 812587125
03-24 16:17:19.226 30669 30669 D PollingManager: wake lock acquired
03-24 16:17:19.226 30669 30669 D PollingManager: decideWhoNeedsPolling(): polling PushService
03-24 16:17:19.226 30445 30485 V AlarmManager: sending alarm Alarm{42dfb9d0 type 2 com.motorola.blur.service.blur}
03-24 16:17:19.226 30445 30445 D PowerManagerService: acquireWakeLock flags=0x1 tag=PollingManager
03-24 16:17:19.236 30445   318 D CheckinProvider: insertEvents Process tag not allowed: PollingManager
03-24 16:17:19.236 30669 30669 I PollingManager: Polling alarm set to expire at: 812587125
03-24 16:17:19.246 30445 30460 D PowerManagerService: releaseWakeLock flags=0x1 tag=AlarmManager
03-24 16:17:19.266 30669 30669 D DevicePushListener: Finished sending keep alive
03-24 16:17:19.266 30669 30669 D PollingManager: modifyApp(): PushService
03-24 16:17:19.276 30669 30669 D PollingManager: calculateShortestInterval(): shortest interval is 540000
03-24 16:17:19.276 30445 30715 D CheckinProvider: insertEvents Process tag not allowed: PollingManager
03-24 16:17:19.276 30669 30669 I PollingManager: Polling alarm set to expire at: 793760908
03-24 16:17:19.286 30669 30669 D PollingManager: wake lock released
03-24 16:17:19.286 30445 30716 D CheckinProvider: insertEvents Process tag not allowed: PacketWriter
03-24 16:17:19.286 30669 32441 I PacketWriter: Wrote out 1 bytes of data.
03-24 16:17:19.286 30445   316 D PowerManagerService: releaseWakeLock flags=0x1 tag=PollingManager
03-24 16:17:19.546 30305 30305 I ServiceManager: Waiting for service media.audio_flinger...
03-24 16:17:19.656 30445 30532 D StateMachine: handleMessage: E msg.what=131155
03-24 16:17:19.656 30445 30532 D StateMachine: processMsg: ConnectedState
03-24 16:17:19.656 30445 30532 D WifiStateMachine: ConnectedState{ what=131155 when=-4ms arg1=1143 }
03-24 16:17:19.656 30445 30532 D StateMachine: processMsg: L2ConnectedState
03-24 16:17:19.656 30445 30532 D WifiStateMachine: L2ConnectedState{ what=131155 when=-5ms arg1=1143 }
03-24 16:17:19.656 30445 30532 D wifi    : doString: SIGNAL_POLL
03-24 16:17:19.656  5057  5057 D wpa_supplicant: wpa_s 0x41963cc0 cmd SIGNAL_POLL
03-24 16:17:19.666  5057  5057 D wpa_supplicant: nl80211: survey data missing!
03-24 16:17:19.666 30445 30532 D StateMachine: handleMessage: X
03-24 16:17:20.067 30555 30555 D StatusBar.NetworkController: refreshViews: mDataConnected=false
03-24 16:17:20.067 30555 30555 D StatusBar.NetworkController: refreshViews: mWifiConnected=true
03-24 16:17:20.067 30555 30555 D StatusBar.NetworkController: refreshViews: wifi active:
03-24 16:17:20.067 30555 30555 D StatusBar.NetworkController: refreshViews:   wifiLabel="GW1XxxxxXXXXxxxxXXXX"
03-24 16:17:20.067 30555 30555 D StatusBar.NetworkController: refreshViews:   combinedActivityIconId=2130837665/com.android.systemui:drawable/stat_sys_wifi_inout = mWifiActivityIconId=2130837665/com.android.systemui:drawable/stat_sys_wifi_inout
03-24 16:17:20.077 30555 30555 D StatusBar.NetworkController: refreshViews:   combinedSignalIconId=2130837674/com.android.systemui:drawable/stat_sys_wifi_signal_3_fully = mWifiIconId=2130837674/com.android.systemui:drawable/stat_sys_wifi_signal_3_fully
03-24 16:17:20.077 30555 30555 D StatusBar.NetworkController: refreshViews:   mContentDescriptionCombinedSignal="Wi-Fi two bars."
03-24 16:17:20.077 30555 30555 D StatusBar.NetworkController: refreshViews:   combinedLabel="GW1XxxxxXXXXxxxxXXXX"
03-24 16:17:20.077 30555 30555 D StatusBar.NetworkController: refreshViews: mBluetoothTethered=false
03-24 16:17:20.087 30555 30555 D StatusBar.NetworkController: refreshViews: mAirplaneMode=false
03-24 16:17:20.087 30555 30555 D StatusBar.NetworkController: refreshViews: or no service:
03-24 16:17:20.087 30555 30555 D StatusBar.NetworkController: refreshViews:   mServiceState=0 home data home domestic Verizon Wireless  311480  LTE CSS supported 3 18 mDataState=0 RoamInd=64 DefRoamInd=1 EmergOnly=false==null
03-24 16:17:20.087 30555 30555 D StatusBar.NetworkController: refreshViews:   || ( hasService()=true==false && 
03-24 16:17:20.087 30555 30555 D StatusBar.NetworkController: refreshViews:   mServiceState.isEmergencyOnly()=false==false )
03-24 16:17:20.087 30445 30456 D ConnectivityService: getMobileDataEnabled returning true
03-24 16:17:20.087 30555 30555 D StatusBar.NetworkController: refreshViews: Show/Hide data icon when wifi is active:
03-24 16:17:20.087 30555 30555 D StatusBar.NetworkController: refreshViews:   is CDMA || LTE : mDataState=0 mConfigShowBothWifiAndMobileNetwork=true mWifiConnected=true mConfigAlwaysShowAttachedNetworkType=false mMobileDataEnabled=true isEmergencyOnly=false
03-24 16:17:20.097 30445 30727 D ConnectivityService: getMobileDataEnabled returning true
03-24 16:17:20.097 30555 30555 D StatusBar.NetworkController: refreshViews: CDMA || LTE:
03-24 16:17:20.097 30555 30555 D StatusBar.NetworkController: refreshViews:   mDataTypeIconIdShown(NetworkType)=2130837774/com.android.systemui:drawable/zz_moto_stat_sys_data_not_connected_4g_lte
03-24 16:17:20.097 30555 30555 D StatusBar.NetworkController: refreshViews:   mMobileActivityIconId=0/(null)
03-24 16:17:20.097 30555 30555 D StatusBar.NetworkController: updateDataIconForDisabledOption: showDataDisabledIcon = 0
03-24 16:17:20.097 30445   315 D ConnectivityService: getMobileDataEnabled returning true
03-24 16:17:20.097 30555 30555 D StatusBar.NetworkController: refreshViews: SUMMARY:
03-24 16:17:20.097 30555 30555 D StatusBar.NetworkController:  connected to={ wifi }
03-24 16:17:20.097 30555 30555 D StatusBar.NetworkController:  level=5
03-24 16:17:20.097 30555 30555 D StatusBar.NetworkController:  combinedSignalIconId=0x7f0200aa/com.android.systemui:drawable/stat_sys_wifi_signal_3_fully
03-24 16:17:20.097 30555 30555 D StatusBar.NetworkController:   combinedActivityIconId=0x7f0200a1/com.android.systemui:drawable/stat_sys_wifi_inout
03-24 16:17:20.097 30555 30555 D StatusBar.NetworkController:   mAirplaneMode=false
03-24 16:17:20.097 30555 30555 D StatusBar.NetworkController:   emergencyOnly=false
03-24 16:17:20.097 30555 30555 D StatusBar.NetworkController:   mDataActivity=0
03-24 16:17:20.097 30555 30555 D StatusBar.NetworkController:   mPhoneSignalIconId=0x7f02012d/com.android.systemui:drawable/zz_moto_stat_sys_signal_5bar_5
03-24 16:17:20.097 30555 30555 D StatusBar.NetworkController:   mDataDirectionIconId(NetworkType)=0x0/(null)
03-24 16:17:20.097 30555 30555 D StatusBar.NetworkController:   mDataSignalIconId=0x7f02012d/com.android.systemui:drawable/zz_moto_stat_sys_signal_5bar_5
03-24 16:17:20.097 30555 30555 D StatusBar.NetworkController:   mDataTypeIconId(NetworkType)=0x7f0200d7
03-24 16:17:20.097 30555 30555 D StatusBar.NetworkController:   mSimIconId=0x0/com.android.systemui:drawable/zz_moto_stat_sys_data_connected_4g_lte
03-24 16:17:20.097 30555 30555 D StatusBar.NetworkController:   mDataTypeIconIdShown(NetworkType)=0x7f02010e/com.android.systemui:drawable/zz_moto_stat_sys_data_not_connected_4g_lte
03-24 16:17:20.097 30555 30555 D StatusBar.NetworkController:   mWimaxIconId=0x0/(null)
03-24 16:17:20.097 30555 30555 D StatusBar.NetworkController:   mWifiIconId=0x7f0200aa/com.android.systemui:drawable/stat_sys_wifi_signal_3_fully
03-24 16:17:20.097 30555 30555 D StatusBar.NetworkController:   mBluetoothTetherIconId=0x1080555/android:drawable/stat_sys_tether_bluetooth
03-24 16:17:20.097 30555 30555 D StatusBar.NetworkController: refreshSignalCluster: wifi cluster - shows wifi status:
03-24 16:17:20.107 30686 30686 D ModemStatsService: onSignalStrengthsChanged
03-24 16:17:20.107 30686 30686 D ModemStatsService: CDMA, mRssi=-44, mEcio=-70
03-24 16:17:20.117 30555 30555 D StatusBar.NetworkController:     mWifiConnected=true  Wifi=7f0200aa/com.android.systemui:drawable/stat_sys_wifi_signal_3_fully  Activity=7f0200a1/com.android.systemui:drawable/stat_sys_wifi_inout  "Wi-Fi two bars."
03-24 16:17:20.117 30555 30555 D StatusBar.NetworkController: refreshSignalCluster: signal cluster - shows normal mobile data:
03-24 16:17:20.117 30555 30555 D StatusBar.NetworkController:     mHasMobileDataFeature=true
03-24 16:17:20.127 30555 30555 D StatusBar.NetworkController:     Signal=7f02012d/com.android.systemui:drawable/zz_moto_stat_sys_signal_5bar_5  Roaming=0/(null) "Phone signal full."  "Not roaming."
03-24 16:17:20.127 30555 30555 D StatusBar.NetworkController:     DataTypeShown=7f02010e/com.android.systemui:drawable/zz_moto_stat_sys_data_not_connected_4g_lte Activity=0/(null)  "4 G L T E"
03-24 16:17:20.127 30555 30555 D StatusBar.NetworkController:     mSimIconId=0/(null)  =""
03-24 16:17:20.127 30555 30555 D StatusBar.NetworkController: changing data overlay icon id to 2130837665/com.android.systemui:drawable/stat_sys_wifi_inout
03-24 16:17:20.137 30555 30555 D StatusBar.NetworkController: onSignalStrengthsChanged signalStrength=SignalStrength: 99 0 -44 -70 -120 -1 -1 31 -66 -14 222 2147483647 cdma 0 0 0 false 0 0 5 0 5 16 99 0 5 5 5 5 5 5 5 0 level=5
03-24 16:17:20.137 30445   318 D ConnectivityService: getMobileDataEnabled returning true
03-24 16:17:20.137 30555 30555 D StatusBar.NetworkController: updateTelephonySignalStrength mSignalStrength=SignalStrength: 99 0 -44 -70 -120 -1 -1 31 -66 -14 222 2147483647 cdma 0 0 0 false 0 0 5 0 5 16 99 0 5 5 5 5 5 5 5 0
03-24 16:17:20.137 30555 30555 D StatusBar.NetworkController: updateTelephonySignalStrength mMaxSignalLevel=5
03-24 16:17:20.137 30555 30555 D StatusBar.NetworkController: isForced1xMode: ( mPhoneState != TelephonyManager.CALL_STATE_IDLE )=false
03-24 16:17:20.137 30555 30555 D StatusBar.NetworkController: isForced1xMode: mDataNetType=13
03-24 16:17:20.137 30555 30555 D StatusBar.NetworkController: isForced1xMode: isEvdo=false
03-24 16:17:20.147 30555 30555 D StatusBar.NetworkController: isForced1xMode: TelephonyProperties.PROPERTY_SVDO=false
03-24 16:17:20.147 30555 30555 D StatusBar.NetworkController: isForced1xMode: isLte=true
03-24 16:17:20.147 30555 30555 D StatusBar.NetworkController: isForced1xMode: TelephonyProperties.PROPERTY_SVDATA=true
03-24 16:17:20.147 30555 30555 D StatusBar.NetworkController: isForced1xMode: returns false (use active radioTech's normal mode)
03-24 16:17:20.147 30555 30555 D StatusBar.NetworkController: getLevel: using active-radio level: level=5
03-24 16:17:20.147 30555 30555 D StatusBar.NetworkController: updateTelephonySignalStrength Service={CDMA, Not-Roaming}, iconLevel=5 NumBars=5 IconId=2130837805/com.android.systemui:drawable/zz_moto_stat_sys_signal_5bar_5
03-24 16:17:20.147 30555 30555 D StatusBar.NetworkController: updateRoamingIcon: has Service
03-24 16:17:20.147 30555 30555 D MotoSystemUIUtils: Not on network extender
03-24 16:17:20.147 30555 30555 D StatusBar.NetworkController: updateRoamingIcon: CDMA
03-24 16:17:20.147 30555 30555 D StatusBar.NetworkController: Cdma ROAMING_INDICATOR_OFF, removing ERI icon
03-24 16:17:20.147 30555 30555 D StatusBar.NetworkController: updateRoamingIcon: mRoamingIconId = 0 (#3)
03-24 16:17:20.157 30555 30555 D StatusBar.NetworkController: updateRoamingIcon: mRoamingIconId=0/(null)
03-24 16:17:20.157 30555 30555 D StatusBar.NetworkController: updateRoamingIcon: mContentDescriptionRoaming="Not roaming."
03-24 16:17:20.157 30555 30555 D StatusBar.NetworkController: In updateSimIcon simState= READY
03-24 16:17:20.157 30555 30555 D StatusBar.NetworkController: updateSimIcon: mSimIconId=0/(null), mContentDescriptionSim=""
03-24 16:17:20.157 30555 30555 D StatusBar.NetworkController: refreshViews: mDataConnected=false
03-24 16:17:20.157 30555 30555 D StatusBar.NetworkController: refreshViews: mWifiConnected=true
03-24 16:17:20.157 30555 30555 D StatusBar.NetworkController: refreshViews: wifi active:
03-24 16:17:20.157 30555 30555 D StatusBar.NetworkController: refreshViews:   wifiLabel="GW1XxxxxXXXXxxxxXXXX"
03-24 16:17:20.167 30555 30555 D StatusBar.NetworkController: refreshViews:   combinedActivityIconId=2130837665/com.android.systemui:drawable/stat_sys_wifi_inout = mWifiActivityIconId=2130837665/com.android.systemui:drawable/stat_sys_wifi_inout
03-24 16:17:20.167 30555 30555 D StatusBar.NetworkController: refreshViews:   combinedSignalIconId=2130837674/com.android.systemui:drawable/stat_sys_wifi_signal_3_fully = mWifiIconId=2130837674/com.android.systemui:drawable/stat_sys_wifi_signal_3_fully
03-24 16:17:20.167 30555 30555 D StatusBar.NetworkController: refreshViews:   mContentDescriptionCombinedSignal="Wi-Fi two bars."
03-24 16:17:20.167 30555 30555 D StatusBar.NetworkController: refreshViews:   combinedLabel="GW1XxxxxXXXXxxxxXXXX"
03-24 16:17:20.167 30555 30555 D StatusBar.NetworkController: refreshViews: mBluetoothTethered=false
03-24 16:17:20.167 30555 30555 D StatusBar.NetworkController: refreshViews: mAirplaneMode=false
03-24 16:17:20.167 30555 30555 D StatusBar.NetworkController: refreshViews: or no service:
03-24 16:17:20.167 30555 30555 D StatusBar.NetworkController: refreshViews:   mServiceState=0 home data home domestic Verizon Wireless  311480  LTE CSS supported 3 18 mDataState=0 RoamInd=64 DefRoamInd=1 EmergOnly=false==null
03-24 16:17:20.167 30555 30555 D StatusBar.NetworkController: refreshViews:   || ( hasService()=true==false && 
03-24 16:17:20.167 30555 30555 D StatusBar.NetworkController: refreshViews:   mServiceState.isEmergencyOnly()=false==false )
03-24 16:17:20.167 30445 30954 D ConnectivityService: getMobileDataEnabled returning true
03-24 16:17:20.167 30555 30555 D StatusBar.NetworkController: refreshViews: Show/Hide data icon when wifi is active:
03-24 16:17:20.167 30555 30555 D StatusBar.NetworkController: refreshViews:   is CDMA || LTE : mDataState=0 mConfigShowBothWifiAndMobileNetwork=true mWifiConnected=true mConfigAlwaysShowAttachedNetworkType=false mMobileDataEnabled=true isEmergencyOnly=false
03-24 16:17:20.167 30445   319 D ConnectivityService: getMobileDataEnabled returning true
03-24 16:17:20.177 30555 30555 D StatusBar.NetworkController: refreshViews: CDMA || LTE:
03-24 16:17:20.177 30555 30555 D StatusBar.NetworkController: refreshViews:   mDataTypeIconIdShown(NetworkType)=2130837774/com.android.systemui:drawable/zz_moto_stat_sys_data_not_connected_4g_lte
03-24 16:17:20.177 30555 30555 D StatusBar.NetworkController: refreshViews:   mMobileActivityIconId=0/(null)
03-24 16:17:20.177 30555 30555 D StatusBar.NetworkController: updateDataIconForDisabledOption: showDataDisabledIcon = 0
03-24 16:17:20.177 30445   317 D ConnectivityService: getMobileDataEnabled returning true
03-24 16:17:20.177 30555 30555 D StatusBar.NetworkController: refreshViews: SUMMARY:
03-24 16:17:20.177 30555 30555 D StatusBar.NetworkController:  connected to={ wifi }
03-24 16:17:20.177 30555 30555 D StatusBar.NetworkController:  level=5
03-24 16:17:20.177 30555 30555 D StatusBar.NetworkController:  combinedSignalIconId=0x7f0200aa/com.android.systemui:drawable/stat_sys_wifi_signal_3_fully
03-24 16:17:20.177 30555 30555 D StatusBar.NetworkController:   combinedActivityIconId=0x7f0200a1/com.android.systemui:drawable/stat_sys_wifi_inout
03-24 16:17:20.177 30555 30555 D StatusBar.NetworkController:   mAirplaneMode=false
03-24 16:17:20.177 30555 30555 D StatusBar.NetworkController:   emergencyOnly=false
03-24 16:17:20.177 30555 30555 D StatusBar.NetworkController:   mDataActivity=0
03-24 16:17:20.177 30555 30555 D StatusBar.NetworkController:   mPhoneSignalIconId=0x7f02012d/com.android.systemui:drawable/zz_moto_stat_sys_signal_5bar_5
03-24 16:17:20.177 30555 30555 D StatusBar.NetworkController:   mDataDirectionIconId(NetworkType)=0x0/(null)
03-24 16:17:20.177 30555 30555 D StatusBar.NetworkController:   mDataSignalIconId=0x7f02012d/com.android.systemui:drawable/zz_moto_stat_sys_signal_5bar_5
03-24 16:17:20.177 30555 30555 D StatusBar.NetworkController:   mDataTypeIconId(NetworkType)=0x7f0200d7
03-24 16:17:20.177 30555 30555 D StatusBar.NetworkController:   mSimIconId=0x0/com.android.systemui:drawable/zz_moto_stat_sys_data_connected_4g_lte
03-24 16:17:20.177 30555 30555 D StatusBar.NetworkController:   mDataTypeIconIdShown(NetworkType)=0x7f02010e/com.android.systemui:drawable/zz_moto_stat_sys_data_not_connected_4g_lte
03-24 16:17:20.177 30555 30555 D StatusBar.NetworkController:   mWimaxIconId=0x0/(null)
03-24 16:17:20.177 30555 30555 D StatusBar.NetworkController:   mWifiIconId=0x7f0200aa/com.android.systemui:drawable/stat_sys_wifi_signal_3_fully
03-24 16:17:20.177 30555 30555 D StatusBar.NetworkController:   mBluetoothTetherIconId=0x1080555/android:drawable/stat_sys_tether_bluetooth
03-24 16:17:20.177 30555 30555 D StatusBar.NetworkController: refreshViews: mDataConnected=false
03-24 16:17:20.177 30555 30555 D StatusBar.NetworkController: refreshViews: mWifiConnected=true
03-24 16:17:20.177 30555 30555 D StatusBar.NetworkController: refreshViews: wifi active:
03-24 16:17:20.177 30555 30555 D StatusBar.NetworkController: refreshViews:   wifiLabel="GW1XxxxxXXXXxxxxXXXX"
03-24 16:17:20.177 30555 30555 D StatusBar.NetworkController: refreshViews:   combinedActivityIconId=2130837665/com.android.systemui:drawable/stat_sys_wifi_inout = mWifiActivityIconId=2130837665/com.android.systemui:drawable/stat_sys_wifi_inout
03-24 16:17:20.177 30555 30555 D StatusBar.NetworkController: refreshViews:   combinedSignalIconId=2130837674/com.android.systemui:drawable/stat_sys_wifi_signal_3_fully = mWifiIconId=2130837674/com.android.systemui:drawable/stat_sys_wifi_signal_3_fully
03-24 16:17:20.177 30555 30555 D StatusBar.NetworkController: refreshViews:   mContentDescriptionCombinedSignal="Wi-Fi two bars."
03-24 16:17:20.187 30555 30555 D StatusBar.NetworkController: refreshViews:   combinedLabel="GW1XxxxxXXXXxxxxXXXX"
03-24 16:17:20.187 30555 30555 D StatusBar.NetworkController: refreshViews: mBluetoothTethered=false
03-24 16:17:20.187 30555 30555 D StatusBar.NetworkController: refreshViews: mAirplaneMode=false
03-24 16:17:20.187 30555 30555 D StatusBar.NetworkController: refreshViews: or no service:
03-24 16:17:20.187 30555 30555 D StatusBar.NetworkController: refreshViews:   mServiceState=0 home data home domestic Verizon Wireless  311480  LTE CSS supported 3 18 mDataState=0 RoamInd=64 DefRoamInd=1 EmergOnly=false==null
03-24 16:17:20.187 30555 30555 D StatusBar.NetworkController: refreshViews:   || ( hasService()=true==false && 
03-24 16:17:20.187 30555 30555 D StatusBar.NetworkController: refreshViews:   mServiceState.isEmergencyOnly()=false==false )
03-24 16:17:20.187 30445 30715 D ConnectivityService: getMobileDataEnabled returning true
03-24 16:17:20.187 30555 30555 D StatusBar.NetworkController: refreshViews: Show/Hide data icon when wifi is active:
03-24 16:17:20.187 30555 30555 D StatusBar.NetworkController: refreshViews:   is CDMA || LTE : mDataState=0 mConfigShowBothWifiAndMobileNetwork=true mWifiConnected=true mConfigAlwaysShowAttachedNetworkType=false mMobileDataEnabled=true isEmergencyOnly=false
03-24 16:17:20.187 30445 30718 D ConnectivityService: getMobileDataEnabled returning true
03-24 16:17:20.187 30555 30555 D StatusBar.NetworkController: refreshViews: CDMA || LTE:
03-24 16:17:20.187 30555 30555 D StatusBar.NetworkController: refreshViews:   mDataTypeIconIdShown(NetworkType)=2130837774/com.android.systemui:drawable/zz_moto_stat_sys_data_not_connected_4g_lte
03-24 16:17:20.187 30555 30555 D StatusBar.NetworkController: refreshViews:   mMobileActivityIconId=0/(null)
03-24 16:17:20.197 30555 30555 D StatusBar.NetworkController: updateDataIconForDisabledOption: showDataDisabledIcon = 0
03-24 16:17:20.197 30445 30936 D ConnectivityService: getMobileDataEnabled returning true
03-24 16:17:20.197 30555 30555 D StatusBar.NetworkController: refreshViews: SUMMARY:
